elif args.ablation == 6:
        cfg["munchausen_constant"] = 0.9
        cfg["soft"] = False
        cfg["Beta"] = 0.0
        cfg["distributional"] = False
        cfg["delayed"] = True
        cfg["dueling"] = False

Args: Namespace(algo='dqn', env_name='mujoco', env_id='mujoco', device='cpu', ablation=6, fully_obs=False, run=1000, num_envs=4, num_steps=2048, total_steps=1000000, total_steps_override=0, max_wall_time=86400.0, device_name='laptop', skip_best_params=False, dqn_buffer_size=20000.0, dqn_batch_size=64, update_every=4, rnd_burn_in=1000, buffer_size=20000.0, gamma=0.99, tau=3e-06, batch_size=128, learning_starts=10000, policy_lr=0.0003, q_lr=0.001, policy_frequency=4, target_network_frequency=1, alpha=0.001, autotune=True, n_quantiles=32, n_target_quantiles=32, hide_seek_bins_per_dim=3)
Torch does not support int32 gather, switching to 64
{'extrinsic': 0.0749540776014328, 'intrinsic': 0.0, 'rnd': 0.0, 'avg_r_int': 0.0, 'alpha': 0.01, 'alpha_loss': 0.0, 'batch_nonzero_r_frac': 1.0, 'target_mean': -0.3799052834510803, 'td_target_norm_mean': 6.67559814453125, 'Beta': 0.0, 'Q_ext_mean': 6.741371154785156, 'Q_int_mean': 0.0, 'last_eps': 0.49188, 'entropy': 0.0}
{'extrinsic': 0.0034015884157270193, 'intrinsic': 0.0, 'rnd': 0.0, 'avg_r_int': 0.0, 'alpha': 0.01, 'alpha_loss': 0.0, 'batch_nonzero_r_frac': 1.0, 'target_mean': 22.3214054107666, 'td_target_norm_mean': 0.8694218993186951, 'Beta': 0.0, 'Q_ext_mean': 0.8805198669433594, 'Q_int_mean': 0.0, 'last_eps': 0.48388, 'entropy': 0.0}
[DQN] Step 10000/1000000 (Episodes: 8) smooth r -401.10482707230767
{'extrinsic': 0.0028240717947483063, 'intrinsic': 0.0, 'rnd': 0.0, 'avg_r_int': 0.0, 'alpha': 0.01, 'alpha_loss': 0.0, 'batch_nonzero_r_frac': 1.0, 'target_mean': 21.145751953125, 'td_target_norm_mean': 0.40680092573165894, 'Beta': 0.0, 'Q_ext_mean': 0.37307846546173096, 'Q_int_mean': 0.0, 'last_eps': 0.47588, 'entropy': 0.0}
{'extrinsic': 0.0065045664086937904, 'intrinsic': 0.0, 'rnd': 0.0, 'avg_r_int': 0.0, 'alpha': 0.01, 'alpha_loss': 0.0, 'batch_nonzero_r_frac': 1.0, 'target_mean': 17.65793228149414, 'td_target_norm_mean': 0.1736106127500534, 'Beta': 0.0, 'Q_ext_mean': 0.08162257075309753, 'Q_int_mean': 0.0, 'last_eps': 0.46788, 'entropy': 0.0}
[DQN] Step 20000/1000000 (Episodes: 16) smooth r -369.5849973051194
{'extrinsic': 0.00807429850101471, 'intrinsic': 0.0, 'rnd': 0.0, 'avg_r_int': 0.0, 'alpha': 0.01, 'alpha_loss': 0.0, 'batch_nonzero_r_frac': 1.0, 'target_mean': 15.293797492980957, 'td_target_norm_mean': 0.24160093069076538, 'Beta': 0.0, 'Q_ext_mean': -0.11114634573459625, 'Q_int_mean': 0.0, 'last_eps': 0.45988, 'entropy': 0.0}
{'extrinsic': 0.028836091980338097, 'intrinsic': 0.0, 'rnd': 0.0, 'avg_r_int': 0.0, 'alpha': 0.01, 'alpha_loss': 0.0, 'batch_nonzero_r_frac': 1.0, 'target_mean': 14.254209518432617, 'td_target_norm_mean': 0.459833025932312, 'Beta': 0.0, 'Q_ext_mean': -0.1994999498128891, 'Q_int_mean': 0.0, 'last_eps': 0.45188, 'entropy': 0.0}
{'extrinsic': 0.10295815765857697, 'intrinsic': 0.0, 'rnd': 0.0, 'avg_r_int': 0.0, 'alpha': 0.01, 'alpha_loss': 0.0, 'batch_nonzero_r_frac': 1.0, 'target_mean': 13.530912399291992, 'td_target_norm_mean': 0.6662945747375488, 'Beta': 0.0, 'Q_ext_mean': -0.1686425358057022, 'Q_int_mean': 0.0, 'last_eps': 0.44388, 'entropy': 0.0}
[DQN] Step 30000/1000000 (Episodes: 28) smooth r -268.912477904979
{'extrinsic': 0.038986533880233765, 'intrinsic': 0.0, 'rnd': 0.0, 'avg_r_int': 0.0, 'alpha': 0.01, 'alpha_loss': 0.0, 'batch_nonzero_r_frac': 1.0, 'target_mean': 12.822057723999023, 'td_target_norm_mean': 0.6609489321708679, 'Beta': 0.0, 'Q_ext_mean': -0.24607525765895844, 'Q_int_mean': 0.0, 'last_eps': 0.43588, 'entropy': 0.0}
{'extrinsic': 0.08893216401338577, 'intrinsic': 0.0, 'rnd': 0.0, 'avg_r_int': 0.0, 'alpha': 0.01, 'alpha_loss': 0.0, 'batch_nonzero_r_frac': 1.0, 'target_mean': 15.45146656036377, 'td_target_norm_mean': 0.9184126257896423, 'Beta': 0.0, 'Q_ext_mean': 0.12722697854042053, 'Q_int_mean': 0.0, 'last_eps': 0.42788, 'entropy': 0.0}
[DQN] Step 40000/1000000 (Episodes: 36) smooth r -36.6845020940182
{'extrinsic': 0.02561856433749199, 'intrinsic': 0.0, 'rnd': 0.0, 'avg_r_int': 0.0, 'alpha': 0.01, 'alpha_loss': 0.0, 'batch_nonzero_r_frac': 1.0, 'target_mean': 20.202865600585938, 'td_target_norm_mean': 0.695366382598877, 'Beta': 0.0, 'Q_ext_mean': 0.26623058319091797, 'Q_int_mean': 0.0, 'last_eps': 0.41988000000000003, 'entropy': 0.0}
{'extrinsic': 0.014203495346009731, 'intrinsic': 0.0, 'rnd': 0.0, 'avg_r_int': 0.0, 'alpha': 0.01, 'alpha_loss': 0.0, 'batch_nonzero_r_frac': 1.0, 'target_mean': 27.694135665893555, 'td_target_norm_mean': 0.5433117151260376, 'Beta': 0.0, 'Q_ext_mean': 0.2381243109703064, 'Q_int_mean': 0.0, 'last_eps': 0.41188, 'entropy': 0.0}
{'extrinsic': 0.012328501790761948, 'intrinsic': 0.0, 'rnd': 0.0, 'avg_r_int': 0.0, 'alpha': 0.01, 'alpha_loss': 0.0, 'batch_nonzero_r_frac': 1.0, 'target_mean': 36.965736389160156, 'td_target_norm_mean': 0.7716967463493347, 'Beta': 0.0, 'Q_ext_mean': 0.37528663873672485, 'Q_int_mean': 0.0, 'last_eps': 0.40388, 'entropy': 0.0}
[DQN] Step 50000/1000000 (Episodes: 48) smooth r -26.857282934440043
{'extrinsic': 0.011881797574460506, 'intrinsic': 0.0, 'rnd': 0.0, 'avg_r_int': 0.0, 'alpha': 0.01, 'alpha_loss': 0.0, 'batch_nonzero_r_frac': 1.0, 'target_mean': 43.16836166381836, 'td_target_norm_mean': 0.8692748546600342, 'Beta': 0.0, 'Q_ext_mean': 0.363585889339447, 'Q_int_mean': 0.0, 'last_eps': 0.39588, 'entropy': 0.0}
{'extrinsic': 0.015072190202772617, 'intrinsic': 0.0, 'rnd': 0.0, 'avg_r_int': 0.0, 'alpha': 0.01, 'alpha_loss': 0.0, 'batch_nonzero_r_frac': 1.0, 'target_mean': 38.628501892089844, 'td_target_norm_mean': 0.7350513935089111, 'Beta': 0.0, 'Q_ext_mean': -0.11884631216526031, 'Q_int_mean': 0.0, 'last_eps': 0.38788, 'entropy': 0.0}
[DQN] Step 60000/1000000 (Episodes: 56) smooth r 47.32417619242625
{'extrinsic': 0.022955235093832016, 'intrinsic': 0.0, 'rnd': 0.0, 'avg_r_int': 0.0, 'alpha': 0.01, 'alpha_loss': 0.0, 'batch_nonzero_r_frac': 1.0, 'target_mean': 38.01567840576172, 'td_target_norm_mean': 0.6889994144439697, 'Beta': 0.0, 'Q_ext_mean': -0.2819180488586426, 'Q_int_mean': 0.0, 'last_eps': 0.37988, 'entropy': 0.0}
{'extrinsic': 0.0226755291223526, 'intrinsic': 0.0, 'rnd': 0.0, 'avg_r_int': 0.0, 'alpha': 0.01, 'alpha_loss': 0.0, 'batch_nonzero_r_frac': 1.0, 'target_mean': 41.29203796386719, 'td_target_norm_mean': 0.6972980499267578, 'Beta': 0.0, 'Q_ext_mean': -0.007241649087518454, 'Q_int_mean': 0.0, 'last_eps': 0.37188, 'entropy': 0.0}
{'extrinsic': 0.049936190247535706, 'intrinsic': 0.0, 'rnd': 0.0, 'avg_r_int': 0.0, 'alpha': 0.01, 'alpha_loss': 0.0, 'batch_nonzero_r_frac': 1.0, 'target_mean': 42.32113265991211, 'td_target_norm_mean': 0.7379260063171387, 'Beta': 0.0, 'Q_ext_mean': -0.11052145063877106, 'Q_int_mean': 0.0, 'last_eps': 0.36388, 'entropy': 0.0}
[DQN] Step 70000/1000000 (Episodes: 68) smooth r 120.25259196078868
{'extrinsic': 0.02245800942182541, 'intrinsic': 0.0, 'rnd': 0.0, 'avg_r_int': 0.0, 'alpha': 0.01, 'alpha_loss': 0.0, 'batch_nonzero_r_frac': 1.0, 'target_mean': 43.38408279418945, 'td_target_norm_mean': 0.643028199672699, 'Beta': 0.0, 'Q_ext_mean': -0.19719339907169342, 'Q_int_mean': 0.0, 'last_eps': 0.35588, 'entropy': 0.0}
{'extrinsic': 0.01574857346713543, 'intrinsic': 0.0, 'rnd': 0.0, 'avg_r_int': 0.0, 'alpha': 0.01, 'alpha_loss': 0.0, 'batch_nonzero_r_frac': 1.0, 'target_mean': 49.40779495239258, 'td_target_norm_mean': 0.915739893913269, 'Beta': 0.0, 'Q_ext_mean': 0.13837821781635284, 'Q_int_mean': 0.0, 'last_eps': 0.34787999999999997, 'entropy': 0.0}
[DQN] Step 80000/1000000 (Episodes: 76) smooth r 306.94766194833755
{'extrinsic': 0.020913150161504745, 'intrinsic': 0.0, 'rnd': 0.0, 'avg_r_int': 0.0, 'alpha': 0.01, 'alpha_loss': 0.0, 'batch_nonzero_r_frac': 1.0, 'target_mean': 51.50861740112305, 'td_target_norm_mean': 1.024306297302246, 'Beta': 0.0, 'Q_ext_mean': 0.12144940346479416, 'Q_int_mean': 0.0, 'last_eps': 0.33987999999999996, 'entropy': 0.0}
{'extrinsic': 0.026661161333322525, 'intrinsic': 0.0, 'rnd': 0.0, 'avg_r_int': 0.0, 'alpha': 0.01, 'alpha_loss': 0.0, 'batch_nonzero_r_frac': 1.0, 'target_mean': 56.76955032348633, 'td_target_norm_mean': 0.988846480846405, 'Beta': 0.0, 'Q_ext_mean': 0.07440824061632156, 'Q_int_mean': 0.0, 'last_eps': 0.33188, 'entropy': 0.0}
{'extrinsic': 0.011006690561771393, 'intrinsic': 0.0, 'rnd': 0.0, 'avg_r_int': 0.0, 'alpha': 0.01, 'alpha_loss': 0.0, 'batch_nonzero_r_frac': 1.0, 'target_mean': 59.24120330810547, 'td_target_norm_mean': 1.0702990293502808, 'Beta': 0.0, 'Q_ext_mean': 0.03427302464842796, 'Q_int_mean': 0.0, 'last_eps': 0.32388, 'entropy': 0.0}
[DQN] Step 90000/1000000 (Episodes: 88) smooth r 487.81409053588465
{'extrinsic': 0.01902111992239952, 'intrinsic': 0.0, 'rnd': 0.0, 'avg_r_int': 0.0, 'alpha': 0.01, 'alpha_loss': 0.0, 'batch_nonzero_r_frac': 1.0, 'target_mean': 68.94793701171875, 'td_target_norm_mean': 1.0509294271469116, 'Beta': 0.0, 'Q_ext_mean': 0.14296914637088776, 'Q_int_mean': 0.0, 'last_eps': 0.31588, 'entropy': 0.0}
{'extrinsic': 0.008279741741716862, 'intrinsic': 0.0, 'rnd': 0.0, 'avg_r_int': 0.0, 'alpha': 0.01, 'alpha_loss': 0.0, 'batch_nonzero_r_frac': 1.0, 'target_mean': 63.65814208984375, 'td_target_norm_mean': 0.854470431804657, 'Beta': 0.0, 'Q_ext_mean': -0.17130717635154724, 'Q_int_mean': 0.0, 'last_eps': 0.30788, 'entropy': 0.0}
[DQN] Step 100000/1000000 (Episodes: 96) smooth r 722.1138405237023
{'extrinsic': 0.005098192021250725, 'intrinsic': 0.0, 'rnd': 0.0, 'avg_r_int': 0.0, 'alpha': 0.01, 'alpha_loss': 0.0, 'batch_nonzero_r_frac': 1.0, 'target_mean': 71.4862289428711, 'td_target_norm_mean': 1.0309908390045166, 'Beta': 0.0, 'Q_ext_mean': -0.05179399996995926, 'Q_int_mean': 0.0, 'last_eps': 0.29988000000000004, 'entropy': 0.0}
{'extrinsic': 0.007734403014183044, 'intrinsic': 0.0, 'rnd': 0.0, 'avg_r_int': 0.0, 'alpha': 0.01, 'alpha_loss': 0.0, 'batch_nonzero_r_frac': 1.0, 'target_mean': 80.22213745117188, 'td_target_norm_mean': 1.1256028413772583, 'Beta': 0.0, 'Q_ext_mean': 0.037449803203344345, 'Q_int_mean': 0.0, 'last_eps': 0.29188000000000003, 'entropy': 0.0}
{'extrinsic': 0.008483354933559895, 'intrinsic': 0.0, 'rnd': 0.0, 'avg_r_int': 0.0, 'alpha': 0.01, 'alpha_loss': 0.0, 'batch_nonzero_r_frac': 1.0, 'target_mean': 87.87361145019531, 'td_target_norm_mean': 1.0746593475341797, 'Beta': 0.0, 'Q_ext_mean': 0.10995885729789734, 'Q_int_mean': 0.0, 'last_eps': 0.28388, 'entropy': 0.0}
[DQN] Step 110000/1000000 (Episodes: 108) smooth r 884.849131684427
{'extrinsic': 0.0065196603536605835, 'intrinsic': 0.0, 'rnd': 0.0, 'avg_r_int': 0.0, 'alpha': 0.01, 'alpha_loss': 0.0, 'batch_nonzero_r_frac': 1.0, 'target_mean': 95.162109375, 'td_target_norm_mean': 1.125339150428772, 'Beta': 0.0, 'Q_ext_mean': 0.1574849784374237, 'Q_int_mean': 0.0, 'last_eps': 0.27588, 'entropy': 0.0}
{'extrinsic': 0.008372236043214798, 'intrinsic': 0.0, 'rnd': 0.0, 'avg_r_int': 0.0, 'alpha': 0.01, 'alpha_loss': 0.0, 'batch_nonzero_r_frac': 1.0, 'target_mean': 93.40979766845703, 'td_target_norm_mean': 1.0075266361236572, 'Beta': 0.0, 'Q_ext_mean': -0.002083136700093746, 'Q_int_mean': 0.0, 'last_eps': 0.26788, 'entropy': 0.0}
[DQN] Step 120000/1000000 (Episodes: 116) smooth r 1010.6046213608154
{'extrinsic': 0.004291052930057049, 'intrinsic': 0.0, 'rnd': 0.0, 'avg_r_int': 0.0, 'alpha': 0.01, 'alpha_loss': 0.0, 'batch_nonzero_r_frac': 1.0, 'target_mean': 85.0142822265625, 'td_target_norm_mean': 1.034350872039795, 'Beta': 0.0, 'Q_ext_mean': -0.22506554424762726, 'Q_int_mean': 0.0, 'last_eps': 0.25988, 'entropy': 0.0}
{'extrinsic': 0.00681745819747448, 'intrinsic': 0.0, 'rnd': 0.0, 'avg_r_int': 0.0, 'alpha': 0.01, 'alpha_loss': 0.0, 'batch_nonzero_r_frac': 1.0, 'target_mean': 110.69255065917969, 'td_target_norm_mean': 1.0524213314056396, 'Beta': 0.0, 'Q_ext_mean': 0.15295659005641937, 'Q_int_mean': 0.0, 'last_eps': 0.25188, 'entropy': 0.0}
{'extrinsic': 0.006010633893311024, 'intrinsic': 0.0, 'rnd': 0.0, 'avg_r_int': 0.0, 'alpha': 0.01, 'alpha_loss': 0.0, 'batch_nonzero_r_frac': 1.0, 'target_mean': 88.20741271972656, 'td_target_norm_mean': 1.0280885696411133, 'Beta': 0.0, 'Q_ext_mean': -0.2832866907119751, 'Q_int_mean': 0.0, 'last_eps': 0.24387999999999999, 'entropy': 0.0}
[DQN] Step 130000/1000000 (Episodes: 128) smooth r 1230.1652741622763
{'extrinsic': 0.005766320042312145, 'intrinsic': 0.0, 'rnd': 0.0, 'avg_r_int': 0.0, 'alpha': 0.01, 'alpha_loss': 0.0, 'batch_nonzero_r_frac': 1.0, 'target_mean': 109.29476928710938, 'td_target_norm_mean': 1.0347402095794678, 'Beta': 0.0, 'Q_ext_mean': -0.011547542177140713, 'Q_int_mean': 0.0, 'last_eps': 0.23587999999999998, 'entropy': 0.0}
{'extrinsic': 0.004702930338680744, 'intrinsic': 0.0, 'rnd': 0.0, 'avg_r_int': 0.0, 'alpha': 0.01, 'alpha_loss': 0.0, 'batch_nonzero_r_frac': 1.0, 'target_mean': 121.37655639648438, 'td_target_norm_mean': 1.0549118518829346, 'Beta': 0.0, 'Q_ext_mean': 0.14217685163021088, 'Q_int_mean': 0.0, 'last_eps': 0.22788000000000003, 'entropy': 0.0}
[DQN] Step 140000/1000000 (Episodes: 136) smooth r 1199.4243349621463
{'extrinsic': 0.035132814198732376, 'intrinsic': 0.0, 'rnd': 0.0, 'avg_r_int': 0.0, 'alpha': 0.01, 'alpha_loss': 0.0, 'batch_nonzero_r_frac': 1.0, 'target_mean': 130.675048828125, 'td_target_norm_mean': 1.0111379623413086, 'Beta': 0.0, 'Q_ext_mean': 0.06802628189325333, 'Q_int_mean': 0.0, 'last_eps': 0.21988000000000002, 'entropy': 0.0}
{'extrinsic': 0.007140590809285641, 'intrinsic': 0.0, 'rnd': 0.0, 'avg_r_int': 0.0, 'alpha': 0.01, 'alpha_loss': 0.0, 'batch_nonzero_r_frac': 1.0, 'target_mean': 138.05081176757812, 'td_target_norm_mean': 0.9570531249046326, 'Beta': 0.0, 'Q_ext_mean': 0.04470081627368927, 'Q_int_mean': 0.0, 'last_eps': 0.21188, 'entropy': 0.0}
{'extrinsic': 0.0052808779291808605, 'intrinsic': 0.0, 'rnd': 0.0, 'avg_r_int': 0.0, 'alpha': 0.01, 'alpha_loss': 0.0, 'batch_nonzero_r_frac': 1.0, 'target_mean': 142.25685119628906, 'td_target_norm_mean': 0.9191834330558777, 'Beta': 0.0, 'Q_ext_mean': -0.06484779715538025, 'Q_int_mean': 0.0, 'last_eps': 0.20388, 'entropy': 0.0}
[DQN] Step 150000/1000000 (Episodes: 148) smooth r 1596.3260816122977
{'extrinsic': 0.006502297706902027, 'intrinsic': 0.0, 'rnd': 0.0, 'avg_r_int': 0.0, 'alpha': 0.01, 'alpha_loss': 0.0, 'batch_nonzero_r_frac': 1.0, 'target_mean': 154.53831481933594, 'td_target_norm_mean': 0.9291977882385254, 'Beta': 0.0, 'Q_ext_mean': -0.10193972289562225, 'Q_int_mean': 0.0, 'last_eps': 0.19588, 'entropy': 0.0}
{'extrinsic': 0.007003091275691986, 'intrinsic': 0.0, 'rnd': 0.0, 'avg_r_int': 0.0, 'alpha': 0.01, 'alpha_loss': 0.0, 'batch_nonzero_r_frac': 1.0, 'target_mean': 167.80442810058594, 'td_target_norm_mean': 0.9335308074951172, 'Beta': 0.0, 'Q_ext_mean': -0.13552837073802948, 'Q_int_mean': 0.0, 'last_eps': 0.18788, 'entropy': 0.0}
[DQN] Step 160000/1000000 (Episodes: 156) smooth r 1750.603187318848
{'extrinsic': 0.007691914681345224, 'intrinsic': 0.0, 'rnd': 0.0, 'avg_r_int': 0.0, 'alpha': 0.01, 'alpha_loss': 0.0, 'batch_nonzero_r_frac': 1.0, 'target_mean': 176.51699829101562, 'td_target_norm_mean': 0.8470948934555054, 'Beta': 0.0, 'Q_ext_mean': -0.15877169370651245, 'Q_int_mean': 0.0, 'last_eps': 0.17987999999999998, 'entropy': 0.0}
{'extrinsic': 0.005868702195584774, 'intrinsic': 0.0, 'rnd': 0.0, 'avg_r_int': 0.0, 'alpha': 0.01, 'alpha_loss': 0.0, 'batch_nonzero_r_frac': 1.0, 'target_mean': 205.17037963867188, 'td_target_norm_mean': 0.8440330624580383, 'Beta': 0.0, 'Q_ext_mean': 0.1517641842365265, 'Q_int_mean': 0.0, 'last_eps': 0.17187999999999998, 'entropy': 0.0}
{'extrinsic': 0.005009464453905821, 'intrinsic': 0.0, 'rnd': 0.0, 'avg_r_int': 0.0, 'alpha': 0.01, 'alpha_loss': 0.0, 'batch_nonzero_r_frac': 1.0, 'target_mean': 186.00120544433594, 'td_target_norm_mean': 0.9362080693244934, 'Beta': 0.0, 'Q_ext_mean': -0.13640359044075012, 'Q_int_mean': 0.0, 'last_eps': 0.16388000000000003, 'entropy': 0.0}
[DQN] Step 170000/1000000 (Episodes: 168) smooth r 1792.2596375506107
{'extrinsic': 0.006662123370915651, 'intrinsic': 0.0, 'rnd': 0.0, 'avg_r_int': 0.0, 'alpha': 0.01, 'alpha_loss': 0.0, 'batch_nonzero_r_frac': 1.0, 'target_mean': 193.43019104003906, 'td_target_norm_mean': 0.9022905230522156, 'Beta': 0.0, 'Q_ext_mean': -0.08389278501272202, 'Q_int_mean': 0.0, 'last_eps': 0.15588000000000002, 'entropy': 0.0}
{'extrinsic': 0.003130711615085602, 'intrinsic': 0.0, 'rnd': 0.0, 'avg_r_int': 0.0, 'alpha': 0.01, 'alpha_loss': 0.0, 'batch_nonzero_r_frac': 1.0, 'target_mean': 172.10427856445312, 'td_target_norm_mean': 1.0526971817016602, 'Beta': 0.0, 'Q_ext_mean': -0.32654353976249695, 'Q_int_mean': 0.0, 'last_eps': 0.14788, 'entropy': 0.0}
[DQN] Step 180000/1000000 (Episodes: 176) smooth r 1691.6009309391536
{'extrinsic': 0.005014680325984955, 'intrinsic': 0.0, 'rnd': 0.0, 'avg_r_int': 0.0, 'alpha': 0.01, 'alpha_loss': 0.0, 'batch_nonzero_r_frac': 1.0, 'target_mean': 143.57601928710938, 'td_target_norm_mean': 1.1384981870651245, 'Beta': 0.0, 'Q_ext_mean': -0.5106027126312256, 'Q_int_mean': 0.0, 'last_eps': 0.13988, 'entropy': 0.0}
{'extrinsic': 0.004252580925822258, 'intrinsic': 0.0, 'rnd': 0.0, 'avg_r_int': 0.0, 'alpha': 0.01, 'alpha_loss': 0.0, 'batch_nonzero_r_frac': 1.0, 'target_mean': 166.3577117919922, 'td_target_norm_mean': 0.9946273565292358, 'Beta': 0.0, 'Q_ext_mean': -0.18587258458137512, 'Q_int_mean': 0.0, 'last_eps': 0.13188, 'entropy': 0.0}
{'extrinsic': 0.007056490983814001, 'intrinsic': 0.0, 'rnd': 0.0, 'avg_r_int': 0.0, 'alpha': 0.01, 'alpha_loss': 0.0, 'batch_nonzero_r_frac': 1.0, 'target_mean': 158.3754119873047, 'td_target_norm_mean': 0.9669514894485474, 'Beta': 0.0, 'Q_ext_mean': -0.20002712309360504, 'Q_int_mean': 0.0, 'last_eps': 0.12387999999999999, 'entropy': 0.0}
[DQN] Step 190000/1000000 (Episodes: 188) smooth r 1437.1519517357722
{'extrinsic': 0.004197404254227877, 'intrinsic': 0.0, 'rnd': 0.0, 'avg_r_int': 0.0, 'alpha': 0.01, 'alpha_loss': 0.0, 'batch_nonzero_r_frac': 1.0, 'target_mean': 141.6199493408203, 'td_target_norm_mean': 1.0004371404647827, 'Beta': 0.0, 'Q_ext_mean': -0.2952984571456909, 'Q_int_mean': 0.0, 'last_eps': 0.11587999999999998, 'entropy': 0.0}
{'extrinsic': 0.004986784420907497, 'intrinsic': 0.0, 'rnd': 0.0, 'avg_r_int': 0.0, 'alpha': 0.01, 'alpha_loss': 0.0, 'batch_nonzero_r_frac': 1.0, 'target_mean': 159.9389190673828, 'td_target_norm_mean': 0.9925146102905273, 'Beta': 0.0, 'Q_ext_mean': -0.04429313540458679, 'Q_int_mean': 0.0, 'last_eps': 0.10787999999999998, 'entropy': 0.0}
[DQN] Step 200000/1000000 (Episodes: 196) smooth r 1217.696301300821
{'extrinsic': 0.0023757154121994972, 'intrinsic': 0.0, 'rnd': 0.0, 'avg_r_int': 0.0, 'alpha': 0.01, 'alpha_loss': 0.0, 'batch_nonzero_r_frac': 1.0, 'target_mean': 124.57859802246094, 'td_target_norm_mean': 0.9727746248245239, 'Beta': 0.0, 'Q_ext_mean': -0.2919407784938812, 'Q_int_mean': 0.0, 'last_eps': 0.09988000000000002, 'entropy': 0.0}
{'extrinsic': 0.005503692664206028, 'intrinsic': 0.0, 'rnd': 0.0, 'avg_r_int': 0.0, 'alpha': 0.01, 'alpha_loss': 0.0, 'batch_nonzero_r_frac': 1.0, 'target_mean': 148.91522216796875, 'td_target_norm_mean': 0.9797064661979675, 'Beta': 0.0, 'Q_ext_mean': 0.0062755411490798, 'Q_int_mean': 0.0, 'last_eps': 0.09188000000000002, 'entropy': 0.0}
{'extrinsic': 0.0034842584282159805, 'intrinsic': 0.0, 'rnd': 0.0, 'avg_r_int': 0.0, 'alpha': 0.01, 'alpha_loss': 0.0, 'batch_nonzero_r_frac': 1.0, 'target_mean': 164.85780334472656, 'td_target_norm_mean': 0.9870778322219849, 'Beta': 0.0, 'Q_ext_mean': 0.04024237394332886, 'Q_int_mean': 0.0, 'last_eps': 0.08388000000000001, 'entropy': 0.0}
[DQN] Step 210000/1000000 (Episodes: 208) smooth r 1211.7963981946202
{'extrinsic': 0.005036504007875919, 'intrinsic': 0.0, 'rnd': 0.0, 'avg_r_int': 0.0, 'alpha': 0.01, 'alpha_loss': 0.0, 'batch_nonzero_r_frac': 1.0, 'target_mean': 170.83262634277344, 'td_target_norm_mean': 0.994568943977356, 'Beta': 0.0, 'Q_ext_mean': 0.04029092565178871, 'Q_int_mean': 0.0, 'last_eps': 0.07588, 'entropy': 0.0}
{'extrinsic': 0.003991010598838329, 'intrinsic': 0.0, 'rnd': 0.0, 'avg_r_int': 0.0, 'alpha': 0.01, 'alpha_loss': 0.0, 'batch_nonzero_r_frac': 1.0, 'target_mean': 150.42703247070312, 'td_target_norm_mean': 0.9610700607299805, 'Beta': 0.0, 'Q_ext_mean': -0.19067245721817017, 'Q_int_mean': 0.0, 'last_eps': 0.06788, 'entropy': 0.0}
[DQN] Step 220000/1000000 (Episodes: 216) smooth r 1212.7869336279523
{'extrinsic': 0.003677127882838249, 'intrinsic': 0.0, 'rnd': 0.0, 'avg_r_int': 0.0, 'alpha': 0.01, 'alpha_loss': 0.0, 'batch_nonzero_r_frac': 1.0, 'target_mean': 186.77740478515625, 'td_target_norm_mean': 0.9975664019584656, 'Beta': 0.0, 'Q_ext_mean': 0.011638503521680832, 'Q_int_mean': 0.0, 'last_eps': 0.05987999999999999, 'entropy': 0.0}
{'extrinsic': 0.0028601770754903555, 'intrinsic': 0.0, 'rnd': 0.0, 'avg_r_int': 0.0, 'alpha': 0.01, 'alpha_loss': 0.0, 'batch_nonzero_r_frac': 1.0, 'target_mean': 187.52529907226562, 'td_target_norm_mean': 0.9931662678718567, 'Beta': 0.0, 'Q_ext_mean': -0.015687227249145508, 'Q_int_mean': 0.0, 'last_eps': 0.05187999999999998, 'entropy': 0.0}
{'extrinsic': 0.003141476772725582, 'intrinsic': 0.0, 'rnd': 0.0, 'avg_r_int': 0.0, 'alpha': 0.01, 'alpha_loss': 0.0, 'batch_nonzero_r_frac': 1.0, 'target_mean': 187.8411102294922, 'td_target_norm_mean': 0.9946829676628113, 'Beta': 0.0, 'Q_ext_mean': -0.03248719871044159, 'Q_int_mean': 0.0, 'last_eps': 0.05, 'entropy': 0.0}
[DQN] Step 230000/1000000 (Episodes: 228) smooth r 1101.3134007250837
{'extrinsic': 0.0068048471584916115, 'intrinsic': 0.0, 'rnd': 0.0, 'avg_r_int': 0.0, 'alpha': 0.01, 'alpha_loss': 0.0, 'batch_nonzero_r_frac': 1.0, 'target_mean': 214.2727508544922, 'td_target_norm_mean': 0.9831632375717163, 'Beta': 0.0, 'Q_ext_mean': 0.17093117535114288, 'Q_int_mean': 0.0, 'last_eps': 0.05, 'entropy': 0.0}
{'extrinsic': 0.0026187633629888296, 'intrinsic': 0.0, 'rnd': 0.0, 'avg_r_int': 0.0, 'alpha': 0.01, 'alpha_loss': 0.0, 'batch_nonzero_r_frac': 1.0, 'target_mean': 174.7865447998047, 'td_target_norm_mean': 1.0247858762741089, 'Beta': 0.0, 'Q_ext_mean': -0.20553845167160034, 'Q_int_mean': 0.0, 'last_eps': 0.05, 'entropy': 0.0}
[DQN] Step 240000/1000000 (Episodes: 236) smooth r 1220.3796164126525
{'extrinsic': 0.0038180151022970676, 'intrinsic': 0.0, 'rnd': 0.0, 'avg_r_int': 0.0, 'alpha': 0.01, 'alpha_loss': 0.0, 'batch_nonzero_r_frac': 1.0, 'target_mean': 159.67794799804688, 'td_target_norm_mean': 0.9894655346870422, 'Beta': 0.0, 'Q_ext_mean': -0.29338783025741577, 'Q_int_mean': 0.0, 'last_eps': 0.05, 'entropy': 0.0}
{'extrinsic': 0.008736416697502136, 'intrinsic': 0.0, 'rnd': 0.0, 'avg_r_int': 0.0, 'alpha': 0.01, 'alpha_loss': 0.0, 'batch_nonzero_r_frac': 1.0, 'target_mean': 129.57846069335938, 'td_target_norm_mean': 1.0025898218154907, 'Beta': 0.0, 'Q_ext_mean': -0.453913152217865, 'Q_int_mean': 0.0, 'last_eps': 0.05, 'entropy': 0.0}
{'extrinsic': 0.004018634557723999, 'intrinsic': 0.0, 'rnd': 0.0, 'avg_r_int': 0.0, 'alpha': 0.01, 'alpha_loss': 0.0, 'batch_nonzero_r_frac': 1.0, 'target_mean': 182.51158142089844, 'td_target_norm_mean': 1.0005176067352295, 'Beta': 0.0, 'Q_ext_mean': 0.09533710032701492, 'Q_int_mean': 0.0, 'last_eps': 0.05, 'entropy': 0.0}
[DQN] Step 250000/1000000 (Episodes: 248) smooth r 868.1711952372867
{'extrinsic': 0.0021698318887501955, 'intrinsic': 0.0, 'rnd': 0.0, 'avg_r_int': 0.0, 'alpha': 0.01, 'alpha_loss': 0.0, 'batch_nonzero_r_frac': 1.0, 'target_mean': 143.06443786621094, 'td_target_norm_mean': 0.9568989276885986, 'Beta': 0.0, 'Q_ext_mean': -0.2046813666820526, 'Q_int_mean': 0.0, 'last_eps': 0.05, 'entropy': 0.0}
{'extrinsic': 0.001865425263531506, 'intrinsic': 0.0, 'rnd': 0.0, 'avg_r_int': 0.0, 'alpha': 0.01, 'alpha_loss': 0.0, 'batch_nonzero_r_frac': 1.0, 'target_mean': 142.0362091064453, 'td_target_norm_mean': 0.9396212100982666, 'Beta': 0.0, 'Q_ext_mean': -0.1347510814666748, 'Q_int_mean': 0.0, 'last_eps': 0.05, 'entropy': 0.0}
[DQN] Step 260000/1000000 (Episodes: 256) smooth r 818.5650747261043
{'extrinsic': 0.04282981902360916, 'intrinsic': 0.0, 'rnd': 0.0, 'avg_r_int': 0.0, 'alpha': 0.01, 'alpha_loss': 0.0, 'batch_nonzero_r_frac': 1.0, 'target_mean': 145.7074737548828, 'td_target_norm_mean': 0.9523073434829712, 'Beta': 0.0, 'Q_ext_mean': -0.11366656422615051, 'Q_int_mean': 0.0, 'last_eps': 0.05, 'entropy': 0.0}
{'extrinsic': 0.004330389201641083, 'intrinsic': 0.0, 'rnd': 0.0, 'avg_r_int': 0.0, 'alpha': 0.01, 'alpha_loss': 0.0, 'batch_nonzero_r_frac': 1.0, 'target_mean': 173.98240661621094, 'td_target_norm_mean': 0.9577286243438721, 'Beta': 0.0, 'Q_ext_mean': 0.06574392318725586, 'Q_int_mean': 0.0, 'last_eps': 0.05, 'entropy': 0.0}
{'extrinsic': 0.004771206062287092, 'intrinsic': 0.0, 'rnd': 0.0, 'avg_r_int': 0.0, 'alpha': 0.01, 'alpha_loss': 0.0, 'batch_nonzero_r_frac': 1.0, 'target_mean': 187.02008056640625, 'td_target_norm_mean': 0.9787352681159973, 'Beta': 0.0, 'Q_ext_mean': 0.10793501883745193, 'Q_int_mean': 0.0, 'last_eps': 0.05, 'entropy': 0.0}
[DQN] Step 270000/1000000 (Episodes: 268) smooth r 829.8925270754847
{'extrinsic': 0.0027123955078423023, 'intrinsic': 0.0, 'rnd': 0.0, 'avg_r_int': 0.0, 'alpha': 0.01, 'alpha_loss': 0.0, 'batch_nonzero_r_frac': 1.0, 'target_mean': 154.2177734375, 'td_target_norm_mean': 0.9351571202278137, 'Beta': 0.0, 'Q_ext_mean': -0.12295421957969666, 'Q_int_mean': 0.0, 'last_eps': 0.05, 'entropy': 0.0}
{'extrinsic': 0.00495517672970891, 'intrinsic': 0.0, 'rnd': 0.0, 'avg_r_int': 0.0, 'alpha': 0.01, 'alpha_loss': 0.0, 'batch_nonzero_r_frac': 1.0, 'target_mean': 194.69851684570312, 'td_target_norm_mean': 0.9767503142356873, 'Beta': 0.0, 'Q_ext_mean': 0.19812661409378052, 'Q_int_mean': 0.0, 'last_eps': 0.05, 'entropy': 0.0}
[DQN] Step 280000/1000000 (Episodes: 276) smooth r 895.5473790662493
{'extrinsic': 0.004994719754904509, 'intrinsic': 0.0, 'rnd': 0.0, 'avg_r_int': 0.0, 'alpha': 0.01, 'alpha_loss': 0.0, 'batch_nonzero_r_frac': 1.0, 'target_mean': 183.85525512695312, 'td_target_norm_mean': 0.9730499386787415, 'Beta': 0.0, 'Q_ext_mean': 0.013897459954023361, 'Q_int_mean': 0.0, 'last_eps': 0.05, 'entropy': 0.0}
{'extrinsic': 0.07938680052757263, 'intrinsic': 0.0, 'rnd': 0.0, 'avg_r_int': 0.0, 'alpha': 0.01, 'alpha_loss': 0.0, 'batch_nonzero_r_frac': 1.0, 'target_mean': 244.50979614257812, 'td_target_norm_mean': 0.9168769717216492, 'Beta': 0.0, 'Q_ext_mean': 0.28280365467071533, 'Q_int_mean': 0.0, 'last_eps': 0.05, 'entropy': 0.0}
{'extrinsic': 0.004307433031499386, 'intrinsic': 0.0, 'rnd': 0.0, 'avg_r_int': 0.0, 'alpha': 0.01, 'alpha_loss': 0.0, 'batch_nonzero_r_frac': 1.0, 'target_mean': 204.10061645507812, 'td_target_norm_mean': 0.977092981338501, 'Beta': 0.0, 'Q_ext_mean': -0.14216527342796326, 'Q_int_mean': 0.0, 'last_eps': 0.05, 'entropy': 0.0}
[DQN] Step 290000/1000000 (Episodes: 288) smooth r 1356.0504740377453
{'extrinsic': 0.0034018687438219786, 'intrinsic': 0.0, 'rnd': 0.0, 'avg_r_int': 0.0, 'alpha': 0.01, 'alpha_loss': 0.0, 'batch_nonzero_r_frac': 1.0, 'target_mean': 224.9379425048828, 'td_target_norm_mean': 0.8644641041755676, 'Beta': 0.0, 'Q_ext_mean': -0.06295184046030045, 'Q_int_mean': 0.0, 'last_eps': 0.05, 'entropy': 0.0}
{'extrinsic': 0.0055005718022584915, 'intrinsic': 0.0, 'rnd': 0.0, 'avg_r_int': 0.0, 'alpha': 0.01, 'alpha_loss': 0.0, 'batch_nonzero_r_frac': 1.0, 'target_mean': 209.56495666503906, 'td_target_norm_mean': 0.9448723793029785, 'Beta': 0.0, 'Q_ext_mean': -0.1565733104944229, 'Q_int_mean': 0.0, 'last_eps': 0.05, 'entropy': 0.0}
[DQN] Step 300000/1000000 (Episodes: 296) smooth r 998.6339903756367
{'extrinsic': 0.002418331801891327, 'intrinsic': 0.0, 'rnd': 0.0, 'avg_r_int': 0.0, 'alpha': 0.01, 'alpha_loss': 0.0, 'batch_nonzero_r_frac': 1.0, 'target_mean': 183.9036865234375, 'td_target_norm_mean': 0.992059588432312, 'Beta': 0.0, 'Q_ext_mean': -0.22839286923408508, 'Q_int_mean': 0.0, 'last_eps': 0.05, 'entropy': 0.0}
{'extrinsic': 0.00363387749530375, 'intrinsic': 0.0, 'rnd': 0.0, 'avg_r_int': 0.0, 'alpha': 0.01, 'alpha_loss': 0.0, 'batch_nonzero_r_frac': 1.0, 'target_mean': 153.5712890625, 'td_target_norm_mean': 0.9755598902702332, 'Beta': 0.0, 'Q_ext_mean': -0.3127709627151489, 'Q_int_mean': 0.0, 'last_eps': 0.05, 'entropy': 0.0}
{'extrinsic': 0.0029817698523402214, 'intrinsic': 0.0, 'rnd': 0.0, 'avg_r_int': 0.0, 'alpha': 0.01, 'alpha_loss': 0.0, 'batch_nonzero_r_frac': 1.0, 'target_mean': 137.95303344726562, 'td_target_norm_mean': 0.9357602596282959, 'Beta': 0.0, 'Q_ext_mean': -0.22628338634967804, 'Q_int_mean': 0.0, 'last_eps': 0.05, 'entropy': 0.0}
[DQN] Step 310000/1000000 (Episodes: 308) smooth r 693.1628210180601
{'extrinsic': 0.0056232791393995285, 'intrinsic': 0.0, 'rnd': 0.0, 'avg_r_int': 0.0, 'alpha': 0.01, 'alpha_loss': 0.0, 'batch_nonzero_r_frac': 1.0, 'target_mean': 141.33978271484375, 'td_target_norm_mean': 0.8925075531005859, 'Beta': 0.0, 'Q_ext_mean': -0.09434434771537781, 'Q_int_mean': 0.0, 'last_eps': 0.05, 'entropy': 0.0}
{'extrinsic': 0.0032391678541898727, 'intrinsic': 0.0, 'rnd': 0.0, 'avg_r_int': 0.0, 'alpha': 0.01, 'alpha_loss': 0.0, 'batch_nonzero_r_frac': 1.0, 'target_mean': 143.57650756835938, 'td_target_norm_mean': 0.939809262752533, 'Beta': 0.0, 'Q_ext_mean': -0.07223498821258545, 'Q_int_mean': 0.0, 'last_eps': 0.05, 'entropy': 0.0}
[DQN] Step 320000/1000000 (Episodes: 316) smooth r 652.6752888463236
{'extrinsic': 0.0021743804682046175, 'intrinsic': 0.0, 'rnd': 0.0, 'avg_r_int': 0.0, 'alpha': 0.01, 'alpha_loss': 0.0, 'batch_nonzero_r_frac': 1.0, 'target_mean': 136.92678833007812, 'td_target_norm_mean': 0.9187547564506531, 'Beta': 0.0, 'Q_ext_mean': -0.10860638320446014, 'Q_int_mean': 0.0, 'last_eps': 0.05, 'entropy': 0.0}
{'extrinsic': 0.0025986088439822197, 'intrinsic': 0.0, 'rnd': 0.0, 'avg_r_int': 0.0, 'alpha': 0.01, 'alpha_loss': 0.0, 'batch_nonzero_r_frac': 1.0, 'target_mean': 136.4037628173828, 'td_target_norm_mean': 0.8948908448219299, 'Beta': 0.0, 'Q_ext_mean': -0.12058889865875244, 'Q_int_mean': 0.0, 'last_eps': 0.05, 'entropy': 0.0}
{'extrinsic': 0.006494553759694099, 'intrinsic': 0.0, 'rnd': 0.0, 'avg_r_int': 0.0, 'alpha': 0.01, 'alpha_loss': 0.0, 'batch_nonzero_r_frac': 1.0, 'target_mean': 153.86532592773438, 'td_target_norm_mean': 1.0142742395401, 'Beta': 0.0, 'Q_ext_mean': 0.015453224070370197, 'Q_int_mean': 0.0, 'last_eps': 0.05, 'entropy': 0.0}
[DQN] Step 330000/1000000 (Episodes: 328) smooth r 477.2783348874048
{'extrinsic': 0.0035878645721822977, 'intrinsic': 0.0, 'rnd': 0.0, 'avg_r_int': 0.0, 'alpha': 0.01, 'alpha_loss': 0.0, 'batch_nonzero_r_frac': 1.0, 'target_mean': 140.94187927246094, 'td_target_norm_mean': 0.9168763160705566, 'Beta': 0.0, 'Q_ext_mean': -0.03380756080150604, 'Q_int_mean': 0.0, 'last_eps': 0.05, 'entropy': 0.0}
{'extrinsic': 0.001988643780350685, 'intrinsic': 0.0, 'rnd': 0.0, 'avg_r_int': 0.0, 'alpha': 0.01, 'alpha_loss': 0.0, 'batch_nonzero_r_frac': 1.0, 'target_mean': 126.70365905761719, 'td_target_norm_mean': 0.9002423882484436, 'Beta': 0.0, 'Q_ext_mean': -0.07150927186012268, 'Q_int_mean': 0.0, 'last_eps': 0.05, 'entropy': 0.0}
[DQN] Step 340000/1000000 (Episodes: 336) smooth r 334.34487976229366
{'extrinsic': 0.0036678665783256292, 'intrinsic': 0.0, 'rnd': 0.0, 'avg_r_int': 0.0, 'alpha': 0.01, 'alpha_loss': 0.0, 'batch_nonzero_r_frac': 1.0, 'target_mean': 114.43559265136719, 'td_target_norm_mean': 0.8466628193855286, 'Beta': 0.0, 'Q_ext_mean': -0.11237607896327972, 'Q_int_mean': 0.0, 'last_eps': 0.05, 'entropy': 0.0}
{'extrinsic': 0.0032142670825123787, 'intrinsic': 0.0, 'rnd': 0.0, 'avg_r_int': 0.0, 'alpha': 0.01, 'alpha_loss': 0.0, 'batch_nonzero_r_frac': 1.0, 'target_mean': 103.76985168457031, 'td_target_norm_mean': 0.8190768361091614, 'Beta': 0.0, 'Q_ext_mean': -0.15748414397239685, 'Q_int_mean': 0.0, 'last_eps': 0.05, 'entropy': 0.0}
{'extrinsic': 0.004869299009442329, 'intrinsic': 0.0, 'rnd': 0.0, 'avg_r_int': 0.0, 'alpha': 0.01, 'alpha_loss': 0.0, 'batch_nonzero_r_frac': 1.0, 'target_mean': 116.89793395996094, 'td_target_norm_mean': 0.8684399724006653, 'Beta': 0.0, 'Q_ext_mean': 0.0008119613630697131, 'Q_int_mean': 0.0, 'last_eps': 0.05, 'entropy': 0.0}
[DQN] Step 350000/1000000 (Episodes: 348) smooth r 229.03964801481737
{'extrinsic': 0.006117051001638174, 'intrinsic': 0.0, 'rnd': 0.0, 'avg_r_int': 0.0, 'alpha': 0.01, 'alpha_loss': 0.0, 'batch_nonzero_r_frac': 1.0, 'target_mean': 130.28021240234375, 'td_target_norm_mean': 0.96151202917099, 'Beta': 0.0, 'Q_ext_mean': 0.0876096710562706, 'Q_int_mean': 0.0, 'last_eps': 0.05, 'entropy': 0.0}
{'extrinsic': 0.015559647232294083, 'intrinsic': 0.0, 'rnd': 0.0, 'avg_r_int': 0.0, 'alpha': 0.01, 'alpha_loss': 0.0, 'batch_nonzero_r_frac': 1.0, 'target_mean': 138.99380493164062, 'td_target_norm_mean': 0.9644591808319092, 'Beta': 0.0, 'Q_ext_mean': 0.10442519932985306, 'Q_int_mean': 0.0, 'last_eps': 0.05, 'entropy': 0.0}
[DQN] Step 360000/1000000 (Episodes: 356) smooth r 265.8341404362131
{'extrinsic': 0.0023670417722314596, 'intrinsic': 0.0, 'rnd': 0.0, 'avg_r_int': 0.0, 'alpha': 0.01, 'alpha_loss': 0.0, 'batch_nonzero_r_frac': 1.0, 'target_mean': 122.99778747558594, 'td_target_norm_mean': 0.9163599014282227, 'Beta': 0.0, 'Q_ext_mean': -0.1270669549703598, 'Q_int_mean': 0.0, 'last_eps': 0.05, 'entropy': 0.0}
{'extrinsic': 0.0033839475363492966, 'intrinsic': 0.0, 'rnd': 0.0, 'avg_r_int': 0.0, 'alpha': 0.01, 'alpha_loss': 0.0, 'batch_nonzero_r_frac': 1.0, 'target_mean': 170.79559326171875, 'td_target_norm_mean': 0.9860959053039551, 'Beta': 0.0, 'Q_ext_mean': 0.15684932470321655, 'Q_int_mean': 0.0, 'last_eps': 0.05, 'entropy': 0.0}
{'extrinsic': 0.00314914807677269, 'intrinsic': 0.0, 'rnd': 0.0, 'avg_r_int': 0.0, 'alpha': 0.01, 'alpha_loss': 0.0, 'batch_nonzero_r_frac': 1.0, 'target_mean': 182.38790893554688, 'td_target_norm_mean': 1.016610860824585, 'Beta': 0.0, 'Q_ext_mean': 0.14873148500919342, 'Q_int_mean': 0.0, 'last_eps': 0.05, 'entropy': 0.0}
[DQN] Step 370000/1000000 (Episodes: 368) smooth r 482.33472244794075
{'extrinsic': 0.0033580102026462555, 'intrinsic': 0.0, 'rnd': 0.0, 'avg_r_int': 0.0, 'alpha': 0.01, 'alpha_loss': 0.0, 'batch_nonzero_r_frac': 1.0, 'target_mean': 164.50662231445312, 'td_target_norm_mean': 0.9700257778167725, 'Beta': 0.0, 'Q_ext_mean': -0.026295939460396767, 'Q_int_mean': 0.0, 'last_eps': 0.05, 'entropy': 0.0}
{'extrinsic': 0.005434306338429451, 'intrinsic': 0.0, 'rnd': 0.0, 'avg_r_int': 0.0, 'alpha': 0.01, 'alpha_loss': 0.0, 'batch_nonzero_r_frac': 1.0, 'target_mean': 177.6151123046875, 'td_target_norm_mean': 0.9431729912757874, 'Beta': 0.0, 'Q_ext_mean': 0.012535499408841133, 'Q_int_mean': 0.0, 'last_eps': 0.05, 'entropy': 0.0}
[DQN] Step 380000/1000000 (Episodes: 376) smooth r 630.2545466229212
{'extrinsic': 0.004296241328120232, 'intrinsic': 0.0, 'rnd': 0.0, 'avg_r_int': 0.0, 'alpha': 0.01, 'alpha_loss': 0.0, 'batch_nonzero_r_frac': 1.0, 'target_mean': 160.8325958251953, 'td_target_norm_mean': 0.9928095936775208, 'Beta': 0.0, 'Q_ext_mean': -0.14634759724140167, 'Q_int_mean': 0.0, 'last_eps': 0.05, 'entropy': 0.0}
{'extrinsic': 0.043223701417446136, 'intrinsic': 0.0, 'rnd': 0.0, 'avg_r_int': 0.0, 'alpha': 0.01, 'alpha_loss': 0.0, 'batch_nonzero_r_frac': 1.0, 'target_mean': 165.84104919433594, 'td_target_norm_mean': 0.9336786270141602, 'Beta': 0.0, 'Q_ext_mean': -0.03226422145962715, 'Q_int_mean': 0.0, 'last_eps': 0.05, 'entropy': 0.0}
{'extrinsic': 0.004966955166310072, 'intrinsic': 0.0, 'rnd': 0.0, 'avg_r_int': 0.0, 'alpha': 0.01, 'alpha_loss': 0.0, 'batch_nonzero_r_frac': 1.0, 'target_mean': 157.63507080078125, 'td_target_norm_mean': 0.9591940641403198, 'Beta': 0.0, 'Q_ext_mean': -0.020284298807382584, 'Q_int_mean': 0.0, 'last_eps': 0.05, 'entropy': 0.0}
[DQN] Step 390000/1000000 (Episodes: 388) smooth r 510.3478252278368
{'extrinsic': 0.04665211960673332, 'intrinsic': 0.0, 'rnd': 0.0, 'avg_r_int': 0.0, 'alpha': 0.01, 'alpha_loss': 0.0, 'batch_nonzero_r_frac': 1.0, 'target_mean': 132.61434936523438, 'td_target_norm_mean': 0.9029150605201721, 'Beta': 0.0, 'Q_ext_mean': -0.17817433178424835, 'Q_int_mean': 0.0, 'last_eps': 0.05, 'entropy': 0.0}
{'extrinsic': 0.0023720781318843365, 'intrinsic': 0.0, 'rnd': 0.0, 'avg_r_int': 0.0, 'alpha': 0.01, 'alpha_loss': 0.0, 'batch_nonzero_r_frac': 1.0, 'target_mean': 146.84056091308594, 'td_target_norm_mean': 0.9775185585021973, 'Beta': 0.0, 'Q_ext_mean': -0.01534938346594572, 'Q_int_mean': 0.0, 'last_eps': 0.05, 'entropy': 0.0}
[DQN] Step 400000/1000000 (Episodes: 396) smooth r 629.7593877552638
{'extrinsic': 0.046380944550037384, 'intrinsic': 0.0, 'rnd': 0.0, 'avg_r_int': 0.0, 'alpha': 0.01, 'alpha_loss': 0.0, 'batch_nonzero_r_frac': 1.0, 'target_mean': 158.41697692871094, 'td_target_norm_mean': 0.9874181151390076, 'Beta': 0.0, 'Q_ext_mean': 0.05279909074306488, 'Q_int_mean': 0.0, 'last_eps': 0.05, 'entropy': 0.0}
{'extrinsic': 0.0026972531341016293, 'intrinsic': 0.0, 'rnd': 0.0, 'avg_r_int': 0.0, 'alpha': 0.01, 'alpha_loss': 0.0, 'batch_nonzero_r_frac': 1.0, 'target_mean': 152.86973571777344, 'td_target_norm_mean': 0.9875593185424805, 'Beta': 0.0, 'Q_ext_mean': 0.023349694907665253, 'Q_int_mean': 0.0, 'last_eps': 0.05, 'entropy': 0.0}
{'extrinsic': 0.003018981544300914, 'intrinsic': 0.0, 'rnd': 0.0, 'avg_r_int': 0.0, 'alpha': 0.01, 'alpha_loss': 0.0, 'batch_nonzero_r_frac': 1.0, 'target_mean': 113.18092346191406, 'td_target_norm_mean': 0.9076542258262634, 'Beta': 0.0, 'Q_ext_mean': -0.3269254267215729, 'Q_int_mean': 0.0, 'last_eps': 0.05, 'entropy': 0.0}
[DQN] Step 410000/1000000 (Episodes: 408) smooth r 478.5208554106867
{'extrinsic': 0.04373253881931305, 'intrinsic': 0.0, 'rnd': 0.0, 'avg_r_int': 0.0, 'alpha': 0.01, 'alpha_loss': 0.0, 'batch_nonzero_r_frac': 1.0, 'target_mean': 132.8523406982422, 'td_target_norm_mean': 0.9695817232131958, 'Beta': 0.0, 'Q_ext_mean': -0.10943995416164398, 'Q_int_mean': 0.0, 'last_eps': 0.05, 'entropy': 0.0}
{'extrinsic': 0.002835638355463743, 'intrinsic': 0.0, 'rnd': 0.0, 'avg_r_int': 0.0, 'alpha': 0.01, 'alpha_loss': 0.0, 'batch_nonzero_r_frac': 1.0, 'target_mean': 121.2447280883789, 'td_target_norm_mean': 0.8979268074035645, 'Beta': 0.0, 'Q_ext_mean': -0.12114442884922028, 'Q_int_mean': 0.0, 'last_eps': 0.05, 'entropy': 0.0}
[DQN] Step 420000/1000000 (Episodes: 416) smooth r 453.6702458022738
{'extrinsic': 0.013256055302917957, 'intrinsic': 0.0, 'rnd': 0.0, 'avg_r_int': 0.0, 'alpha': 0.01, 'alpha_loss': 0.0, 'batch_nonzero_r_frac': 1.0, 'target_mean': 133.4464874267578, 'td_target_norm_mean': 0.9499260783195496, 'Beta': 0.0, 'Q_ext_mean': 0.006004144437611103, 'Q_int_mean': 0.0, 'last_eps': 0.05, 'entropy': 0.0}
{'extrinsic': 0.044538870453834534, 'intrinsic': 0.0, 'rnd': 0.0, 'avg_r_int': 0.0, 'alpha': 0.01, 'alpha_loss': 0.0, 'batch_nonzero_r_frac': 1.0, 'target_mean': 122.55595397949219, 'td_target_norm_mean': 0.918269693851471, 'Beta': 0.0, 'Q_ext_mean': -0.14093457162380219, 'Q_int_mean': 0.0, 'last_eps': 0.05, 'entropy': 0.0}
{'extrinsic': 0.006778240669518709, 'intrinsic': 0.0, 'rnd': 0.0, 'avg_r_int': 0.0, 'alpha': 0.01, 'alpha_loss': 0.0, 'batch_nonzero_r_frac': 1.0, 'target_mean': 150.931396484375, 'td_target_norm_mean': 0.9798500537872314, 'Beta': 0.0, 'Q_ext_mean': 0.10443663597106934, 'Q_int_mean': 0.0, 'last_eps': 0.05, 'entropy': 0.0}
[DQN] Step 430000/1000000 (Episodes: 428) smooth r 492.4931137848856
{'extrinsic': 0.0033922663424164057, 'intrinsic': 0.0, 'rnd': 0.0, 'avg_r_int': 0.0, 'alpha': 0.01, 'alpha_loss': 0.0, 'batch_nonzero_r_frac': 1.0, 'target_mean': 186.14463806152344, 'td_target_norm_mean': 1.07662832736969, 'Beta': 0.0, 'Q_ext_mean': 0.2964848577976227, 'Q_int_mean': 0.0, 'last_eps': 0.05, 'entropy': 0.0}
{'extrinsic': 0.002546986099332571, 'intrinsic': 0.0, 'rnd': 0.0, 'avg_r_int': 0.0, 'alpha': 0.01, 'alpha_loss': 0.0, 'batch_nonzero_r_frac': 1.0, 'target_mean': 147.38951110839844, 'td_target_norm_mean': 0.9718300104141235, 'Beta': 0.0, 'Q_ext_mean': -0.03170133754611015, 'Q_int_mean': 0.0, 'last_eps': 0.05, 'entropy': 0.0}
[DQN] Step 440000/1000000 (Episodes: 436) smooth r 429.1559922471432
{'extrinsic': 0.0020659707952290773, 'intrinsic': 0.0, 'rnd': 0.0, 'avg_r_int': 0.0, 'alpha': 0.01, 'alpha_loss': 0.0, 'batch_nonzero_r_frac': 1.0, 'target_mean': 106.26190948486328, 'td_target_norm_mean': 0.8788127303123474, 'Beta': 0.0, 'Q_ext_mean': -0.27479374408721924, 'Q_int_mean': 0.0, 'last_eps': 0.05, 'entropy': 0.0}
{'extrinsic': 0.001968691125512123, 'intrinsic': 0.0, 'rnd': 0.0, 'avg_r_int': 0.0, 'alpha': 0.01, 'alpha_loss': 0.0, 'batch_nonzero_r_frac': 1.0, 'target_mean': 108.91541290283203, 'td_target_norm_mean': 0.8972188830375671, 'Beta': 0.0, 'Q_ext_mean': -0.12900038063526154, 'Q_int_mean': 0.0, 'last_eps': 0.05, 'entropy': 0.0}
{'extrinsic': 0.004427008796483278, 'intrinsic': 0.0, 'rnd': 0.0, 'avg_r_int': 0.0, 'alpha': 0.01, 'alpha_loss': 0.0, 'batch_nonzero_r_frac': 1.0, 'target_mean': 105.01277923583984, 'td_target_norm_mean': 0.8743151426315308, 'Beta': 0.0, 'Q_ext_mean': -0.09443220496177673, 'Q_int_mean': 0.0, 'last_eps': 0.05, 'entropy': 0.0}
[DQN] Step 450000/1000000 (Episodes: 448) smooth r 267.46928042495324
{'extrinsic': 0.06485331803560257, 'intrinsic': 0.0, 'rnd': 0.0, 'avg_r_int': 0.0, 'alpha': 0.01, 'alpha_loss': 0.0, 'batch_nonzero_r_frac': 1.0, 'target_mean': 87.48683166503906, 'td_target_norm_mean': 0.7670377492904663, 'Beta': 0.0, 'Q_ext_mean': -0.15876497328281403, 'Q_int_mean': 0.0, 'last_eps': 0.05, 'entropy': 0.0}
{'extrinsic': 0.003184228204190731, 'intrinsic': 0.0, 'rnd': 0.0, 'avg_r_int': 0.0, 'alpha': 0.01, 'alpha_loss': 0.0, 'batch_nonzero_r_frac': 1.0, 'target_mean': 91.95968627929688, 'td_target_norm_mean': 0.7967575788497925, 'Beta': 0.0, 'Q_ext_mean': -0.04353852570056915, 'Q_int_mean': 0.0, 'last_eps': 0.05, 'entropy': 0.0}
[DQN] Step 460000/1000000 (Episodes: 456) smooth r 288.3371564518995
{'extrinsic': 0.005308769643306732, 'intrinsic': 0.0, 'rnd': 0.0, 'avg_r_int': 0.0, 'alpha': 0.01, 'alpha_loss': 0.0, 'batch_nonzero_r_frac': 1.0, 'target_mean': 106.63098907470703, 'td_target_norm_mean': 0.8818321228027344, 'Beta': 0.0, 'Q_ext_mean': 0.01634434424340725, 'Q_int_mean': 0.0, 'last_eps': 0.05, 'entropy': 0.0}
{'extrinsic': 0.006124804727733135, 'intrinsic': 0.0, 'rnd': 0.0, 'avg_r_int': 0.0, 'alpha': 0.01, 'alpha_loss': 0.0, 'batch_nonzero_r_frac': 1.0, 'target_mean': 137.3194580078125, 'td_target_norm_mean': 0.975426971912384, 'Beta': 0.0, 'Q_ext_mean': 0.14338915050029755, 'Q_int_mean': 0.0, 'last_eps': 0.05, 'entropy': 0.0}
{'extrinsic': 0.0032252196688205004, 'intrinsic': 0.0, 'rnd': 0.0, 'avg_r_int': 0.0, 'alpha': 0.01, 'alpha_loss': 0.0, 'batch_nonzero_r_frac': 1.0, 'target_mean': 163.2211456298828, 'td_target_norm_mean': 1.003440499305725, 'Beta': 0.0, 'Q_ext_mean': 0.17443528771400452, 'Q_int_mean': 0.0, 'last_eps': 0.05, 'entropy': 0.0}
[DQN] Step 470000/1000000 (Episodes: 468) smooth r 627.7278356196193
{'extrinsic': 0.0040710740722715855, 'intrinsic': 0.0, 'rnd': 0.0, 'avg_r_int': 0.0, 'alpha': 0.01, 'alpha_loss': 0.0, 'batch_nonzero_r_frac': 1.0, 'target_mean': 209.91819763183594, 'td_target_norm_mean': 1.0202679634094238, 'Beta': 0.0, 'Q_ext_mean': 0.34701505303382874, 'Q_int_mean': 0.0, 'last_eps': 0.05, 'entropy': 0.0}
{'extrinsic': 0.00496303103864193, 'intrinsic': 0.0, 'rnd': 0.0, 'avg_r_int': 0.0, 'alpha': 0.01, 'alpha_loss': 0.0, 'batch_nonzero_r_frac': 1.0, 'target_mean': 233.2052764892578, 'td_target_norm_mean': 0.9267535209655762, 'Beta': 0.0, 'Q_ext_mean': 0.36298903822898865, 'Q_int_mean': 0.0, 'last_eps': 0.05, 'entropy': 0.0}
[DQN] Step 480000/1000000 (Episodes: 476) smooth r 885.8014233235973
{'extrinsic': 0.005127121694386005, 'intrinsic': 0.0, 'rnd': 0.0, 'avg_r_int': 0.0, 'alpha': 0.01, 'alpha_loss': 0.0, 'batch_nonzero_r_frac': 1.0, 'target_mean': 181.31289672851562, 'td_target_norm_mean': 0.9913938045501709, 'Beta': 0.0, 'Q_ext_mean': -0.144663468003273, 'Q_int_mean': 0.0, 'last_eps': 0.05, 'entropy': 0.0}
{'extrinsic': 0.04152185469865799, 'intrinsic': 0.0, 'rnd': 0.0, 'avg_r_int': 0.0, 'alpha': 0.01, 'alpha_loss': 0.0, 'batch_nonzero_r_frac': 1.0, 'target_mean': 150.28628540039062, 'td_target_norm_mean': 0.9758058190345764, 'Beta': 0.0, 'Q_ext_mean': -0.38221946358680725, 'Q_int_mean': 0.0, 'last_eps': 0.05, 'entropy': 0.0}
{'extrinsic': 0.0030380082316696644, 'intrinsic': 0.0, 'rnd': 0.0, 'avg_r_int': 0.0, 'alpha': 0.01, 'alpha_loss': 0.0, 'batch_nonzero_r_frac': 1.0, 'target_mean': 193.84840393066406, 'td_target_norm_mean': 1.005389928817749, 'Beta': 0.0, 'Q_ext_mean': 0.05611422285437584, 'Q_int_mean': 0.0, 'last_eps': 0.05, 'entropy': 0.0}
[DQN] Step 490000/1000000 (Episodes: 488) smooth r 929.6324882501649
{'extrinsic': 0.004054490942507982, 'intrinsic': 0.0, 'rnd': 0.0, 'avg_r_int': 0.0, 'alpha': 0.01, 'alpha_loss': 0.0, 'batch_nonzero_r_frac': 1.0, 'target_mean': 181.0749969482422, 'td_target_norm_mean': 0.9886347651481628, 'Beta': 0.0, 'Q_ext_mean': -0.09843827784061432, 'Q_int_mean': 0.0, 'last_eps': 0.05, 'entropy': 0.0}
{'extrinsic': 0.0026310738176107407, 'intrinsic': 0.0, 'rnd': 0.0, 'avg_r_int': 0.0, 'alpha': 0.01, 'alpha_loss': 0.0, 'batch_nonzero_r_frac': 1.0, 'target_mean': 182.76181030273438, 'td_target_norm_mean': 1.0047799348831177, 'Beta': 0.0, 'Q_ext_mean': -0.08914197981357574, 'Q_int_mean': 0.0, 'last_eps': 0.05, 'entropy': 0.0}
[DQN] Step 500000/1000000 (Episodes: 496) smooth r 1187.1680245309678
{'extrinsic': 0.002905498258769512, 'intrinsic': 0.0, 'rnd': 0.0, 'avg_r_int': 0.0, 'alpha': 0.01, 'alpha_loss': 0.0, 'batch_nonzero_r_frac': 1.0, 'target_mean': 208.28079223632812, 'td_target_norm_mean': 0.9432389736175537, 'Beta': 0.0, 'Q_ext_mean': 0.04327874630689621, 'Q_int_mean': 0.0, 'last_eps': 0.05, 'entropy': 0.0}
{'extrinsic': 0.007742127403616905, 'intrinsic': 0.0, 'rnd': 0.0, 'avg_r_int': 0.0, 'alpha': 0.01, 'alpha_loss': 0.0, 'batch_nonzero_r_frac': 1.0, 'target_mean': 229.7685089111328, 'td_target_norm_mean': 0.8936589956283569, 'Beta': 0.0, 'Q_ext_mean': 0.098960742354393, 'Q_int_mean': 0.0, 'last_eps': 0.05, 'entropy': 0.0}
{'extrinsic': 0.004037322476506233, 'intrinsic': 0.0, 'rnd': 0.0, 'avg_r_int': 0.0, 'alpha': 0.01, 'alpha_loss': 0.0, 'batch_nonzero_r_frac': 1.0, 'target_mean': 213.16488647460938, 'td_target_norm_mean': 0.9415847659111023, 'Beta': 0.0, 'Q_ext_mean': -0.09211931377649307, 'Q_int_mean': 0.0, 'last_eps': 0.05, 'entropy': 0.0}
[DQN] Step 510000/1000000 (Episodes: 508) smooth r 1180.2656965549793
{'extrinsic': 0.0032568497117608786, 'intrinsic': 0.0, 'rnd': 0.0, 'avg_r_int': 0.0, 'alpha': 0.01, 'alpha_loss': 0.0, 'batch_nonzero_r_frac': 1.0, 'target_mean': 205.3498077392578, 'td_target_norm_mean': 0.9731552004814148, 'Beta': 0.0, 'Q_ext_mean': -0.07204455882310867, 'Q_int_mean': 0.0, 'last_eps': 0.05, 'entropy': 0.0}
{'extrinsic': 0.005750668700784445, 'intrinsic': 0.0, 'rnd': 0.0, 'avg_r_int': 0.0, 'alpha': 0.01, 'alpha_loss': 0.0, 'batch_nonzero_r_frac': 1.0, 'target_mean': 218.0542755126953, 'td_target_norm_mean': 0.9392832517623901, 'Beta': 0.0, 'Q_ext_mean': 0.08794397860765457, 'Q_int_mean': 0.0, 'last_eps': 0.05, 'entropy': 0.0}
[DQN] Step 520000/1000000 (Episodes: 516) smooth r 1357.4297069156346
{'extrinsic': 0.0026168585754930973, 'intrinsic': 0.0, 'rnd': 0.0, 'avg_r_int': 0.0, 'alpha': 0.01, 'alpha_loss': 0.0, 'batch_nonzero_r_frac': 1.0, 'target_mean': 218.10150146484375, 'td_target_norm_mean': 0.9604519009590149, 'Beta': 0.0, 'Q_ext_mean': 0.0687011331319809, 'Q_int_mean': 0.0, 'last_eps': 0.05, 'entropy': 0.0}
{'extrinsic': 0.003638612572103739, 'intrinsic': 0.0, 'rnd': 0.0, 'avg_r_int': 0.0, 'alpha': 0.01, 'alpha_loss': 0.0, 'batch_nonzero_r_frac': 1.0, 'target_mean': 207.59970092773438, 'td_target_norm_mean': 0.9344620108604431, 'Beta': 0.0, 'Q_ext_mean': -0.07601281255483627, 'Q_int_mean': 0.0, 'last_eps': 0.05, 'entropy': 0.0}
{'extrinsic': 0.0037324160803109407, 'intrinsic': 0.0, 'rnd': 0.0, 'avg_r_int': 0.0, 'alpha': 0.01, 'alpha_loss': 0.0, 'batch_nonzero_r_frac': 1.0, 'target_mean': 220.36239624023438, 'td_target_norm_mean': 0.9789189100265503, 'Beta': 0.0, 'Q_ext_mean': -0.1021995022892952, 'Q_int_mean': 0.0, 'last_eps': 0.05, 'entropy': 0.0}
[DQN] Step 530000/1000000 (Episodes: 528) smooth r 1638.0397257121383
{'extrinsic': 0.0026875624898821115, 'intrinsic': 0.0, 'rnd': 0.0, 'avg_r_int': 0.0, 'alpha': 0.01, 'alpha_loss': 0.0, 'batch_nonzero_r_frac': 1.0, 'target_mean': 223.74188232421875, 'td_target_norm_mean': 0.9142741560935974, 'Beta': 0.0, 'Q_ext_mean': -0.11847260594367981, 'Q_int_mean': 0.0, 'last_eps': 0.05, 'entropy': 0.0}
{'extrinsic': 0.0024305637925863266, 'intrinsic': 0.0, 'rnd': 0.0, 'avg_r_int': 0.0, 'alpha': 0.01, 'alpha_loss': 0.0, 'batch_nonzero_r_frac': 1.0, 'target_mean': 246.68460083007812, 'td_target_norm_mean': 0.9181563854217529, 'Beta': 0.0, 'Q_ext_mean': 0.026585569605231285, 'Q_int_mean': 0.0, 'last_eps': 0.05, 'entropy': 0.0}
[DQN] Step 540000/1000000 (Episodes: 536) smooth r 1509.7917986520763
{'extrinsic': 0.0024356497451663017, 'intrinsic': 0.0, 'rnd': 0.0, 'avg_r_int': 0.0, 'alpha': 0.01, 'alpha_loss': 0.0, 'batch_nonzero_r_frac': 1.0, 'target_mean': 228.86785888671875, 'td_target_norm_mean': 0.9817674160003662, 'Beta': 0.0, 'Q_ext_mean': -0.10787595063447952, 'Q_int_mean': 0.0, 'last_eps': 0.05, 'entropy': 0.0}
{'extrinsic': 0.002460816875100136, 'intrinsic': 0.0, 'rnd': 0.0, 'avg_r_int': 0.0, 'alpha': 0.01, 'alpha_loss': 0.0, 'batch_nonzero_r_frac': 1.0, 'target_mean': 236.3705291748047, 'td_target_norm_mean': 0.8966313600540161, 'Beta': 0.0, 'Q_ext_mean': -0.08252734690904617, 'Q_int_mean': 0.0, 'last_eps': 0.05, 'entropy': 0.0}
{'extrinsic': 0.0028602604288607836, 'intrinsic': 0.0, 'rnd': 0.0, 'avg_r_int': 0.0, 'alpha': 0.01, 'alpha_loss': 0.0, 'batch_nonzero_r_frac': 1.0, 'target_mean': 265.88006591796875, 'td_target_norm_mean': 0.813605785369873, 'Beta': 0.0, 'Q_ext_mean': 0.08480902016162872, 'Q_int_mean': 0.0, 'last_eps': 0.05, 'entropy': 0.0}
[DQN] Step 550000/1000000 (Episodes: 548) smooth r 1889.0175998636498
{'extrinsic': 0.004697078373283148, 'intrinsic': 0.0, 'rnd': 0.0, 'avg_r_int': 0.0, 'alpha': 0.01, 'alpha_loss': 0.0, 'batch_nonzero_r_frac': 1.0, 'target_mean': 289.7046203613281, 'td_target_norm_mean': 0.833750307559967, 'Beta': 0.0, 'Q_ext_mean': 0.19395305216312408, 'Q_int_mean': 0.0, 'last_eps': 0.05, 'entropy': 0.0}
{'extrinsic': 0.004272555932402611, 'intrinsic': 0.0, 'rnd': 0.0, 'avg_r_int': 0.0, 'alpha': 0.01, 'alpha_loss': 0.0, 'batch_nonzero_r_frac': 1.0, 'target_mean': 273.3786315917969, 'td_target_norm_mean': 0.888382613658905, 'Beta': 0.0, 'Q_ext_mean': -0.016233814880251884, 'Q_int_mean': 0.0, 'last_eps': 0.05, 'entropy': 0.0}
[DQN] Step 560000/1000000 (Episodes: 556) smooth r 1943.2259670546293
{'extrinsic': 0.004063853062689304, 'intrinsic': 0.0, 'rnd': 0.0, 'avg_r_int': 0.0, 'alpha': 0.01, 'alpha_loss': 0.0, 'batch_nonzero_r_frac': 1.0, 'target_mean': 256.6525573730469, 'td_target_norm_mean': 0.8867029547691345, 'Beta': 0.0, 'Q_ext_mean': -0.16049091517925262, 'Q_int_mean': 0.0, 'last_eps': 0.05, 'entropy': 0.0}
{'extrinsic': 0.004827513825148344, 'intrinsic': 0.0, 'rnd': 0.0, 'avg_r_int': 0.0, 'alpha': 0.01, 'alpha_loss': 0.0, 'batch_nonzero_r_frac': 1.0, 'target_mean': 254.99221801757812, 'td_target_norm_mean': 0.8983900547027588, 'Beta': 0.0, 'Q_ext_mean': -0.14167340099811554, 'Q_int_mean': 0.0, 'last_eps': 0.05, 'entropy': 0.0}
{'extrinsic': 0.004100233782082796, 'intrinsic': 0.0, 'rnd': 0.0, 'avg_r_int': 0.0, 'alpha': 0.01, 'alpha_loss': 0.0, 'batch_nonzero_r_frac': 1.0, 'target_mean': 286.8546447753906, 'td_target_norm_mean': 0.738323986530304, 'Beta': 0.0, 'Q_ext_mean': 0.12202642858028412, 'Q_int_mean': 0.0, 'last_eps': 0.05, 'entropy': 0.0}
[DQN] Step 570000/1000000 (Episodes: 568) smooth r 1947.9820362333055
{'extrinsic': 0.0032221125438809395, 'intrinsic': 0.0, 'rnd': 0.0, 'avg_r_int': 0.0, 'alpha': 0.01, 'alpha_loss': 0.0, 'batch_nonzero_r_frac': 1.0, 'target_mean': 248.32803344726562, 'td_target_norm_mean': 0.9748063087463379, 'Beta': 0.0, 'Q_ext_mean': -0.09656812250614166, 'Q_int_mean': 0.0, 'last_eps': 0.05, 'entropy': 0.0}
{'extrinsic': 0.0028730935882776976, 'intrinsic': 0.0, 'rnd': 0.0, 'avg_r_int': 0.0, 'alpha': 0.01, 'alpha_loss': 0.0, 'batch_nonzero_r_frac': 1.0, 'target_mean': 218.937744140625, 'td_target_norm_mean': 0.9947471618652344, 'Beta': 0.0, 'Q_ext_mean': -0.21484427154064178, 'Q_int_mean': 0.0, 'last_eps': 0.05, 'entropy': 0.0}
[DQN] Step 580000/1000000 (Episodes: 576) smooth r 1628.9990441394232
{'extrinsic': 0.00239354744553566, 'intrinsic': 0.0, 'rnd': 0.0, 'avg_r_int': 0.0, 'alpha': 0.01, 'alpha_loss': 0.0, 'batch_nonzero_r_frac': 1.0, 'target_mean': 210.49661254882812, 'td_target_norm_mean': 0.9948165416717529, 'Beta': 0.0, 'Q_ext_mean': -0.1901412159204483, 'Q_int_mean': 0.0, 'last_eps': 0.05, 'entropy': 0.0}
{'extrinsic': 0.02067476511001587, 'intrinsic': 0.0, 'rnd': 0.0, 'avg_r_int': 0.0, 'alpha': 0.01, 'alpha_loss': 0.0, 'batch_nonzero_r_frac': 1.0, 'target_mean': 228.54586791992188, 'td_target_norm_mean': 0.9875426888465881, 'Beta': 0.0, 'Q_ext_mean': -0.03898763284087181, 'Q_int_mean': 0.0, 'last_eps': 0.05, 'entropy': 0.0}
{'extrinsic': 0.0018786806613206863, 'intrinsic': 0.0, 'rnd': 0.0, 'avg_r_int': 0.0, 'alpha': 0.01, 'alpha_loss': 0.0, 'batch_nonzero_r_frac': 1.0, 'target_mean': 211.00811767578125, 'td_target_norm_mean': 1.0059471130371094, 'Beta': 0.0, 'Q_ext_mean': -0.009392993524670601, 'Q_int_mean': 0.0, 'last_eps': 0.05, 'entropy': 0.0}
[DQN] Step 590000/1000000 (Episodes: 588) smooth r 1458.7807753056638
{'extrinsic': 0.0023679875303059816, 'intrinsic': 0.0, 'rnd': 0.0, 'avg_r_int': 0.0, 'alpha': 0.01, 'alpha_loss': 0.0, 'batch_nonzero_r_frac': 1.0, 'target_mean': 206.8006591796875, 'td_target_norm_mean': 0.9814937114715576, 'Beta': 0.0, 'Q_ext_mean': -0.007104684133082628, 'Q_int_mean': 0.0, 'last_eps': 0.05, 'entropy': 0.0}
{'extrinsic': 0.0031602643430233, 'intrinsic': 0.0, 'rnd': 0.0, 'avg_r_int': 0.0, 'alpha': 0.01, 'alpha_loss': 0.0, 'batch_nonzero_r_frac': 1.0, 'target_mean': 231.58596801757812, 'td_target_norm_mean': 0.9558290839195251, 'Beta': 0.0, 'Q_ext_mean': 0.13413257896900177, 'Q_int_mean': 0.0, 'last_eps': 0.05, 'entropy': 0.0}
[DQN] Step 600000/1000000 (Episodes: 596) smooth r 1433.3349277837638
{'extrinsic': 0.004664391744881868, 'intrinsic': 0.0, 'rnd': 0.0, 'avg_r_int': 0.0, 'alpha': 0.01, 'alpha_loss': 0.0, 'batch_nonzero_r_frac': 1.0, 'target_mean': 211.69334411621094, 'td_target_norm_mean': 0.949609637260437, 'Beta': 0.0, 'Q_ext_mean': -0.06371389329433441, 'Q_int_mean': 0.0, 'last_eps': 0.05, 'entropy': 0.0}
{'extrinsic': 0.0025150899309664965, 'intrinsic': 0.0, 'rnd': 0.0, 'avg_r_int': 0.0, 'alpha': 0.01, 'alpha_loss': 0.0, 'batch_nonzero_r_frac': 1.0, 'target_mean': 224.1307373046875, 'td_target_norm_mean': 0.9617058038711548, 'Beta': 0.0, 'Q_ext_mean': -0.012419577687978745, 'Q_int_mean': 0.0, 'last_eps': 0.05, 'entropy': 0.0}
{'extrinsic': 0.005220165476202965, 'intrinsic': 0.0, 'rnd': 0.0, 'avg_r_int': 0.0, 'alpha': 0.01, 'alpha_loss': 0.0, 'batch_nonzero_r_frac': 1.0, 'target_mean': 245.4616241455078, 'td_target_norm_mean': 0.9656364917755127, 'Beta': 0.0, 'Q_ext_mean': 0.11860235780477524, 'Q_int_mean': 0.0, 'last_eps': 0.05, 'entropy': 0.0}
[DQN] Step 610000/1000000 (Episodes: 608) smooth r 1437.9943583879196
{'extrinsic': 0.002235683146864176, 'intrinsic': 0.0, 'rnd': 0.0, 'avg_r_int': 0.0, 'alpha': 0.01, 'alpha_loss': 0.0, 'batch_nonzero_r_frac': 1.0, 'target_mean': 213.01785278320312, 'td_target_norm_mean': 1.013330101966858, 'Beta': 0.0, 'Q_ext_mean': -0.10133017599582672, 'Q_int_mean': 0.0, 'last_eps': 0.05, 'entropy': 0.0}
{'extrinsic': 0.0023001721128821373, 'intrinsic': 0.0, 'rnd': 0.0, 'avg_r_int': 0.0, 'alpha': 0.01, 'alpha_loss': 0.0, 'batch_nonzero_r_frac': 1.0, 'target_mean': 214.36924743652344, 'td_target_norm_mean': 1.0087462663650513, 'Beta': 0.0, 'Q_ext_mean': -0.056530993431806564, 'Q_int_mean': 0.0, 'last_eps': 0.05, 'entropy': 0.0}
[DQN] Step 620000/1000000 (Episodes: 616) smooth r 1401.3069902949348
{'extrinsic': 0.003422972746193409, 'intrinsic': 0.0, 'rnd': 0.0, 'avg_r_int': 0.0, 'alpha': 0.01, 'alpha_loss': 0.0, 'batch_nonzero_r_frac': 1.0, 'target_mean': 266.479248046875, 'td_target_norm_mean': 0.985132098197937, 'Beta': 0.0, 'Q_ext_mean': 0.29975542426109314, 'Q_int_mean': 0.0, 'last_eps': 0.05, 'entropy': 0.0}
{'extrinsic': 0.0029575121589004993, 'intrinsic': 0.0, 'rnd': 0.0, 'avg_r_int': 0.0, 'alpha': 0.01, 'alpha_loss': 0.0, 'batch_nonzero_r_frac': 1.0, 'target_mean': 248.74252319335938, 'td_target_norm_mean': 0.9711380004882812, 'Beta': 0.0, 'Q_ext_mean': 0.10424923896789551, 'Q_int_mean': 0.0, 'last_eps': 0.05, 'entropy': 0.0}
{'extrinsic': 0.0037741914857178926, 'intrinsic': 0.0, 'rnd': 0.0, 'avg_r_int': 0.0, 'alpha': 0.01, 'alpha_loss': 0.0, 'batch_nonzero_r_frac': 1.0, 'target_mean': 227.20237731933594, 'td_target_norm_mean': 1.0397557020187378, 'Beta': 0.0, 'Q_ext_mean': -0.1570388525724411, 'Q_int_mean': 0.0, 'last_eps': 0.05, 'entropy': 0.0}
[DQN] Step 630000/1000000 (Episodes: 628) smooth r 1494.080996518442
{'extrinsic': 0.003391980193555355, 'intrinsic': 0.0, 'rnd': 0.0, 'avg_r_int': 0.0, 'alpha': 0.01, 'alpha_loss': 0.0, 'batch_nonzero_r_frac': 1.0, 'target_mean': 247.32754516601562, 'td_target_norm_mean': 0.9931449890136719, 'Beta': 0.0, 'Q_ext_mean': -0.06541649252176285, 'Q_int_mean': 0.0, 'last_eps': 0.05, 'entropy': 0.0}
{'extrinsic': 0.0031893220730125904, 'intrinsic': 0.0, 'rnd': 0.0, 'avg_r_int': 0.0, 'alpha': 0.01, 'alpha_loss': 0.0, 'batch_nonzero_r_frac': 1.0, 'target_mean': 299.6290588378906, 'td_target_norm_mean': 0.7883323431015015, 'Beta': 0.0, 'Q_ext_mean': 0.17786654829978943, 'Q_int_mean': 0.0, 'last_eps': 0.05, 'entropy': 0.0}
[DQN] Step 640000/1000000 (Episodes: 636) smooth r 1820.4247187080932
{'extrinsic': 0.013081580400466919, 'intrinsic': 0.0, 'rnd': 0.0, 'avg_r_int': 0.0, 'alpha': 0.01, 'alpha_loss': 0.0, 'batch_nonzero_r_frac': 1.0, 'target_mean': 245.1448974609375, 'td_target_norm_mean': 0.9166885018348694, 'Beta': 0.0, 'Q_ext_mean': -0.2120242565870285, 'Q_int_mean': 0.0, 'last_eps': 0.05, 'entropy': 0.0}
{'extrinsic': 0.0032208776101469994, 'intrinsic': 0.0, 'rnd': 0.0, 'avg_r_int': 0.0, 'alpha': 0.01, 'alpha_loss': 0.0, 'batch_nonzero_r_frac': 1.0, 'target_mean': 245.3804931640625, 'td_target_norm_mean': 0.9663167595863342, 'Beta': 0.0, 'Q_ext_mean': -0.10954032093286514, 'Q_int_mean': 0.0, 'last_eps': 0.05, 'entropy': 0.0}
{'extrinsic': 0.0022926998790353537, 'intrinsic': 0.0, 'rnd': 0.0, 'avg_r_int': 0.0, 'alpha': 0.01, 'alpha_loss': 0.0, 'batch_nonzero_r_frac': 1.0, 'target_mean': 270.1869812011719, 'td_target_norm_mean': 1.002847671508789, 'Beta': 0.0, 'Q_ext_mean': 0.11526371538639069, 'Q_int_mean': 0.0, 'last_eps': 0.05, 'entropy': 0.0}
[DQN] Step 650000/1000000 (Episodes: 648) smooth r 1708.576469957506
{'extrinsic': 0.002530443947762251, 'intrinsic': 0.0, 'rnd': 0.0, 'avg_r_int': 0.0, 'alpha': 0.01, 'alpha_loss': 0.0, 'batch_nonzero_r_frac': 1.0, 'target_mean': 234.76539611816406, 'td_target_norm_mean': 0.9436805248260498, 'Beta': 0.0, 'Q_ext_mean': -0.19191676378250122, 'Q_int_mean': 0.0, 'last_eps': 0.05, 'entropy': 0.0}
{'extrinsic': 0.0030353572219610214, 'intrinsic': 0.0, 'rnd': 0.0, 'avg_r_int': 0.0, 'alpha': 0.01, 'alpha_loss': 0.0, 'batch_nonzero_r_frac': 1.0, 'target_mean': 237.92193603515625, 'td_target_norm_mean': 0.9571336507797241, 'Beta': 0.0, 'Q_ext_mean': -0.0921609029173851, 'Q_int_mean': 0.0, 'last_eps': 0.05, 'entropy': 0.0}
[DQN] Step 660000/1000000 (Episodes: 656) smooth r 1617.8967738237598
{'extrinsic': 0.037050697952508926, 'intrinsic': 0.0, 'rnd': 0.0, 'avg_r_int': 0.0, 'alpha': 0.01, 'alpha_loss': 0.0, 'batch_nonzero_r_frac': 1.0, 'target_mean': 236.99310302734375, 'td_target_norm_mean': 0.9503702521324158, 'Beta': 0.0, 'Q_ext_mean': -0.08159378170967102, 'Q_int_mean': 0.0, 'last_eps': 0.05, 'entropy': 0.0}
{'extrinsic': 0.004053787793964148, 'intrinsic': 0.0, 'rnd': 0.0, 'avg_r_int': 0.0, 'alpha': 0.01, 'alpha_loss': 0.0, 'batch_nonzero_r_frac': 1.0, 'target_mean': 234.68801879882812, 'td_target_norm_mean': 0.9398081302642822, 'Beta': 0.0, 'Q_ext_mean': -0.08789057284593582, 'Q_int_mean': 0.0, 'last_eps': 0.05, 'entropy': 0.0}
{'extrinsic': 0.03749266639351845, 'intrinsic': 0.0, 'rnd': 0.0, 'avg_r_int': 0.0, 'alpha': 0.01, 'alpha_loss': 0.0, 'batch_nonzero_r_frac': 1.0, 'target_mean': 235.84576416015625, 'td_target_norm_mean': 0.9746912121772766, 'Beta': 0.0, 'Q_ext_mean': -0.13863229751586914, 'Q_int_mean': 0.0, 'last_eps': 0.05, 'entropy': 0.0}
[DQN] Step 670000/1000000 (Episodes: 668) smooth r 1695.6788699922975
{'extrinsic': 0.004170510917901993, 'intrinsic': 0.0, 'rnd': 0.0, 'avg_r_int': 0.0, 'alpha': 0.01, 'alpha_loss': 0.0, 'batch_nonzero_r_frac': 1.0, 'target_mean': 229.5744171142578, 'td_target_norm_mean': 0.9734251499176025, 'Beta': 0.0, 'Q_ext_mean': -0.1238672062754631, 'Q_int_mean': 0.0, 'last_eps': 0.05, 'entropy': 0.0}
{'extrinsic': 0.004911357536911964, 'intrinsic': 0.0, 'rnd': 0.0, 'avg_r_int': 0.0, 'alpha': 0.01, 'alpha_loss': 0.0, 'batch_nonzero_r_frac': 1.0, 'target_mean': 264.3496398925781, 'td_target_norm_mean': 0.8654766082763672, 'Beta': 0.0, 'Q_ext_mean': 0.08922247588634491, 'Q_int_mean': 0.0, 'last_eps': 0.05, 'entropy': 0.0}
[DQN] Step 680000/1000000 (Episodes: 676) smooth r 1612.101858375249
{'extrinsic': 0.002841426758095622, 'intrinsic': 0.0, 'rnd': 0.0, 'avg_r_int': 0.0, 'alpha': 0.01, 'alpha_loss': 0.0, 'batch_nonzero_r_frac': 1.0, 'target_mean': 233.62460327148438, 'td_target_norm_mean': 0.9478240609169006, 'Beta': 0.0, 'Q_ext_mean': -0.11853011697530746, 'Q_int_mean': 0.0, 'last_eps': 0.05, 'entropy': 0.0}
{'extrinsic': 0.002183549804612994, 'intrinsic': 0.0, 'rnd': 0.0, 'avg_r_int': 0.0, 'alpha': 0.01, 'alpha_loss': 0.0, 'batch_nonzero_r_frac': 1.0, 'target_mean': 240.22474670410156, 'td_target_norm_mean': 1.00470769405365, 'Beta': 0.0, 'Q_ext_mean': -0.06123509630560875, 'Q_int_mean': 0.0, 'last_eps': 0.05, 'entropy': 0.0}
{'extrinsic': 0.003061830997467041, 'intrinsic': 0.0, 'rnd': 0.0, 'avg_r_int': 0.0, 'alpha': 0.01, 'alpha_loss': 0.0, 'batch_nonzero_r_frac': 1.0, 'target_mean': 208.60694885253906, 'td_target_norm_mean': 0.9517594575881958, 'Beta': 0.0, 'Q_ext_mean': -0.22781091928482056, 'Q_int_mean': 0.0, 'last_eps': 0.05, 'entropy': 0.0}
[DQN] Step 690000/1000000 (Episodes: 688) smooth r 1400.909559677373
{'extrinsic': 0.0021795372013002634, 'intrinsic': 0.0, 'rnd': 0.0, 'avg_r_int': 0.0, 'alpha': 0.01, 'alpha_loss': 0.0, 'batch_nonzero_r_frac': 1.0, 'target_mean': 231.70205688476562, 'td_target_norm_mean': 0.9526745676994324, 'Beta': 0.0, 'Q_ext_mean': 0.0017769928090274334, 'Q_int_mean': 0.0, 'last_eps': 0.05, 'entropy': 0.0}
{'extrinsic': 0.0033664535731077194, 'intrinsic': 0.0, 'rnd': 0.0, 'avg_r_int': 0.0, 'alpha': 0.01, 'alpha_loss': 0.0, 'batch_nonzero_r_frac': 1.0, 'target_mean': 197.96701049804688, 'td_target_norm_mean': 0.9990377426147461, 'Beta': 0.0, 'Q_ext_mean': -0.16715149581432343, 'Q_int_mean': 0.0, 'last_eps': 0.05, 'entropy': 0.0}
[DQN] Step 700000/1000000 (Episodes: 696) smooth r 1255.9919280609147
{'extrinsic': 0.037815626710653305, 'intrinsic': 0.0, 'rnd': 0.0, 'avg_r_int': 0.0, 'alpha': 0.01, 'alpha_loss': 0.0, 'batch_nonzero_r_frac': 1.0, 'target_mean': 220.21197509765625, 'td_target_norm_mean': 0.9010015726089478, 'Beta': 0.0, 'Q_ext_mean': -0.020836999639868736, 'Q_int_mean': 0.0, 'last_eps': 0.05, 'entropy': 0.0}
{'extrinsic': 0.0025298316031694412, 'intrinsic': 0.0, 'rnd': 0.0, 'avg_r_int': 0.0, 'alpha': 0.01, 'alpha_loss': 0.0, 'batch_nonzero_r_frac': 1.0, 'target_mean': 200.24365234375, 'td_target_norm_mean': 0.9695725440979004, 'Beta': 0.0, 'Q_ext_mean': -0.1611633002758026, 'Q_int_mean': 0.0, 'last_eps': 0.05, 'entropy': 0.0}
{'extrinsic': 0.0034490313846617937, 'intrinsic': 0.0, 'rnd': 0.0, 'avg_r_int': 0.0, 'alpha': 0.01, 'alpha_loss': 0.0, 'batch_nonzero_r_frac': 1.0, 'target_mean': 237.22421264648438, 'td_target_norm_mean': 1.0074799060821533, 'Beta': 0.0, 'Q_ext_mean': 0.09530286490917206, 'Q_int_mean': 0.0, 'last_eps': 0.05, 'entropy': 0.0}
[DQN] Step 710000/1000000 (Episodes: 708) smooth r 1216.956212401105
{'extrinsic': 0.0029828879050910473, 'intrinsic': 0.0, 'rnd': 0.0, 'avg_r_int': 0.0, 'alpha': 0.01, 'alpha_loss': 0.0, 'batch_nonzero_r_frac': 1.0, 'target_mean': 238.8658905029297, 'td_target_norm_mean': 0.9644165635108948, 'Beta': 0.0, 'Q_ext_mean': 0.0957392007112503, 'Q_int_mean': 0.0, 'last_eps': 0.05, 'entropy': 0.0}
{'extrinsic': 0.0032848594710230827, 'intrinsic': 0.0, 'rnd': 0.0, 'avg_r_int': 0.0, 'alpha': 0.01, 'alpha_loss': 0.0, 'batch_nonzero_r_frac': 1.0, 'target_mean': 221.33682250976562, 'td_target_norm_mean': 0.9813495874404907, 'Beta': 0.0, 'Q_ext_mean': -0.031325194984674454, 'Q_int_mean': 0.0, 'last_eps': 0.05, 'entropy': 0.0}
[DQN] Step 720000/1000000 (Episodes: 716) smooth r 1146.220741370968
{'extrinsic': 0.00451612239703536, 'intrinsic': 0.0, 'rnd': 0.0, 'avg_r_int': 0.0, 'alpha': 0.01, 'alpha_loss': 0.0, 'batch_nonzero_r_frac': 1.0, 'target_mean': 233.85089111328125, 'td_target_norm_mean': 0.9717652797698975, 'Beta': 0.0, 'Q_ext_mean': 0.0733095183968544, 'Q_int_mean': 0.0, 'last_eps': 0.05, 'entropy': 0.0}
{'extrinsic': 0.0027128937654197216, 'intrinsic': 0.0, 'rnd': 0.0, 'avg_r_int': 0.0, 'alpha': 0.01, 'alpha_loss': 0.0, 'batch_nonzero_r_frac': 1.0, 'target_mean': 187.99667358398438, 'td_target_norm_mean': 0.9959571361541748, 'Beta': 0.0, 'Q_ext_mean': -0.15708811581134796, 'Q_int_mean': 0.0, 'last_eps': 0.05, 'entropy': 0.0}
{'extrinsic': 0.002339271130040288, 'intrinsic': 0.0, 'rnd': 0.0, 'avg_r_int': 0.0, 'alpha': 0.01, 'alpha_loss': 0.0, 'batch_nonzero_r_frac': 1.0, 'target_mean': 219.34027099609375, 'td_target_norm_mean': 1.0033154487609863, 'Beta': 0.0, 'Q_ext_mean': 0.045644164085388184, 'Q_int_mean': 0.0, 'last_eps': 0.05, 'entropy': 0.0}
[DQN] Step 730000/1000000 (Episodes: 728) smooth r 1086.746925542412
{'extrinsic': 0.002610675524920225, 'intrinsic': 0.0, 'rnd': 0.0, 'avg_r_int': 0.0, 'alpha': 0.01, 'alpha_loss': 0.0, 'batch_nonzero_r_frac': 1.0, 'target_mean': 184.24241638183594, 'td_target_norm_mean': 1.0082154273986816, 'Beta': 0.0, 'Q_ext_mean': -0.16633932292461395, 'Q_int_mean': 0.0, 'last_eps': 0.05, 'entropy': 0.0}
{'extrinsic': 0.04045228660106659, 'intrinsic': 0.0, 'rnd': 0.0, 'avg_r_int': 0.0, 'alpha': 0.01, 'alpha_loss': 0.0, 'batch_nonzero_r_frac': 1.0, 'target_mean': 217.72999572753906, 'td_target_norm_mean': 0.9595056772232056, 'Beta': 0.0, 'Q_ext_mean': 0.09065728634595871, 'Q_int_mean': 0.0, 'last_eps': 0.05, 'entropy': 0.0}
[DQN] Step 740000/1000000 (Episodes: 736) smooth r 945.9905301907629
{'extrinsic': 0.0030581546016037464, 'intrinsic': 0.0, 'rnd': 0.0, 'avg_r_int': 0.0, 'alpha': 0.01, 'alpha_loss': 0.0, 'batch_nonzero_r_frac': 1.0, 'target_mean': 192.26576232910156, 'td_target_norm_mean': 0.9993593692779541, 'Beta': 0.0, 'Q_ext_mean': -0.025937693193554878, 'Q_int_mean': 0.0, 'last_eps': 0.05, 'entropy': 0.0}
{'extrinsic': 0.003794355085119605, 'intrinsic': 0.0, 'rnd': 0.0, 'avg_r_int': 0.0, 'alpha': 0.01, 'alpha_loss': 0.0, 'batch_nonzero_r_frac': 1.0, 'target_mean': 207.25729370117188, 'td_target_norm_mean': 1.0004687309265137, 'Beta': 0.0, 'Q_ext_mean': 0.10710786283016205, 'Q_int_mean': 0.0, 'last_eps': 0.05, 'entropy': 0.0}
{'extrinsic': 0.001680354354903102, 'intrinsic': 0.0, 'rnd': 0.0, 'avg_r_int': 0.0, 'alpha': 0.01, 'alpha_loss': 0.0, 'batch_nonzero_r_frac': 1.0, 'target_mean': 161.93362426757812, 'td_target_norm_mean': 0.9378928542137146, 'Beta': 0.0, 'Q_ext_mean': -0.19038298726081848, 'Q_int_mean': 0.0, 'last_eps': 0.05, 'entropy': 0.0}
[DQN] Step 750000/1000000 (Episodes: 748) smooth r 898.3556649345022
{'extrinsic': 0.005220432300120592, 'intrinsic': 0.0, 'rnd': 0.0, 'avg_r_int': 0.0, 'alpha': 0.01, 'alpha_loss': 0.0, 'batch_nonzero_r_frac': 1.0, 'target_mean': 204.92417907714844, 'td_target_norm_mean': 1.027406930923462, 'Beta': 0.0, 'Q_ext_mean': 0.12463603913784027, 'Q_int_mean': 0.0, 'last_eps': 0.05, 'entropy': 0.0}
{'extrinsic': 0.006435575429350138, 'intrinsic': 0.0, 'rnd': 0.0, 'avg_r_int': 0.0, 'alpha': 0.01, 'alpha_loss': 0.0, 'batch_nonzero_r_frac': 1.0, 'target_mean': 207.7203369140625, 'td_target_norm_mean': 1.0392597913742065, 'Beta': 0.0, 'Q_ext_mean': 0.06813360005617142, 'Q_int_mean': 0.0, 'last_eps': 0.05, 'entropy': 0.0}
[DQN] Step 760000/1000000 (Episodes: 756) smooth r 1029.5666508000627
{'extrinsic': 0.002020514104515314, 'intrinsic': 0.0, 'rnd': 0.0, 'avg_r_int': 0.0, 'alpha': 0.01, 'alpha_loss': 0.0, 'batch_nonzero_r_frac': 1.0, 'target_mean': 213.68211364746094, 'td_target_norm_mean': 1.0191996097564697, 'Beta': 0.0, 'Q_ext_mean': 0.08124025166034698, 'Q_int_mean': 0.0, 'last_eps': 0.05, 'entropy': 0.0}
{'extrinsic': 0.0029961885884404182, 'intrinsic': 0.0, 'rnd': 0.0, 'avg_r_int': 0.0, 'alpha': 0.01, 'alpha_loss': 0.0, 'batch_nonzero_r_frac': 1.0, 'target_mean': 204.0695037841797, 'td_target_norm_mean': 0.9545612931251526, 'Beta': 0.0, 'Q_ext_mean': -0.025377066805958748, 'Q_int_mean': 0.0, 'last_eps': 0.05, 'entropy': 0.0}
{'extrinsic': 0.00240523973479867, 'intrinsic': 0.0, 'rnd': 0.0, 'avg_r_int': 0.0, 'alpha': 0.01, 'alpha_loss': 0.0, 'batch_nonzero_r_frac': 1.0, 'target_mean': 216.5466766357422, 'td_target_norm_mean': 0.9867050647735596, 'Beta': 0.0, 'Q_ext_mean': 0.06780239194631577, 'Q_int_mean': 0.0, 'last_eps': 0.05, 'entropy': 0.0}
[DQN] Step 770000/1000000 (Episodes: 768) smooth r 1064.3231241685703
{'extrinsic': 0.03686271235346794, 'intrinsic': 0.0, 'rnd': 0.0, 'avg_r_int': 0.0, 'alpha': 0.01, 'alpha_loss': 0.0, 'batch_nonzero_r_frac': 1.0, 'target_mean': 204.0511932373047, 'td_target_norm_mean': 1.0120121240615845, 'Beta': 0.0, 'Q_ext_mean': -0.13076382875442505, 'Q_int_mean': 0.0, 'last_eps': 0.05, 'entropy': 0.0}
{'extrinsic': 0.008368333801627159, 'intrinsic': 0.0, 'rnd': 0.0, 'avg_r_int': 0.0, 'alpha': 0.01, 'alpha_loss': 0.0, 'batch_nonzero_r_frac': 1.0, 'target_mean': 235.10299682617188, 'td_target_norm_mean': 0.9356983304023743, 'Beta': 0.0, 'Q_ext_mean': 0.06992392987012863, 'Q_int_mean': 0.0, 'last_eps': 0.05, 'entropy': 0.0}
[DQN] Step 780000/1000000 (Episodes: 776) smooth r 1237.2306729064367
{'extrinsic': 0.004415033385157585, 'intrinsic': 0.0, 'rnd': 0.0, 'avg_r_int': 0.0, 'alpha': 0.01, 'alpha_loss': 0.0, 'batch_nonzero_r_frac': 1.0, 'target_mean': 264.4491882324219, 'td_target_norm_mean': 0.9607993960380554, 'Beta': 0.0, 'Q_ext_mean': 0.21113573014736176, 'Q_int_mean': 0.0, 'last_eps': 0.05, 'entropy': 0.0}
{'extrinsic': 0.0029709418304264545, 'intrinsic': 0.0, 'rnd': 0.0, 'avg_r_int': 0.0, 'alpha': 0.01, 'alpha_loss': 0.0, 'batch_nonzero_r_frac': 1.0, 'target_mean': 289.6590270996094, 'td_target_norm_mean': 0.8905649781227112, 'Beta': 0.0, 'Q_ext_mean': 0.23544210195541382, 'Q_int_mean': 0.0, 'last_eps': 0.05, 'entropy': 0.0}
{'extrinsic': 0.004367797635495663, 'intrinsic': 0.0, 'rnd': 0.0, 'avg_r_int': 0.0, 'alpha': 0.01, 'alpha_loss': 0.0, 'batch_nonzero_r_frac': 1.0, 'target_mean': 277.5027160644531, 'td_target_norm_mean': 0.8593670725822449, 'Beta': 0.0, 'Q_ext_mean': -0.002476879395544529, 'Q_int_mean': 0.0, 'last_eps': 0.05, 'entropy': 0.0}
[DQN] Step 790000/1000000 (Episodes: 788) smooth r 1622.8807436386696
{'extrinsic': 0.004860170651227236, 'intrinsic': 0.0, 'rnd': 0.0, 'avg_r_int': 0.0, 'alpha': 0.01, 'alpha_loss': 0.0, 'batch_nonzero_r_frac': 1.0, 'target_mean': 284.4727478027344, 'td_target_norm_mean': 0.8210079669952393, 'Beta': 0.0, 'Q_ext_mean': -0.007222112733870745, 'Q_int_mean': 0.0, 'last_eps': 0.05, 'entropy': 0.0}
{'extrinsic': 0.004683790262788534, 'intrinsic': 0.0, 'rnd': 0.0, 'avg_r_int': 0.0, 'alpha': 0.01, 'alpha_loss': 0.0, 'batch_nonzero_r_frac': 1.0, 'target_mean': 270.0296936035156, 'td_target_norm_mean': 0.8435256481170654, 'Beta': 0.0, 'Q_ext_mean': -0.1766844391822815, 'Q_int_mean': 0.0, 'last_eps': 0.05, 'entropy': 0.0}
[DQN] Step 800000/1000000 (Episodes: 796) smooth r 1695.1114235620075
{'extrinsic': 0.0029293016996234655, 'intrinsic': 0.0, 'rnd': 0.0, 'avg_r_int': 0.0, 'alpha': 0.01, 'alpha_loss': 0.0, 'batch_nonzero_r_frac': 1.0, 'target_mean': 283.5740051269531, 'td_target_norm_mean': 0.8336095213890076, 'Beta': 0.0, 'Q_ext_mean': -0.06411177664995193, 'Q_int_mean': 0.0, 'last_eps': 0.05, 'entropy': 0.0}
{'extrinsic': 0.0475001186132431, 'intrinsic': 0.0, 'rnd': 0.0, 'avg_r_int': 0.0, 'alpha': 0.01, 'alpha_loss': 0.0, 'batch_nonzero_r_frac': 1.0, 'target_mean': 279.2944030761719, 'td_target_norm_mean': 0.9275726675987244, 'Beta': 0.0, 'Q_ext_mean': -0.08412244915962219, 'Q_int_mean': 0.0, 'last_eps': 0.05, 'entropy': 0.0}
{'extrinsic': 0.003927602898329496, 'intrinsic': 0.0, 'rnd': 0.0, 'avg_r_int': 0.0, 'alpha': 0.01, 'alpha_loss': 0.0, 'batch_nonzero_r_frac': 1.0, 'target_mean': 251.91033935546875, 'td_target_norm_mean': 0.9550356268882751, 'Beta': 0.0, 'Q_ext_mean': -0.1676998734474182, 'Q_int_mean': 0.0, 'last_eps': 0.05, 'entropy': 0.0}
[DQN] Step 810000/1000000 (Episodes: 808) smooth r 1652.3980229835897
{'extrinsic': 0.0031948017422109842, 'intrinsic': 0.0, 'rnd': 0.0, 'avg_r_int': 0.0, 'alpha': 0.01, 'alpha_loss': 0.0, 'batch_nonzero_r_frac': 1.0, 'target_mean': 240.74679565429688, 'td_target_norm_mean': 1.0027697086334229, 'Beta': 0.0, 'Q_ext_mean': -0.1913803666830063, 'Q_int_mean': 0.0, 'last_eps': 0.05, 'entropy': 0.0}
{'extrinsic': 0.005397009663283825, 'intrinsic': 0.0, 'rnd': 0.0, 'avg_r_int': 0.0, 'alpha': 0.01, 'alpha_loss': 0.0, 'batch_nonzero_r_frac': 1.0, 'target_mean': 259.0155334472656, 'td_target_norm_mean': 0.9542275071144104, 'Beta': 0.0, 'Q_ext_mean': -0.0775478407740593, 'Q_int_mean': 0.0, 'last_eps': 0.05, 'entropy': 0.0}
[DQN] Step 820000/1000000 (Episodes: 816) smooth r 2079.70715672367
{'extrinsic': 0.002762846415862441, 'intrinsic': 0.0, 'rnd': 0.0, 'avg_r_int': 0.0, 'alpha': 0.01, 'alpha_loss': 0.0, 'batch_nonzero_r_frac': 1.0, 'target_mean': 270.781982421875, 'td_target_norm_mean': 0.9880094528198242, 'Beta': 0.0, 'Q_ext_mean': -0.07034251093864441, 'Q_int_mean': 0.0, 'last_eps': 0.05, 'entropy': 0.0}
{'extrinsic': 0.006081288680434227, 'intrinsic': 0.0, 'rnd': 0.0, 'avg_r_int': 0.0, 'alpha': 0.01, 'alpha_loss': 0.0, 'batch_nonzero_r_frac': 1.0, 'target_mean': 284.7828063964844, 'td_target_norm_mean': 0.8205437660217285, 'Beta': 0.0, 'Q_ext_mean': -0.037499818950891495, 'Q_int_mean': 0.0, 'last_eps': 0.05, 'entropy': 0.0}
{'extrinsic': 0.00389288691803813, 'intrinsic': 0.0, 'rnd': 0.0, 'avg_r_int': 0.0, 'alpha': 0.01, 'alpha_loss': 0.0, 'batch_nonzero_r_frac': 1.0, 'target_mean': 281.1263732910156, 'td_target_norm_mean': 0.8983242511749268, 'Beta': 0.0, 'Q_ext_mean': -0.08131436258554459, 'Q_int_mean': 0.0, 'last_eps': 0.05, 'entropy': 0.0}
[DQN] Step 830000/1000000 (Episodes: 828) smooth r 1875.1220102590066
{'extrinsic': 0.002926255576312542, 'intrinsic': 0.0, 'rnd': 0.0, 'avg_r_int': 0.0, 'alpha': 0.01, 'alpha_loss': 0.0, 'batch_nonzero_r_frac': 1.0, 'target_mean': 277.27972412109375, 'td_target_norm_mean': 0.9538949728012085, 'Beta': 0.0, 'Q_ext_mean': -0.09653036296367645, 'Q_int_mean': 0.0, 'last_eps': 0.05, 'entropy': 0.0}
{'extrinsic': 0.0026646656915545464, 'intrinsic': 0.0, 'rnd': 0.0, 'avg_r_int': 0.0, 'alpha': 0.01, 'alpha_loss': 0.0, 'batch_nonzero_r_frac': 1.0, 'target_mean': 245.31871032714844, 'td_target_norm_mean': 1.0041191577911377, 'Beta': 0.0, 'Q_ext_mean': -0.2024044692516327, 'Q_int_mean': 0.0, 'last_eps': 0.05, 'entropy': 0.0}
[DQN] Step 840000/1000000 (Episodes: 836) smooth r 1669.2501164027856
{'extrinsic': 0.0032534594647586346, 'intrinsic': 0.0, 'rnd': 0.0, 'avg_r_int': 0.0, 'alpha': 0.01, 'alpha_loss': 0.0, 'batch_nonzero_r_frac': 1.0, 'target_mean': 224.36480712890625, 'td_target_norm_mean': 1.0088149309158325, 'Beta': 0.0, 'Q_ext_mean': -0.1927773356437683, 'Q_int_mean': 0.0, 'last_eps': 0.05, 'entropy': 0.0}
{'extrinsic': 0.0036653298884630203, 'intrinsic': 0.0, 'rnd': 0.0, 'avg_r_int': 0.0, 'alpha': 0.01, 'alpha_loss': 0.0, 'batch_nonzero_r_frac': 1.0, 'target_mean': 230.39981079101562, 'td_target_norm_mean': 1.0098587274551392, 'Beta': 0.0, 'Q_ext_mean': -0.08966636657714844, 'Q_int_mean': 0.0, 'last_eps': 0.05, 'entropy': 0.0}
{'extrinsic': 0.003034348366782069, 'intrinsic': 0.0, 'rnd': 0.0, 'avg_r_int': 0.0, 'alpha': 0.01, 'alpha_loss': 0.0, 'batch_nonzero_r_frac': 1.0, 'target_mean': 244.6696014404297, 'td_target_norm_mean': 0.939222514629364, 'Beta': 0.0, 'Q_ext_mean': 0.03540383279323578, 'Q_int_mean': 0.0, 'last_eps': 0.05, 'entropy': 0.0}
[DQN] Step 850000/1000000 (Episodes: 848) smooth r 1706.3008630498014
{'extrinsic': 0.003151452634483576, 'intrinsic': 0.0, 'rnd': 0.0, 'avg_r_int': 0.0, 'alpha': 0.01, 'alpha_loss': 0.0, 'batch_nonzero_r_frac': 1.0, 'target_mean': 221.50880432128906, 'td_target_norm_mean': 0.993903398513794, 'Beta': 0.0, 'Q_ext_mean': -0.11286716908216476, 'Q_int_mean': 0.0, 'last_eps': 0.05, 'entropy': 0.0}
{'extrinsic': 0.0040901657193899155, 'intrinsic': 0.0, 'rnd': 0.0, 'avg_r_int': 0.0, 'alpha': 0.01, 'alpha_loss': 0.0, 'batch_nonzero_r_frac': 1.0, 'target_mean': 237.4663848876953, 'td_target_norm_mean': 0.9600488543510437, 'Beta': 0.0, 'Q_ext_mean': -0.0855652391910553, 'Q_int_mean': 0.0, 'last_eps': 0.05, 'entropy': 0.0}
[DQN] Step 860000/1000000 (Episodes: 856) smooth r 1904.315761871644
{'extrinsic': 0.003935371525585651, 'intrinsic': 0.0, 'rnd': 0.0, 'avg_r_int': 0.0, 'alpha': 0.01, 'alpha_loss': 0.0, 'batch_nonzero_r_frac': 1.0, 'target_mean': 291.0641784667969, 'td_target_norm_mean': 0.9307497143745422, 'Beta': 0.0, 'Q_ext_mean': 0.1721956580877304, 'Q_int_mean': 0.0, 'last_eps': 0.05, 'entropy': 0.0}
{'extrinsic': 0.0023200204595923424, 'intrinsic': 0.0, 'rnd': 0.0, 'avg_r_int': 0.0, 'alpha': 0.01, 'alpha_loss': 0.0, 'batch_nonzero_r_frac': 1.0, 'target_mean': 270.01171875, 'td_target_norm_mean': 0.8985493183135986, 'Beta': 0.0, 'Q_ext_mean': -0.043851591646671295, 'Q_int_mean': 0.0, 'last_eps': 0.05, 'entropy': 0.0}
{'extrinsic': 0.003365445649251342, 'intrinsic': 0.0, 'rnd': 0.0, 'avg_r_int': 0.0, 'alpha': 0.01, 'alpha_loss': 0.0, 'batch_nonzero_r_frac': 1.0, 'target_mean': 279.5198059082031, 'td_target_norm_mean': 0.9399130940437317, 'Beta': 0.0, 'Q_ext_mean': -0.00534682534635067, 'Q_int_mean': 0.0, 'last_eps': 0.05, 'entropy': 0.0}
[DQN] Step 870000/1000000 (Episodes: 868) smooth r 1914.0028610046804
{'extrinsic': 0.004167341161519289, 'intrinsic': 0.0, 'rnd': 0.0, 'avg_r_int': 0.0, 'alpha': 0.01, 'alpha_loss': 0.0, 'batch_nonzero_r_frac': 1.0, 'target_mean': 290.0279541015625, 'td_target_norm_mean': 0.8648015856742859, 'Beta': 0.0, 'Q_ext_mean': -0.005868079140782356, 'Q_int_mean': 0.0, 'last_eps': 0.05, 'entropy': 0.0}
{'extrinsic': 0.00663071358576417, 'intrinsic': 0.0, 'rnd': 0.0, 'avg_r_int': 0.0, 'alpha': 0.01, 'alpha_loss': 0.0, 'batch_nonzero_r_frac': 1.0, 'target_mean': 289.5243835449219, 'td_target_norm_mean': 0.8775786757469177, 'Beta': 0.0, 'Q_ext_mean': 0.02547229640185833, 'Q_int_mean': 0.0, 'last_eps': 0.05, 'entropy': 0.0}
[DQN] Step 880000/1000000 (Episodes: 876) smooth r 1876.5093979542294
{'extrinsic': 0.005235061515122652, 'intrinsic': 0.0, 'rnd': 0.0, 'avg_r_int': 0.0, 'alpha': 0.01, 'alpha_loss': 0.0, 'batch_nonzero_r_frac': 1.0, 'target_mean': 275.0426025390625, 'td_target_norm_mean': 0.9758784174919128, 'Beta': 0.0, 'Q_ext_mean': -0.010051353834569454, 'Q_int_mean': 0.0, 'last_eps': 0.05, 'entropy': 0.0}
{'extrinsic': 0.0030199787579476833, 'intrinsic': 0.0, 'rnd': 0.0, 'avg_r_int': 0.0, 'alpha': 0.01, 'alpha_loss': 0.0, 'batch_nonzero_r_frac': 1.0, 'target_mean': 317.84283447265625, 'td_target_norm_mean': 0.8199192881584167, 'Beta': 0.0, 'Q_ext_mean': 0.239368736743927, 'Q_int_mean': 0.0, 'last_eps': 0.05, 'entropy': 0.0}
{'extrinsic': 0.00226874859072268, 'intrinsic': 0.0, 'rnd': 0.0, 'avg_r_int': 0.0, 'alpha': 0.01, 'alpha_loss': 0.0, 'batch_nonzero_r_frac': 1.0, 'target_mean': 292.81719970703125, 'td_target_norm_mean': 0.8372246623039246, 'Beta': 0.0, 'Q_ext_mean': 0.03101286292076111, 'Q_int_mean': 0.0, 'last_eps': 0.05, 'entropy': 0.0}
[DQN] Step 890000/1000000 (Episodes: 888) smooth r 1854.6792162129998
{'extrinsic': 0.005568135529756546, 'intrinsic': 0.0, 'rnd': 0.0, 'avg_r_int': 0.0, 'alpha': 0.01, 'alpha_loss': 0.0, 'batch_nonzero_r_frac': 1.0, 'target_mean': 250.11630249023438, 'td_target_norm_mean': 0.9415442943572998, 'Beta': 0.0, 'Q_ext_mean': -0.19757415354251862, 'Q_int_mean': 0.0, 'last_eps': 0.05, 'entropy': 0.0}
{'extrinsic': 0.004781933501362801, 'intrinsic': 0.0, 'rnd': 0.0, 'avg_r_int': 0.0, 'alpha': 0.01, 'alpha_loss': 0.0, 'batch_nonzero_r_frac': 1.0, 'target_mean': 251.3970184326172, 'td_target_norm_mean': 0.8999097943305969, 'Beta': 0.0, 'Q_ext_mean': -0.13490071892738342, 'Q_int_mean': 0.0, 'last_eps': 0.05, 'entropy': 0.0}
[DQN] Step 900000/1000000 (Episodes: 896) smooth r 1797.5802975636213
{'extrinsic': 0.00228152796626091, 'intrinsic': 0.0, 'rnd': 0.0, 'avg_r_int': 0.0, 'alpha': 0.01, 'alpha_loss': 0.0, 'batch_nonzero_r_frac': 1.0, 'target_mean': 235.0630645751953, 'td_target_norm_mean': 1.0057545900344849, 'Beta': 0.0, 'Q_ext_mean': -0.29580163955688477, 'Q_int_mean': 0.0, 'last_eps': 0.05, 'entropy': 0.0}
{'extrinsic': 0.04137805476784706, 'intrinsic': 0.0, 'rnd': 0.0, 'avg_r_int': 0.0, 'alpha': 0.01, 'alpha_loss': 0.0, 'batch_nonzero_r_frac': 1.0, 'target_mean': 258.092529296875, 'td_target_norm_mean': 0.9053854942321777, 'Beta': 0.0, 'Q_ext_mean': -0.1633100062608719, 'Q_int_mean': 0.0, 'last_eps': 0.05, 'entropy': 0.0}
{'extrinsic': 0.0033334572799503803, 'intrinsic': 0.0, 'rnd': 0.0, 'avg_r_int': 0.0, 'alpha': 0.01, 'alpha_loss': 0.0, 'batch_nonzero_r_frac': 1.0, 'target_mean': 248.5798797607422, 'td_target_norm_mean': 0.9859523773193359, 'Beta': 0.0, 'Q_ext_mean': -0.15034635365009308, 'Q_int_mean': 0.0, 'last_eps': 0.05, 'entropy': 0.0}
[DQN] Step 910000/1000000 (Episodes: 908) smooth r 1586.0422086689578
{'extrinsic': 0.003822138300165534, 'intrinsic': 0.0, 'rnd': 0.0, 'avg_r_int': 0.0, 'alpha': 0.01, 'alpha_loss': 0.0, 'batch_nonzero_r_frac': 1.0, 'target_mean': 281.52032470703125, 'td_target_norm_mean': 0.882210910320282, 'Beta': 0.0, 'Q_ext_mean': 0.13750487565994263, 'Q_int_mean': 0.0, 'last_eps': 0.05, 'entropy': 0.0}
{'extrinsic': 0.003723065136000514, 'intrinsic': 0.0, 'rnd': 0.0, 'avg_r_int': 0.0, 'alpha': 0.01, 'alpha_loss': 0.0, 'batch_nonzero_r_frac': 1.0, 'target_mean': 269.15826416015625, 'td_target_norm_mean': 0.855111300945282, 'Beta': 0.0, 'Q_ext_mean': 0.060675714164972305, 'Q_int_mean': 0.0, 'last_eps': 0.05, 'entropy': 0.0}
[DQN] Step 920000/1000000 (Episodes: 916) smooth r 1536.8258671041738
{'extrinsic': 0.003458593972027302, 'intrinsic': 0.0, 'rnd': 0.0, 'avg_r_int': 0.0, 'alpha': 0.01, 'alpha_loss': 0.0, 'batch_nonzero_r_frac': 1.0, 'target_mean': 247.52760314941406, 'td_target_norm_mean': 0.9663723111152649, 'Beta': 0.0, 'Q_ext_mean': -0.028204385191202164, 'Q_int_mean': 0.0, 'last_eps': 0.05, 'entropy': 0.0}
{'extrinsic': 0.005021222867071629, 'intrinsic': 0.0, 'rnd': 0.0, 'avg_r_int': 0.0, 'alpha': 0.01, 'alpha_loss': 0.0, 'batch_nonzero_r_frac': 1.0, 'target_mean': 239.21807861328125, 'td_target_norm_mean': 0.9233145713806152, 'Beta': 0.0, 'Q_ext_mean': -0.0011770325945690274, 'Q_int_mean': 0.0, 'last_eps': 0.05, 'entropy': 0.0}
{'extrinsic': 0.003067710902541876, 'intrinsic': 0.0, 'rnd': 0.0, 'avg_r_int': 0.0, 'alpha': 0.01, 'alpha_loss': 0.0, 'batch_nonzero_r_frac': 1.0, 'target_mean': 239.67955017089844, 'td_target_norm_mean': 0.9827797412872314, 'Beta': 0.0, 'Q_ext_mean': 0.007263575214892626, 'Q_int_mean': 0.0, 'last_eps': 0.05, 'entropy': 0.0}
[DQN] Step 930000/1000000 (Episodes: 928) smooth r 1475.6503007906472
{'extrinsic': 0.002688201842829585, 'intrinsic': 0.0, 'rnd': 0.0, 'avg_r_int': 0.0, 'alpha': 0.01, 'alpha_loss': 0.0, 'batch_nonzero_r_frac': 1.0, 'target_mean': 221.78097534179688, 'td_target_norm_mean': 0.9659045934677124, 'Beta': 0.0, 'Q_ext_mean': -0.1066623404622078, 'Q_int_mean': 0.0, 'last_eps': 0.05, 'entropy': 0.0}
{'extrinsic': 0.0028579779900610447, 'intrinsic': 0.0, 'rnd': 0.0, 'avg_r_int': 0.0, 'alpha': 0.01, 'alpha_loss': 0.0, 'batch_nonzero_r_frac': 1.0, 'target_mean': 239.49493408203125, 'td_target_norm_mean': 1.00450599193573, 'Beta': 0.0, 'Q_ext_mean': 0.03757071867585182, 'Q_int_mean': 0.0, 'last_eps': 0.05, 'entropy': 0.0}
[DQN] Step 940000/1000000 (Episodes: 936) smooth r 1487.841118618882
{'extrinsic': 0.0034040207974612713, 'intrinsic': 0.0, 'rnd': 0.0, 'avg_r_int': 0.0, 'alpha': 0.01, 'alpha_loss': 0.0, 'batch_nonzero_r_frac': 1.0, 'target_mean': 245.80441284179688, 'td_target_norm_mean': 0.9684157371520996, 'Beta': 0.0, 'Q_ext_mean': 0.04748798534274101, 'Q_int_mean': 0.0, 'last_eps': 0.05, 'entropy': 0.0}
{'extrinsic': 0.0024475681129842997, 'intrinsic': 0.0, 'rnd': 0.0, 'avg_r_int': 0.0, 'alpha': 0.01, 'alpha_loss': 0.0, 'batch_nonzero_r_frac': 1.0, 'target_mean': 217.39805603027344, 'td_target_norm_mean': 0.9674468040466309, 'Beta': 0.0, 'Q_ext_mean': -0.11857534945011139, 'Q_int_mean': 0.0, 'last_eps': 0.05, 'entropy': 0.0}
{'extrinsic': 0.0033368836157023907, 'intrinsic': 0.0, 'rnd': 0.0, 'avg_r_int': 0.0, 'alpha': 0.01, 'alpha_loss': 0.0, 'batch_nonzero_r_frac': 1.0, 'target_mean': 216.6674041748047, 'td_target_norm_mean': 1.0205636024475098, 'Beta': 0.0, 'Q_ext_mean': -0.09027645736932755, 'Q_int_mean': 0.0, 'last_eps': 0.05, 'entropy': 0.0}
[DQN] Step 950000/1000000 (Episodes: 948) smooth r 1463.8833372850545
{'extrinsic': 0.00332536525093019, 'intrinsic': 0.0, 'rnd': 0.0, 'avg_r_int': 0.0, 'alpha': 0.01, 'alpha_loss': 0.0, 'batch_nonzero_r_frac': 1.0, 'target_mean': 218.43104553222656, 'td_target_norm_mean': 0.9849077463150024, 'Beta': 0.0, 'Q_ext_mean': -0.10047516971826553, 'Q_int_mean': 0.0, 'last_eps': 0.05, 'entropy': 0.0}
{'extrinsic': 0.0032189537305384874, 'intrinsic': 0.0, 'rnd': 0.0, 'avg_r_int': 0.0, 'alpha': 0.01, 'alpha_loss': 0.0, 'batch_nonzero_r_frac': 1.0, 'target_mean': 243.55508422851562, 'td_target_norm_mean': 0.9442338943481445, 'Beta': 0.0, 'Q_ext_mean': 0.08478895574808121, 'Q_int_mean': 0.0, 'last_eps': 0.05, 'entropy': 0.0}
[DQN] Step 960000/1000000 (Episodes: 956) smooth r 1248.6076941003898
{'extrinsic': 0.0020572757348418236, 'intrinsic': 0.0, 'rnd': 0.0, 'avg_r_int': 0.0, 'alpha': 0.01, 'alpha_loss': 0.0, 'batch_nonzero_r_frac': 1.0, 'target_mean': 187.15130615234375, 'td_target_norm_mean': 1.0065357685089111, 'Beta': 0.0, 'Q_ext_mean': -0.23816204071044922, 'Q_int_mean': 0.0, 'last_eps': 0.05, 'entropy': 0.0}
{'extrinsic': 0.006049814634025097, 'intrinsic': 0.0, 'rnd': 0.0, 'avg_r_int': 0.0, 'alpha': 0.01, 'alpha_loss': 0.0, 'batch_nonzero_r_frac': 1.0, 'target_mean': 233.58856201171875, 'td_target_norm_mean': 0.9690932631492615, 'Beta': 0.0, 'Q_ext_mean': 0.06744345277547836, 'Q_int_mean': 0.0, 'last_eps': 0.05, 'entropy': 0.0}
{'extrinsic': 0.0034492737613618374, 'intrinsic': 0.0, 'rnd': 0.0, 'avg_r_int': 0.0, 'alpha': 0.01, 'alpha_loss': 0.0, 'batch_nonzero_r_frac': 1.0, 'target_mean': 197.88258361816406, 'td_target_norm_mean': 0.9932786226272583, 'Beta': 0.0, 'Q_ext_mean': -0.19751609861850739, 'Q_int_mean': 0.0, 'last_eps': 0.05, 'entropy': 0.0}
[DQN] Step 970000/1000000 (Episodes: 968) smooth r 1174.0334718743657
{'extrinsic': 0.041162218898534775, 'intrinsic': 0.0, 'rnd': 0.0, 'avg_r_int': 0.0, 'alpha': 0.01, 'alpha_loss': 0.0, 'batch_nonzero_r_frac': 1.0, 'target_mean': 231.77117919921875, 'td_target_norm_mean': 0.9903409481048584, 'Beta': 0.0, 'Q_ext_mean': 0.022849686443805695, 'Q_int_mean': 0.0, 'last_eps': 0.05, 'entropy': 0.0}
{'extrinsic': 0.0023586091119796038, 'intrinsic': 0.0, 'rnd': 0.0, 'avg_r_int': 0.0, 'alpha': 0.01, 'alpha_loss': 0.0, 'batch_nonzero_r_frac': 1.0, 'target_mean': 208.07980346679688, 'td_target_norm_mean': 0.9883562326431274, 'Beta': 0.0, 'Q_ext_mean': -0.17054365575313568, 'Q_int_mean': 0.0, 'last_eps': 0.05, 'entropy': 0.0}
[DQN] Step 980000/1000000 (Episodes: 976) smooth r 1291.3595566903646
{'extrinsic': 0.0019337376579642296, 'intrinsic': 0.0, 'rnd': 0.0, 'avg_r_int': 0.0, 'alpha': 0.01, 'alpha_loss': 0.0, 'batch_nonzero_r_frac': 1.0, 'target_mean': 220.36936950683594, 'td_target_norm_mean': 0.9210266470909119, 'Beta': 0.0, 'Q_ext_mean': -0.08412555605173111, 'Q_int_mean': 0.0, 'last_eps': 0.05, 'entropy': 0.0}
{'extrinsic': 0.002626779954880476, 'intrinsic': 0.0, 'rnd': 0.0, 'avg_r_int': 0.0, 'alpha': 0.01, 'alpha_loss': 0.0, 'batch_nonzero_r_frac': 1.0, 'target_mean': 239.70303344726562, 'td_target_norm_mean': 0.9963032007217407, 'Beta': 0.0, 'Q_ext_mean': 0.02797616831958294, 'Q_int_mean': 0.0, 'last_eps': 0.05, 'entropy': 0.0}
{'extrinsic': 0.0035205534659326077, 'intrinsic': 0.0, 'rnd': 0.0, 'avg_r_int': 0.0, 'alpha': 0.01, 'alpha_loss': 0.0, 'batch_nonzero_r_frac': 1.0, 'target_mean': 276.24505615234375, 'td_target_norm_mean': 0.9678529500961304, 'Beta': 0.0, 'Q_ext_mean': 0.20764516294002533, 'Q_int_mean': 0.0, 'last_eps': 0.05, 'entropy': 0.0}
[DQN] Step 990000/1000000 (Episodes: 988) smooth r 1458.5917673683832
{'extrinsic': 0.0028786123730242252, 'intrinsic': 0.0, 'rnd': 0.0, 'avg_r_int': 0.0, 'alpha': 0.01, 'alpha_loss': 0.0, 'batch_nonzero_r_frac': 1.0, 'target_mean': 209.01214599609375, 'td_target_norm_mean': 1.0073494911193848, 'Beta': 0.0, 'Q_ext_mean': -0.31415802240371704, 'Q_int_mean': 0.0, 'last_eps': 0.05, 'entropy': 0.0}
{'extrinsic': 0.0032712833490222692, 'intrinsic': 0.0, 'rnd': 0.0, 'avg_r_int': 0.0, 'alpha': 0.01, 'alpha_loss': 0.0, 'batch_nonzero_r_frac': 1.0, 'target_mean': 271.88531494140625, 'td_target_norm_mean': 1.0012871026992798, 'Beta': 0.0, 'Q_ext_mean': 0.1257290244102478, 'Q_int_mean': 0.0, 'last_eps': 0.05, 'entropy': 0.0}
Time taken modular {'action_sample': 113.51377654075623, 'env_step': 149.84469032287598, 'update_agent': 1877.0217785835266, 'eval_agent': 0.0}
Training wall clock time: 2222.09 seconds