Run with ablation 6:
cfg["munchausen_constant"] = 0.0
        cfg["soft"] = False
        cfg["Beta"] = 0.0
        cfg["distributional"] = False
        cfg["delayed"] = True
        cfg["dueling"] = False

C:\Users\tcfla\Desktop\CrabRL\CrabAblation\.venv\Lib\site-packages\pygame\pkgdata.py:25: UserWarning: pkg_resources is deprecated as an API. See https://setuptools.pypa.io/en/latest/pkg_resources.html. The pkg_resources package is slated for removal as early as 2025-11-30. Refrain from using this package or pin to Setuptools<81.
  from pkg_resources import resource_stream, resource_exists
--- Auto-configured MSVC: 14.50.35717 ---
✅ MSVC Environment (including OpenMP) fully initialized.
Args: Namespace(algo='dqn', env_name='mujoco', env_id='mujoco', device='cpu', ablation=6, fully_obs=False, run=1000, num_envs=4, num_steps=2048, total_steps=1000000, total_steps_override=0, max_wall_time=86400.0, device_name='laptop', skip_best_params=False, dqn_buffer_size=20000.0, dqn_batch_size=64, update_every=4, rnd_burn_in=1000, buffer_size=20000.0, gamma=0.99, tau=3e-06, batch_size=128, learning_starts=10000, policy_lr=0.0003, q_lr=0.001, policy_frequency=4, target_network_frequency=1, alpha=0.001, autotune=True, n_quantiles=32, n_target_quantiles=32, hide_seek_bins_per_dim=3)
Torch does not support int32 gather, switching to 64
{'extrinsic': 0.03364831954240799, 'intrinsic': 0.0, 'rnd': 0.0, 'avg_r_int': 0.0, 'alpha': 0.01, 'alpha_loss': 0.0, 'batch_nonzero_r_frac': 1.0, 'target_mean': -0.16574344038963318, 'td_target_norm_mean': 3.9511501789093018, 'Beta': 0.0, 'Q_ext_mean': 3.975182056427002, 'Q_int_mean': 0.0, 'last_eps': 0.49188, 'entropy': 0.0}
{'extrinsic': 0.005044868215918541, 'intrinsic': 0.0, 'rnd': 0.0, 'avg_r_int': 0.0, 'alpha': 0.01, 'alpha_loss': 0.0, 'batch_nonzero_r_frac': 1.0, 'target_mean': 5.407546043395996, 'td_target_norm_mean': 0.7900963425636292, 'Beta': 0.0, 'Q_ext_mean': 0.8030323386192322, 'Q_int_mean': 0.0, 'last_eps': 0.48388, 'entropy': 0.0}
[DQN] Step 10000/1000000 (Episodes: 8) smooth r -334.0485602835997
{'extrinsic': 0.010946453548967838, 'intrinsic': 0.0, 'rnd': 0.0, 'avg_r_int': 0.0, 'alpha': 0.01, 'alpha_loss': 0.0, 'batch_nonzero_r_frac': 1.0, 'target_mean': 4.450694561004639, 'td_target_norm_mean': 0.3415311276912689, 'Beta': 0.0, 'Q_ext_mean': 0.33545196056365967, 'Q_int_mean': 0.0, 'last_eps': 0.47588, 'entropy': 0.0}
{'extrinsic': 0.029576480388641357, 'intrinsic': 0.0, 'rnd': 0.0, 'avg_r_int': 0.0, 'alpha': 0.01, 'alpha_loss': 0.0, 'batch_nonzero_r_frac': 1.0, 'target_mean': 5.1335554122924805, 'td_target_norm_mean': 0.49188509583473206, 'Beta': 0.0, 'Q_ext_mean': 0.251229852437973, 'Q_int_mean': 0.0, 'last_eps': 0.46788, 'entropy': 0.0}
[DQN] Step 20000/1000000 (Episodes: 16) smooth r -365.2839509649045
{'extrinsic': 0.054870035499334335, 'intrinsic': 0.0, 'rnd': 0.0, 'avg_r_int': 0.0, 'alpha': 0.01, 'alpha_loss': 0.0, 'batch_nonzero_r_frac': 0.984375, 'target_mean': 3.735328197479248, 'td_target_norm_mean': 0.48177486658096313, 'Beta': 0.0, 'Q_ext_mean': -0.006272498052567244, 'Q_int_mean': 0.0, 'last_eps': 0.45988, 'entropy': 0.0}
{'extrinsic': 0.04760872945189476, 'intrinsic': 0.0, 'rnd': 0.0, 'avg_r_int': 0.0, 'alpha': 0.01, 'alpha_loss': 0.0, 'batch_nonzero_r_frac': 1.0, 'target_mean': 3.3717923164367676, 'td_target_norm_mean': 0.5453750491142273, 'Beta': 0.0, 'Q_ext_mean': -0.01577385701239109, 'Q_int_mean': 0.0, 'last_eps': 0.45188, 'entropy': 0.0}
{'extrinsic': 0.03184153139591217, 'intrinsic': 0.0, 'rnd': 0.0, 'avg_r_int': 0.0, 'alpha': 0.01, 'alpha_loss': 0.0, 'batch_nonzero_r_frac': 1.0, 'target_mean': 4.198574066162109, 'td_target_norm_mean': 0.6370933055877686, 'Beta': 0.0, 'Q_ext_mean': 0.007644409779459238, 'Q_int_mean': 0.0, 'last_eps': 0.44388, 'entropy': 0.0}
[DQN] Step 30000/1000000 (Episodes: 28) smooth r -365.4037737412378
{'extrinsic': 0.023160509765148163, 'intrinsic': 0.0, 'rnd': 0.0, 'avg_r_int': 0.0, 'alpha': 0.01, 'alpha_loss': 0.0, 'batch_nonzero_r_frac': 1.0, 'target_mean': 10.194007873535156, 'td_target_norm_mean': 0.9787543416023254, 'Beta': 0.0, 'Q_ext_mean': 0.41172346472740173, 'Q_int_mean': 0.0, 'last_eps': 0.43588, 'entropy': 0.0}
{'extrinsic': 0.007206308655440807, 'intrinsic': 0.0, 'rnd': 0.0, 'avg_r_int': 0.0, 'alpha': 0.01, 'alpha_loss': 0.0, 'batch_nonzero_r_frac': 1.0, 'target_mean': 9.125188827514648, 'td_target_norm_mean': 0.7521436214447021, 'Beta': 0.0, 'Q_ext_mean': 0.17372895777225494, 'Q_int_mean': 0.0, 'last_eps': 0.42788, 'entropy': 0.0}
[DQN] Step 40000/1000000 (Episodes: 36) smooth r -338.95958601271883
{'extrinsic': 0.006488453131169081, 'intrinsic': 0.0, 'rnd': 0.0, 'avg_r_int': 0.0, 'alpha': 0.01, 'alpha_loss': 0.0, 'batch_nonzero_r_frac': 1.0, 'target_mean': 4.250965595245361, 'td_target_norm_mean': 0.5712068676948547, 'Beta': 0.0, 'Q_ext_mean': -0.14964042603969574, 'Q_int_mean': 0.0, 'last_eps': 0.41988000000000003, 'entropy': 0.0}
{'extrinsic': 0.008542249910533428, 'intrinsic': 0.0, 'rnd': 0.0, 'avg_r_int': 0.0, 'alpha': 0.01, 'alpha_loss': 0.0, 'batch_nonzero_r_frac': 1.0, 'target_mean': 5.159491062164307, 'td_target_norm_mean': 0.6009467840194702, 'Beta': 0.0, 'Q_ext_mean': -0.0992026999592781, 'Q_int_mean': 0.0, 'last_eps': 0.41188, 'entropy': 0.0}
{'extrinsic': 0.01061880774796009, 'intrinsic': 0.0, 'rnd': 0.0, 'avg_r_int': 0.0, 'alpha': 0.01, 'alpha_loss': 0.0, 'batch_nonzero_r_frac': 1.0, 'target_mean': 6.296161651611328, 'td_target_norm_mean': 0.678767740726471, 'Beta': 0.0, 'Q_ext_mean': -0.06667257845401764, 'Q_int_mean': 0.0, 'last_eps': 0.40388, 'entropy': 0.0}
[DQN] Step 50000/1000000 (Episodes: 48) smooth r -318.98023296208294
{'extrinsic': 0.009227815084159374, 'intrinsic': 0.0, 'rnd': 0.0, 'avg_r_int': 0.0, 'alpha': 0.01, 'alpha_loss': 0.0, 'batch_nonzero_r_frac': 1.0, 'target_mean': 2.774730920791626, 'td_target_norm_mean': 0.6016287207603455, 'Beta': 0.0, 'Q_ext_mean': -0.20248189568519592, 'Q_int_mean': 0.0, 'last_eps': 0.39588, 'entropy': 0.0}
{'extrinsic': 0.01652025803923607, 'intrinsic': 0.0, 'rnd': 0.0, 'avg_r_int': 0.0, 'alpha': 0.01, 'alpha_loss': 0.0, 'batch_nonzero_r_frac': 1.0, 'target_mean': 10.241512298583984, 'td_target_norm_mean': 0.9683131575584412, 'Beta': 0.0, 'Q_ext_mean': 0.2101917862892151, 'Q_int_mean': 0.0, 'last_eps': 0.38788, 'entropy': 0.0}
[DQN] Step 60000/1000000 (Episodes: 56) smooth r -326.3345387115301
{'extrinsic': 0.012791500426828861, 'intrinsic': 0.0, 'rnd': 0.0, 'avg_r_int': 0.0, 'alpha': 0.01, 'alpha_loss': 0.0, 'batch_nonzero_r_frac': 1.0, 'target_mean': 12.569262504577637, 'td_target_norm_mean': 0.8571243286132812, 'Beta': 0.0, 'Q_ext_mean': 0.11370648443698883, 'Q_int_mean': 0.0, 'last_eps': 0.37988, 'entropy': 0.0}
{'extrinsic': 0.011637330055236816, 'intrinsic': 0.0, 'rnd': 0.0, 'avg_r_int': 0.0, 'alpha': 0.01, 'alpha_loss': 0.0, 'batch_nonzero_r_frac': 1.0, 'target_mean': 15.78921890258789, 'td_target_norm_mean': 0.8527776002883911, 'Beta': 0.0, 'Q_ext_mean': 0.017441149801015854, 'Q_int_mean': 0.0, 'last_eps': 0.37188, 'entropy': 0.0}
{'extrinsic': 0.00976225733757019, 'intrinsic': 0.0, 'rnd': 0.0, 'avg_r_int': 0.0, 'alpha': 0.01, 'alpha_loss': 0.0, 'batch_nonzero_r_frac': 1.0, 'target_mean': 34.20249938964844, 'td_target_norm_mean': 1.0165191888809204, 'Beta': 0.0, 'Q_ext_mean': 0.40757280588150024, 'Q_int_mean': 0.0, 'last_eps': 0.36388, 'entropy': 0.0}
[DQN] Step 70000/1000000 (Episodes: 68) smooth r -366.04954793625427
{'extrinsic': 0.007694383151829243, 'intrinsic': 0.0, 'rnd': 0.0, 'avg_r_int': 0.0, 'alpha': 0.01, 'alpha_loss': 0.0, 'batch_nonzero_r_frac': 1.0, 'target_mean': 34.669883728027344, 'td_target_norm_mean': 0.87172532081604, 'Beta': 0.0, 'Q_ext_mean': 0.22917699813842773, 'Q_int_mean': 0.0, 'last_eps': 0.35588, 'entropy': 0.0}
{'extrinsic': 0.011183753609657288, 'intrinsic': 0.0, 'rnd': 0.0, 'avg_r_int': 0.0, 'alpha': 0.01, 'alpha_loss': 0.0, 'batch_nonzero_r_frac': 1.0, 'target_mean': 37.959869384765625, 'td_target_norm_mean': 0.8180065155029297, 'Beta': 0.0, 'Q_ext_mean': 0.08852184563875198, 'Q_int_mean': 0.0, 'last_eps': 0.34787999999999997, 'entropy': 0.0}
[DQN] Step 80000/1000000 (Episodes: 76) smooth r -379.41992288468606
{'extrinsic': 0.029919853433966637, 'intrinsic': 0.0, 'rnd': 0.0, 'avg_r_int': 0.0, 'alpha': 0.01, 'alpha_loss': 0.0, 'batch_nonzero_r_frac': 1.0, 'target_mean': 47.116172790527344, 'td_target_norm_mean': 0.6711922883987427, 'Beta': 0.0, 'Q_ext_mean': 0.28841841220855713, 'Q_int_mean': 0.0, 'last_eps': 0.33987999999999996, 'entropy': 0.0}
{'extrinsic': 0.03468133509159088, 'intrinsic': 0.0, 'rnd': 0.0, 'avg_r_int': 0.0, 'alpha': 0.01, 'alpha_loss': 0.0, 'batch_nonzero_r_frac': 1.0, 'target_mean': 45.70319747924805, 'td_target_norm_mean': 0.6453242301940918, 'Beta': 0.0, 'Q_ext_mean': 0.0709255114197731, 'Q_int_mean': 0.0, 'last_eps': 0.33188, 'entropy': 0.0}
{'extrinsic': 0.022801190614700317, 'intrinsic': 0.0, 'rnd': 0.0, 'avg_r_int': 0.0, 'alpha': 0.01, 'alpha_loss': 0.0, 'batch_nonzero_r_frac': 1.0, 'target_mean': 46.343833923339844, 'td_target_norm_mean': 0.5586313009262085, 'Beta': 0.0, 'Q_ext_mean': 0.048448845744132996, 'Q_int_mean': 0.0, 'last_eps': 0.32388, 'entropy': 0.0}
[DQN] Step 90000/1000000 (Episodes: 88) smooth r -329.00365431334524
{'extrinsic': 0.037658777087926865, 'intrinsic': 0.0, 'rnd': 0.0, 'avg_r_int': 0.0, 'alpha': 0.01, 'alpha_loss': 0.0, 'batch_nonzero_r_frac': 1.0, 'target_mean': 49.27775573730469, 'td_target_norm_mean': 0.74556565284729, 'Beta': 0.0, 'Q_ext_mean': 0.15749593079090118, 'Q_int_mean': 0.0, 'last_eps': 0.31588, 'entropy': 0.0}
{'extrinsic': 0.04189622402191162, 'intrinsic': 0.0, 'rnd': 0.0, 'avg_r_int': 0.0, 'alpha': 0.01, 'alpha_loss': 0.0, 'batch_nonzero_r_frac': 1.0, 'target_mean': 60.13628387451172, 'td_target_norm_mean': 0.9338048696517944, 'Beta': 0.0, 'Q_ext_mean': 0.41702163219451904, 'Q_int_mean': 0.0, 'last_eps': 0.30788, 'entropy': 0.0}
[DQN] Step 100000/1000000 (Episodes: 96) smooth r -285.15760925970613
{'extrinsic': 0.06553126126527786, 'intrinsic': 0.0, 'rnd': 0.0, 'avg_r_int': 0.0, 'alpha': 0.01, 'alpha_loss': 0.0, 'batch_nonzero_r_frac': 1.0, 'target_mean': 60.1618537902832, 'td_target_norm_mean': 0.7873179316520691, 'Beta': 0.0, 'Q_ext_mean': 0.12833797931671143, 'Q_int_mean': 0.0, 'last_eps': 0.29988000000000004, 'entropy': 0.0}
{'extrinsic': 0.02379596419632435, 'intrinsic': 0.0, 'rnd': 0.0, 'avg_r_int': 0.0, 'alpha': 0.01, 'alpha_loss': 0.0, 'batch_nonzero_r_frac': 1.0, 'target_mean': 72.31025695800781, 'td_target_norm_mean': 0.9299882054328918, 'Beta': 0.0, 'Q_ext_mean': 0.37524929642677307, 'Q_int_mean': 0.0, 'last_eps': 0.29188000000000003, 'entropy': 0.0}
{'extrinsic': 0.0384204238653183, 'intrinsic': 0.0, 'rnd': 0.0, 'avg_r_int': 0.0, 'alpha': 0.01, 'alpha_loss': 0.0, 'batch_nonzero_r_frac': 0.984375, 'target_mean': 67.57408905029297, 'td_target_norm_mean': 0.8063273429870605, 'Beta': 0.0, 'Q_ext_mean': 0.09902083873748779, 'Q_int_mean': 0.0, 'last_eps': 0.28388, 'entropy': 0.0}
[DQN] Step 110000/1000000 (Episodes: 108) smooth r -255.2518614060637
{'extrinsic': 0.015961429104208946, 'intrinsic': 0.0, 'rnd': 0.0, 'avg_r_int': 0.0, 'alpha': 0.01, 'alpha_loss': 0.0, 'batch_nonzero_r_frac': 1.0, 'target_mean': 71.82899475097656, 'td_target_norm_mean': 0.8233039975166321, 'Beta': 0.0, 'Q_ext_mean': 0.15825505554676056, 'Q_int_mean': 0.0, 'last_eps': 0.27588, 'entropy': 0.0}
{'extrinsic': 0.012618284672498703, 'intrinsic': 0.0, 'rnd': 0.0, 'avg_r_int': 0.0, 'alpha': 0.01, 'alpha_loss': 0.0, 'batch_nonzero_r_frac': 1.0, 'target_mean': 62.39594268798828, 'td_target_norm_mean': 0.6693064570426941, 'Beta': 0.0, 'Q_ext_mean': -0.07884030789136887, 'Q_int_mean': 0.0, 'last_eps': 0.26788, 'entropy': 0.0}
[DQN] Step 120000/1000000 (Episodes: 116) smooth r -265.8244475892966
{'extrinsic': 0.011709208600223064, 'intrinsic': 0.0, 'rnd': 0.0, 'avg_r_int': 0.0, 'alpha': 0.01, 'alpha_loss': 0.0, 'batch_nonzero_r_frac': 1.0, 'target_mean': 62.58141326904297, 'td_target_norm_mean': 0.6474975943565369, 'Beta': 0.0, 'Q_ext_mean': 0.0011146949836984277, 'Q_int_mean': 0.0, 'last_eps': 0.25988, 'entropy': 0.0}
{'extrinsic': 0.025072526186704636, 'intrinsic': 0.0, 'rnd': 0.0, 'avg_r_int': 0.0, 'alpha': 0.01, 'alpha_loss': 0.0, 'batch_nonzero_r_frac': 1.0, 'target_mean': 62.260311126708984, 'td_target_norm_mean': 0.5769568681716919, 'Beta': 0.0, 'Q_ext_mean': 0.05779137834906578, 'Q_int_mean': 0.0, 'last_eps': 0.25188, 'entropy': 0.0}
{'extrinsic': 0.02480720542371273, 'intrinsic': 0.0, 'rnd': 0.0, 'avg_r_int': 0.0, 'alpha': 0.01, 'alpha_loss': 0.0, 'batch_nonzero_r_frac': 1.0, 'target_mean': 52.98652648925781, 'td_target_norm_mean': 0.824794352054596, 'Beta': 0.0, 'Q_ext_mean': -0.25570833683013916, 'Q_int_mean': 0.0, 'last_eps': 0.24387999999999999, 'entropy': 0.0}
[DQN] Step 130000/1000000 (Episodes: 128) smooth r -181.497649273039
{'extrinsic': 0.01847335696220398, 'intrinsic': 0.0, 'rnd': 0.0, 'avg_r_int': 0.0, 'alpha': 0.01, 'alpha_loss': 0.0, 'batch_nonzero_r_frac': 1.0, 'target_mean': 52.90892791748047, 'td_target_norm_mean': 0.968972384929657, 'Beta': 0.0, 'Q_ext_mean': -0.16809596121311188, 'Q_int_mean': 0.0, 'last_eps': 0.23587999999999998, 'entropy': 0.0}
{'extrinsic': 0.020307015627622604, 'intrinsic': 0.0, 'rnd': 0.0, 'avg_r_int': 0.0, 'alpha': 0.01, 'alpha_loss': 0.0, 'batch_nonzero_r_frac': 1.0, 'target_mean': 47.265296936035156, 'td_target_norm_mean': 0.9580169916152954, 'Beta': 0.0, 'Q_ext_mean': -0.31898534297943115, 'Q_int_mean': 0.0, 'last_eps': 0.22788000000000003, 'entropy': 0.0}
[DQN] Step 140000/1000000 (Episodes: 136) smooth r -138.79988242969873
{'extrinsic': 0.0131188640370965, 'intrinsic': 0.0, 'rnd': 0.0, 'avg_r_int': 0.0, 'alpha': 0.01, 'alpha_loss': 0.0, 'batch_nonzero_r_frac': 1.0, 'target_mean': 46.21005630493164, 'td_target_norm_mean': 0.9591701030731201, 'Beta': 0.0, 'Q_ext_mean': -0.27248671650886536, 'Q_int_mean': 0.0, 'last_eps': 0.21988000000000002, 'entropy': 0.0}
{'extrinsic': 0.0172356516122818, 'intrinsic': 0.0, 'rnd': 0.0, 'avg_r_int': 0.0, 'alpha': 0.01, 'alpha_loss': 0.0, 'batch_nonzero_r_frac': 1.0, 'target_mean': 61.62257385253906, 'td_target_norm_mean': 0.9903808236122131, 'Beta': 0.0, 'Q_ext_mean': 0.19307857751846313, 'Q_int_mean': 0.0, 'last_eps': 0.21188, 'entropy': 0.0}
{'extrinsic': 0.007665266282856464, 'intrinsic': 0.0, 'rnd': 0.0, 'avg_r_int': 0.0, 'alpha': 0.01, 'alpha_loss': 0.0, 'batch_nonzero_r_frac': 1.0, 'target_mean': 55.88031768798828, 'td_target_norm_mean': 0.9027220606803894, 'Beta': 0.0, 'Q_ext_mean': -0.062363941222429276, 'Q_int_mean': 0.0, 'last_eps': 0.20388, 'entropy': 0.0}
[DQN] Step 150000/1000000 (Episodes: 148) smooth r -37.10318263032746
{'extrinsic': 0.005442701745778322, 'intrinsic': 0.0, 'rnd': 0.0, 'avg_r_int': 0.0, 'alpha': 0.01, 'alpha_loss': 0.0, 'batch_nonzero_r_frac': 1.0, 'target_mean': 61.72828674316406, 'td_target_norm_mean': 0.8088812828063965, 'Beta': 0.0, 'Q_ext_mean': 0.04145866259932518, 'Q_int_mean': 0.0, 'last_eps': 0.19588, 'entropy': 0.0}
{'extrinsic': 0.006817039102315903, 'intrinsic': 0.0, 'rnd': 0.0, 'avg_r_int': 0.0, 'alpha': 0.01, 'alpha_loss': 0.0, 'batch_nonzero_r_frac': 1.0, 'target_mean': 65.90717315673828, 'td_target_norm_mean': 0.799919843673706, 'Beta': 0.0, 'Q_ext_mean': 0.08785270154476166, 'Q_int_mean': 0.0, 'last_eps': 0.18788, 'entropy': 0.0}
[DQN] Step 160000/1000000 (Episodes: 156) smooth r -70.60988404584748
{'extrinsic': 0.006909317336976528, 'intrinsic': 0.0, 'rnd': 0.0, 'avg_r_int': 0.0, 'alpha': 0.01, 'alpha_loss': 0.0, 'batch_nonzero_r_frac': 1.0, 'target_mean': 65.7884750366211, 'td_target_norm_mean': 0.8452242612838745, 'Beta': 0.0, 'Q_ext_mean': 0.039803218096494675, 'Q_int_mean': 0.0, 'last_eps': 0.17987999999999998, 'entropy': 0.0}
{'extrinsic': 0.003732190001755953, 'intrinsic': 0.0, 'rnd': 0.0, 'avg_r_int': 0.0, 'alpha': 0.01, 'alpha_loss': 0.0, 'batch_nonzero_r_frac': 1.0, 'target_mean': 61.37104797363281, 'td_target_norm_mean': 0.8500669598579407, 'Beta': 0.0, 'Q_ext_mean': -0.08220455795526505, 'Q_int_mean': 0.0, 'last_eps': 0.17187999999999998, 'entropy': 0.0}
{'extrinsic': 0.008079896681010723, 'intrinsic': 0.0, 'rnd': 0.0, 'avg_r_int': 0.0, 'alpha': 0.01, 'alpha_loss': 0.0, 'batch_nonzero_r_frac': 1.0, 'target_mean': 68.58108520507812, 'td_target_norm_mean': 0.8193246126174927, 'Beta': 0.0, 'Q_ext_mean': 0.08080552518367767, 'Q_int_mean': 0.0, 'last_eps': 0.16388000000000003, 'entropy': 0.0}
[DQN] Step 170000/1000000 (Episodes: 168) smooth r 66.06226179056887
{'extrinsic': 0.004796764347702265, 'intrinsic': 0.0, 'rnd': 0.0, 'avg_r_int': 0.0, 'alpha': 0.01, 'alpha_loss': 0.0, 'batch_nonzero_r_frac': 1.0, 'target_mean': 75.34483337402344, 'td_target_norm_mean': 0.7590747475624084, 'Beta': 0.0, 'Q_ext_mean': 0.09705355763435364, 'Q_int_mean': 0.0, 'last_eps': 0.15588000000000002, 'entropy': 0.0}
{'extrinsic': 0.006610524840652943, 'intrinsic': 0.0, 'rnd': 0.0, 'avg_r_int': 0.0, 'alpha': 0.01, 'alpha_loss': 0.0, 'batch_nonzero_r_frac': 1.0, 'target_mean': 93.49702453613281, 'td_target_norm_mean': 1.0184557437896729, 'Beta': 0.0, 'Q_ext_mean': 0.31580671668052673, 'Q_int_mean': 0.0, 'last_eps': 0.14788, 'entropy': 0.0}
[DQN] Step 180000/1000000 (Episodes: 176) smooth r 140.28069346565232
{'extrinsic': 0.0067654745653271675, 'intrinsic': 0.0, 'rnd': 0.0, 'avg_r_int': 0.0, 'alpha': 0.01, 'alpha_loss': 0.0, 'batch_nonzero_r_frac': 1.0, 'target_mean': 89.33684539794922, 'td_target_norm_mean': 0.8625763654708862, 'Beta': 0.0, 'Q_ext_mean': 0.11721546202898026, 'Q_int_mean': 0.0, 'last_eps': 0.13988, 'entropy': 0.0}
{'extrinsic': 0.006024652160704136, 'intrinsic': 0.0, 'rnd': 0.0, 'avg_r_int': 0.0, 'alpha': 0.01, 'alpha_loss': 0.0, 'batch_nonzero_r_frac': 1.0, 'target_mean': 102.68728637695312, 'td_target_norm_mean': 1.006812334060669, 'Beta': 0.0, 'Q_ext_mean': 0.31238868832588196, 'Q_int_mean': 0.0, 'last_eps': 0.13188, 'entropy': 0.0}
{'extrinsic': 0.005776435136795044, 'intrinsic': 0.0, 'rnd': 0.0, 'avg_r_int': 0.0, 'alpha': 0.01, 'alpha_loss': 0.0, 'batch_nonzero_r_frac': 1.0, 'target_mean': 90.31253051757812, 'td_target_norm_mean': 0.9015615582466125, 'Beta': 0.0, 'Q_ext_mean': -0.05935352295637131, 'Q_int_mean': 0.0, 'last_eps': 0.12387999999999999, 'entropy': 0.0}
[DQN] Step 190000/1000000 (Episodes: 188) smooth r 333.330064956594
{'extrinsic': 0.008467026986181736, 'intrinsic': 0.0, 'rnd': 0.0, 'avg_r_int': 0.0, 'alpha': 0.01, 'alpha_loss': 0.0, 'batch_nonzero_r_frac': 1.0, 'target_mean': 84.99346923828125, 'td_target_norm_mean': 0.9391694068908691, 'Beta': 0.0, 'Q_ext_mean': -0.24940276145935059, 'Q_int_mean': 0.0, 'last_eps': 0.11587999999999998, 'entropy': 0.0}
{'extrinsic': 0.00767269404605031, 'intrinsic': 0.0, 'rnd': 0.0, 'avg_r_int': 0.0, 'alpha': 0.01, 'alpha_loss': 0.0, 'batch_nonzero_r_frac': 1.0, 'target_mean': 91.07768249511719, 'td_target_norm_mean': 0.9267982244491577, 'Beta': 0.0, 'Q_ext_mean': -0.20564231276512146, 'Q_int_mean': 0.0, 'last_eps': 0.10787999999999998, 'entropy': 0.0}
[DQN] Step 200000/1000000 (Episodes: 196) smooth r 424.85005225345964
{'extrinsic': 0.002994279144331813, 'intrinsic': 0.0, 'rnd': 0.0, 'avg_r_int': 0.0, 'alpha': 0.01, 'alpha_loss': 0.0, 'batch_nonzero_r_frac': 1.0, 'target_mean': 97.77433776855469, 'td_target_norm_mean': 0.9619376063346863, 'Beta': 0.0, 'Q_ext_mean': -0.16202227771282196, 'Q_int_mean': 0.0, 'last_eps': 0.09988000000000002, 'entropy': 0.0}
{'extrinsic': 0.007349166553467512, 'intrinsic': 0.0, 'rnd': 0.0, 'avg_r_int': 0.0, 'alpha': 0.01, 'alpha_loss': 0.0, 'batch_nonzero_r_frac': 1.0, 'target_mean': 111.22828674316406, 'td_target_norm_mean': 1.013382911682129, 'Beta': 0.0, 'Q_ext_mean': -0.038904547691345215, 'Q_int_mean': 0.0, 'last_eps': 0.09188000000000002, 'entropy': 0.0}
{'extrinsic': 0.006684267893433571, 'intrinsic': 0.0, 'rnd': 0.0, 'avg_r_int': 0.0, 'alpha': 0.01, 'alpha_loss': 0.0, 'batch_nonzero_r_frac': 1.0, 'target_mean': 120.51231384277344, 'td_target_norm_mean': 0.9832111597061157, 'Beta': 0.0, 'Q_ext_mean': 0.09355907142162323, 'Q_int_mean': 0.0, 'last_eps': 0.08388000000000001, 'entropy': 0.0}
[DQN] Step 210000/1000000 (Episodes: 208) smooth r 581.2428080517369
{'extrinsic': 0.0045579965226352215, 'intrinsic': 0.0, 'rnd': 0.0, 'avg_r_int': 0.0, 'alpha': 0.01, 'alpha_loss': 0.0, 'batch_nonzero_r_frac': 1.0, 'target_mean': 121.11695098876953, 'td_target_norm_mean': 0.9922329783439636, 'Beta': 0.0, 'Q_ext_mean': 0.04113232344388962, 'Q_int_mean': 0.0, 'last_eps': 0.07588, 'entropy': 0.0}
{'extrinsic': 0.048420000821352005, 'intrinsic': 0.0, 'rnd': 0.0, 'avg_r_int': 0.0, 'alpha': 0.01, 'alpha_loss': 0.0, 'batch_nonzero_r_frac': 0.984375, 'target_mean': 125.63372039794922, 'td_target_norm_mean': 0.9629272222518921, 'Beta': 0.0, 'Q_ext_mean': 0.061134450137615204, 'Q_int_mean': 0.0, 'last_eps': 0.06788, 'entropy': 0.0}
[DQN] Step 220000/1000000 (Episodes: 216) smooth r 581.5252740138416
{'extrinsic': 0.00421009911224246, 'intrinsic': 0.0, 'rnd': 0.0, 'avg_r_int': 0.0, 'alpha': 0.01, 'alpha_loss': 0.0, 'batch_nonzero_r_frac': 1.0, 'target_mean': 120.27327728271484, 'td_target_norm_mean': 0.9514127373695374, 'Beta': 0.0, 'Q_ext_mean': -0.04490546137094498, 'Q_int_mean': 0.0, 'last_eps': 0.05987999999999999, 'entropy': 0.0}
{'extrinsic': 0.003255994990468025, 'intrinsic': 0.0, 'rnd': 0.0, 'avg_r_int': 0.0, 'alpha': 0.01, 'alpha_loss': 0.0, 'batch_nonzero_r_frac': 1.0, 'target_mean': 150.64340209960938, 'td_target_norm_mean': 0.9648152589797974, 'Beta': 0.0, 'Q_ext_mean': 0.18488353490829468, 'Q_int_mean': 0.0, 'last_eps': 0.05187999999999998, 'entropy': 0.0}
{'extrinsic': 0.005422575399279594, 'intrinsic': 0.0, 'rnd': 0.0, 'avg_r_int': 0.0, 'alpha': 0.01, 'alpha_loss': 0.0, 'batch_nonzero_r_frac': 1.0, 'target_mean': 172.57772827148438, 'td_target_norm_mean': 0.9454777240753174, 'Beta': 0.0, 'Q_ext_mean': 0.28304219245910645, 'Q_int_mean': 0.0, 'last_eps': 0.05, 'entropy': 0.0}
[DQN] Step 230000/1000000 (Episodes: 228) smooth r 1098.4824545647066
{'extrinsic': 0.0037938510067760944, 'intrinsic': 0.0, 'rnd': 0.0, 'avg_r_int': 0.0, 'alpha': 0.01, 'alpha_loss': 0.0, 'batch_nonzero_r_frac': 1.0, 'target_mean': 158.99478149414062, 'td_target_norm_mean': 0.9822041988372803, 'Beta': 0.0, 'Q_ext_mean': 0.027016406878829002, 'Q_int_mean': 0.0, 'last_eps': 0.05, 'entropy': 0.0}
{'extrinsic': 0.008446723222732544, 'intrinsic': 0.0, 'rnd': 0.0, 'avg_r_int': 0.0, 'alpha': 0.01, 'alpha_loss': 0.0, 'batch_nonzero_r_frac': 1.0, 'target_mean': 195.0850372314453, 'td_target_norm_mean': 0.8657386302947998, 'Beta': 0.0, 'Q_ext_mean': 0.30856987833976746, 'Q_int_mean': 0.0, 'last_eps': 0.05, 'entropy': 0.0}
[DQN] Step 240000/1000000 (Episodes: 236) smooth r 1195.6907916483724
{'extrinsic': 0.005687822122126818, 'intrinsic': 0.0, 'rnd': 0.0, 'avg_r_int': 0.0, 'alpha': 0.01, 'alpha_loss': 0.0, 'batch_nonzero_r_frac': 1.0, 'target_mean': 178.00868225097656, 'td_target_norm_mean': 0.9064749479293823, 'Beta': 0.0, 'Q_ext_mean': -0.03291601687669754, 'Q_int_mean': 0.0, 'last_eps': 0.05, 'entropy': 0.0}
{'extrinsic': 0.0040814937092363834, 'intrinsic': 0.0, 'rnd': 0.0, 'avg_r_int': 0.0, 'alpha': 0.01, 'alpha_loss': 0.0, 'batch_nonzero_r_frac': 1.0, 'target_mean': 184.91925048828125, 'td_target_norm_mean': 0.9813514947891235, 'Beta': 0.0, 'Q_ext_mean': -0.10076305270195007, 'Q_int_mean': 0.0, 'last_eps': 0.05, 'entropy': 0.0}
{'extrinsic': 0.004090780392289162, 'intrinsic': 0.0, 'rnd': 0.0, 'avg_r_int': 0.0, 'alpha': 0.01, 'alpha_loss': 0.0, 'batch_nonzero_r_frac': 1.0, 'target_mean': 185.89205932617188, 'td_target_norm_mean': 1.0228413343429565, 'Beta': 0.0, 'Q_ext_mean': -0.1465512216091156, 'Q_int_mean': 0.0, 'last_eps': 0.05, 'entropy': 0.0}
[DQN] Step 250000/1000000 (Episodes: 248) smooth r 1408.7108612795091
{'extrinsic': 0.004594027530401945, 'intrinsic': 0.0, 'rnd': 0.0, 'avg_r_int': 0.0, 'alpha': 0.01, 'alpha_loss': 0.0, 'batch_nonzero_r_frac': 1.0, 'target_mean': 188.89315795898438, 'td_target_norm_mean': 0.9377256035804749, 'Beta': 0.0, 'Q_ext_mean': -0.09940149635076523, 'Q_int_mean': 0.0, 'last_eps': 0.05, 'entropy': 0.0}
{'extrinsic': 0.004802139475941658, 'intrinsic': 0.0, 'rnd': 0.0, 'avg_r_int': 0.0, 'alpha': 0.01, 'alpha_loss': 0.0, 'batch_nonzero_r_frac': 1.0, 'target_mean': 206.21070861816406, 'td_target_norm_mean': 0.9156466126441956, 'Beta': 0.0, 'Q_ext_mean': 0.09468856453895569, 'Q_int_mean': 0.0, 'last_eps': 0.05, 'entropy': 0.0}
[DQN] Step 260000/1000000 (Episodes: 256) smooth r 1392.9317263344585
{'extrinsic': 0.006504085846245289, 'intrinsic': 0.0, 'rnd': 0.0, 'avg_r_int': 0.0, 'alpha': 0.01, 'alpha_loss': 0.0, 'batch_nonzero_r_frac': 1.0, 'target_mean': 183.0194091796875, 'td_target_norm_mean': 0.9492594003677368, 'Beta': 0.0, 'Q_ext_mean': -0.17150433361530304, 'Q_int_mean': 0.0, 'last_eps': 0.05, 'entropy': 0.0}
{'extrinsic': 0.003236626973375678, 'intrinsic': 0.0, 'rnd': 0.0, 'avg_r_int': 0.0, 'alpha': 0.01, 'alpha_loss': 0.0, 'batch_nonzero_r_frac': 1.0, 'target_mean': 181.73184204101562, 'td_target_norm_mean': 0.9976420402526855, 'Beta': 0.0, 'Q_ext_mean': -0.1751934438943863, 'Q_int_mean': 0.0, 'last_eps': 0.05, 'entropy': 0.0}
{'extrinsic': 0.007155964616686106, 'intrinsic': 0.0, 'rnd': 0.0, 'avg_r_int': 0.0, 'alpha': 0.01, 'alpha_loss': 0.0, 'batch_nonzero_r_frac': 1.0, 'target_mean': 218.94973754882812, 'td_target_norm_mean': 0.9192725419998169, 'Beta': 0.0, 'Q_ext_mean': 0.1764797866344452, 'Q_int_mean': 0.0, 'last_eps': 0.05, 'entropy': 0.0}
[DQN] Step 270000/1000000 (Episodes: 268) smooth r 1575.1878239065236
{'extrinsic': 0.0044467877596616745, 'intrinsic': 0.0, 'rnd': 0.0, 'avg_r_int': 0.0, 'alpha': 0.01, 'alpha_loss': 0.0, 'batch_nonzero_r_frac': 1.0, 'target_mean': 206.7925262451172, 'td_target_norm_mean': 1.0048977136611938, 'Beta': 0.0, 'Q_ext_mean': -0.04988430440425873, 'Q_int_mean': 0.0, 'last_eps': 0.05, 'entropy': 0.0}
{'extrinsic': 0.004028563387691975, 'intrinsic': 0.0, 'rnd': 0.0, 'avg_r_int': 0.0, 'alpha': 0.01, 'alpha_loss': 0.0, 'batch_nonzero_r_frac': 1.0, 'target_mean': 211.45242309570312, 'td_target_norm_mean': 0.9423133134841919, 'Beta': 0.0, 'Q_ext_mean': 0.020949410274624825, 'Q_int_mean': 0.0, 'last_eps': 0.05, 'entropy': 0.0}
[DQN] Step 280000/1000000 (Episodes: 276) smooth r 1326.7025304654153
{'extrinsic': 0.002505697077140212, 'intrinsic': 0.0, 'rnd': 0.0, 'avg_r_int': 0.0, 'alpha': 0.01, 'alpha_loss': 0.0, 'batch_nonzero_r_frac': 1.0, 'target_mean': 223.04190063476562, 'td_target_norm_mean': 0.9103865027427673, 'Beta': 0.0, 'Q_ext_mean': 0.16244252026081085, 'Q_int_mean': 0.0, 'last_eps': 0.05, 'entropy': 0.0}
{'extrinsic': 0.006666775792837143, 'intrinsic': 0.0, 'rnd': 0.0, 'avg_r_int': 0.0, 'alpha': 0.01, 'alpha_loss': 0.0, 'batch_nonzero_r_frac': 1.0, 'target_mean': 172.59046936035156, 'td_target_norm_mean': 1.0435760021209717, 'Beta': 0.0, 'Q_ext_mean': -0.19279956817626953, 'Q_int_mean': 0.0, 'last_eps': 0.05, 'entropy': 0.0}
{'extrinsic': 0.002919828752055764, 'intrinsic': 0.0, 'rnd': 0.0, 'avg_r_int': 0.0, 'alpha': 0.01, 'alpha_loss': 0.0, 'batch_nonzero_r_frac': 1.0, 'target_mean': 155.29698181152344, 'td_target_norm_mean': 0.9936394691467285, 'Beta': 0.0, 'Q_ext_mean': -0.24937422573566437, 'Q_int_mean': 0.0, 'last_eps': 0.05, 'entropy': 0.0}
[DQN] Step 290000/1000000 (Episodes: 288) smooth r 1013.7260632512044
{'extrinsic': 0.0022513624280691147, 'intrinsic': 0.0, 'rnd': 0.0, 'avg_r_int': 0.0, 'alpha': 0.01, 'alpha_loss': 0.0, 'batch_nonzero_r_frac': 1.0, 'target_mean': 163.7813262939453, 'td_target_norm_mean': 0.9177939891815186, 'Beta': 0.0, 'Q_ext_mean': -0.0823424905538559, 'Q_int_mean': 0.0, 'last_eps': 0.05, 'entropy': 0.0}
{'extrinsic': 0.002710998058319092, 'intrinsic': 0.0, 'rnd': 0.0, 'avg_r_int': 0.0, 'alpha': 0.01, 'alpha_loss': 0.0, 'batch_nonzero_r_frac': 1.0, 'target_mean': 189.9143829345703, 'td_target_norm_mean': 0.9508042335510254, 'Beta': 0.0, 'Q_ext_mean': 0.08962339907884598, 'Q_int_mean': 0.0, 'last_eps': 0.05, 'entropy': 0.0}
[DQN] Step 300000/1000000 (Episodes: 296) smooth r 1081.8914230895887
{'extrinsic': 0.002891317941248417, 'intrinsic': 0.0, 'rnd': 0.0, 'avg_r_int': 0.0, 'alpha': 0.01, 'alpha_loss': 0.0, 'batch_nonzero_r_frac': 1.0, 'target_mean': 181.0084991455078, 'td_target_norm_mean': 0.9556045532226562, 'Beta': 0.0, 'Q_ext_mean': -0.03740563243627548, 'Q_int_mean': 0.0, 'last_eps': 0.05, 'entropy': 0.0}
{'extrinsic': 0.03855675086379051, 'intrinsic': 0.0, 'rnd': 0.0, 'avg_r_int': 0.0, 'alpha': 0.01, 'alpha_loss': 0.0, 'batch_nonzero_r_frac': 0.984375, 'target_mean': 221.00387573242188, 'td_target_norm_mean': 0.8082894086837769, 'Beta': 0.0, 'Q_ext_mean': 0.1535758376121521, 'Q_int_mean': 0.0, 'last_eps': 0.05, 'entropy': 0.0}
{'extrinsic': 0.004012370016425848, 'intrinsic': 0.0, 'rnd': 0.0, 'avg_r_int': 0.0, 'alpha': 0.01, 'alpha_loss': 0.0, 'batch_nonzero_r_frac': 1.0, 'target_mean': 221.93106079101562, 'td_target_norm_mean': 0.8247849941253662, 'Beta': 0.0, 'Q_ext_mean': 0.08907481282949448, 'Q_int_mean': 0.0, 'last_eps': 0.05, 'entropy': 0.0}
[DQN] Step 310000/1000000 (Episodes: 308) smooth r 1282.8880455031172
{'extrinsic': 0.002115728799253702, 'intrinsic': 0.0, 'rnd': 0.0, 'avg_r_int': 0.0, 'alpha': 0.01, 'alpha_loss': 0.0, 'batch_nonzero_r_frac': 1.0, 'target_mean': 194.13629150390625, 'td_target_norm_mean': 0.9925402998924255, 'Beta': 0.0, 'Q_ext_mean': -0.20029349625110626, 'Q_int_mean': 0.0, 'last_eps': 0.05, 'entropy': 0.0}
{'extrinsic': 0.002300375374034047, 'intrinsic': 0.0, 'rnd': 0.0, 'avg_r_int': 0.0, 'alpha': 0.01, 'alpha_loss': 0.0, 'batch_nonzero_r_frac': 1.0, 'target_mean': 196.3011474609375, 'td_target_norm_mean': 0.9354703426361084, 'Beta': 0.0, 'Q_ext_mean': -0.11926860362291336, 'Q_int_mean': 0.0, 'last_eps': 0.05, 'entropy': 0.0}
[DQN] Step 320000/1000000 (Episodes: 316) smooth r 994.097387615086
{'extrinsic': 0.0022594835609197617, 'intrinsic': 0.0, 'rnd': 0.0, 'avg_r_int': 0.0, 'alpha': 0.01, 'alpha_loss': 0.0, 'batch_nonzero_r_frac': 1.0, 'target_mean': 188.91969299316406, 'td_target_norm_mean': 0.8961358666419983, 'Beta': 0.0, 'Q_ext_mean': -0.1829969584941864, 'Q_int_mean': 0.0, 'last_eps': 0.05, 'entropy': 0.0}
{'extrinsic': 0.0033739255741238594, 'intrinsic': 0.0, 'rnd': 0.0, 'avg_r_int': 0.0, 'alpha': 0.01, 'alpha_loss': 0.0, 'batch_nonzero_r_frac': 1.0, 'target_mean': 241.85951232910156, 'td_target_norm_mean': 0.8220184445381165, 'Beta': 0.0, 'Q_ext_mean': 0.27077192068099976, 'Q_int_mean': 0.0, 'last_eps': 0.05, 'entropy': 0.0}
{'extrinsic': 0.002453787485137582, 'intrinsic': 0.0, 'rnd': 0.0, 'avg_r_int': 0.0, 'alpha': 0.01, 'alpha_loss': 0.0, 'batch_nonzero_r_frac': 1.0, 'target_mean': 238.32052612304688, 'td_target_norm_mean': 0.8207107782363892, 'Beta': 0.0, 'Q_ext_mean': 0.2342716008424759, 'Q_int_mean': 0.0, 'last_eps': 0.05, 'entropy': 0.0}
[DQN] Step 330000/1000000 (Episodes: 328) smooth r 1296.0672473272073
{'extrinsic': 0.002403177320957184, 'intrinsic': 0.0, 'rnd': 0.0, 'avg_r_int': 0.0, 'alpha': 0.01, 'alpha_loss': 0.0, 'batch_nonzero_r_frac': 1.0, 'target_mean': 216.3373260498047, 'td_target_norm_mean': 0.8855610489845276, 'Beta': 0.0, 'Q_ext_mean': -0.055225372314453125, 'Q_int_mean': 0.0, 'last_eps': 0.05, 'entropy': 0.0}
{'extrinsic': 0.003769992385059595, 'intrinsic': 0.0, 'rnd': 0.0, 'avg_r_int': 0.0, 'alpha': 0.01, 'alpha_loss': 0.0, 'batch_nonzero_r_frac': 1.0, 'target_mean': 237.18551635742188, 'td_target_norm_mean': 0.8548862338066101, 'Beta': 0.0, 'Q_ext_mean': 0.0010899975895881653, 'Q_int_mean': 0.0, 'last_eps': 0.05, 'entropy': 0.0}
[DQN] Step 340000/1000000 (Episodes: 336) smooth r 1413.4462730419996
{'extrinsic': 0.002684236504137516, 'intrinsic': 0.0, 'rnd': 0.0, 'avg_r_int': 0.0, 'alpha': 0.01, 'alpha_loss': 0.0, 'batch_nonzero_r_frac': 1.0, 'target_mean': 223.5572509765625, 'td_target_norm_mean': 0.9963849782943726, 'Beta': 0.0, 'Q_ext_mean': -0.201894149184227, 'Q_int_mean': 0.0, 'last_eps': 0.05, 'entropy': 0.0}
{'extrinsic': 0.0030603373888880014, 'intrinsic': 0.0, 'rnd': 0.0, 'avg_r_int': 0.0, 'alpha': 0.01, 'alpha_loss': 0.0, 'batch_nonzero_r_frac': 1.0, 'target_mean': 216.99520874023438, 'td_target_norm_mean': 0.9839028716087341, 'Beta': 0.0, 'Q_ext_mean': -0.21119047701358795, 'Q_int_mean': 0.0, 'last_eps': 0.05, 'entropy': 0.0}
{'extrinsic': 0.002802546601742506, 'intrinsic': 0.0, 'rnd': 0.0, 'avg_r_int': 0.0, 'alpha': 0.01, 'alpha_loss': 0.0, 'batch_nonzero_r_frac': 1.0, 'target_mean': 234.3338623046875, 'td_target_norm_mean': 0.9075742363929749, 'Beta': 0.0, 'Q_ext_mean': -0.0038013176526874304, 'Q_int_mean': 0.0, 'last_eps': 0.05, 'entropy': 0.0}
[DQN] Step 350000/1000000 (Episodes: 348) smooth r 1436.8272189847964
{'extrinsic': 0.003461576532572508, 'intrinsic': 0.0, 'rnd': 0.0, 'avg_r_int': 0.0, 'alpha': 0.01, 'alpha_loss': 0.0, 'batch_nonzero_r_frac': 1.0, 'target_mean': 223.97076416015625, 'td_target_norm_mean': 0.9485485553741455, 'Beta': 0.0, 'Q_ext_mean': -0.12863393127918243, 'Q_int_mean': 0.0, 'last_eps': 0.05, 'entropy': 0.0}
{'extrinsic': 0.003237973665818572, 'intrinsic': 0.0, 'rnd': 0.0, 'avg_r_int': 0.0, 'alpha': 0.01, 'alpha_loss': 0.0, 'batch_nonzero_r_frac': 1.0, 'target_mean': 246.87307739257812, 'td_target_norm_mean': 0.8735784888267517, 'Beta': 0.0, 'Q_ext_mean': 0.08276678621768951, 'Q_int_mean': 0.0, 'last_eps': 0.05, 'entropy': 0.0}
[DQN] Step 360000/1000000 (Episodes: 356) smooth r 1563.7190310964534
{'extrinsic': 0.002583133988082409, 'intrinsic': 0.0, 'rnd': 0.0, 'avg_r_int': 0.0, 'alpha': 0.01, 'alpha_loss': 0.0, 'batch_nonzero_r_frac': 1.0, 'target_mean': 241.45123291015625, 'td_target_norm_mean': 0.9631884694099426, 'Beta': 0.0, 'Q_ext_mean': -0.022429971024394035, 'Q_int_mean': 0.0, 'last_eps': 0.05, 'entropy': 0.0}
{'extrinsic': 0.002278643660247326, 'intrinsic': 0.0, 'rnd': 0.0, 'avg_r_int': 0.0, 'alpha': 0.01, 'alpha_loss': 0.0, 'batch_nonzero_r_frac': 1.0, 'target_mean': 273.6228332519531, 'td_target_norm_mean': 0.8843125104904175, 'Beta': 0.0, 'Q_ext_mean': 0.1947634071111679, 'Q_int_mean': 0.0, 'last_eps': 0.05, 'entropy': 0.0}
{'extrinsic': 0.014915150590240955, 'intrinsic': 0.0, 'rnd': 0.0, 'avg_r_int': 0.0, 'alpha': 0.01, 'alpha_loss': 0.0, 'batch_nonzero_r_frac': 0.984375, 'target_mean': 271.31878662109375, 'td_target_norm_mean': 0.8656305074691772, 'Beta': 0.0, 'Q_ext_mean': 0.09521330147981644, 'Q_int_mean': 0.0, 'last_eps': 0.05, 'entropy': 0.0}
[DQN] Step 370000/1000000 (Episodes: 368) smooth r 1674.3538014339247
{'extrinsic': 0.01009706873446703, 'intrinsic': 0.0, 'rnd': 0.0, 'avg_r_int': 0.0, 'alpha': 0.01, 'alpha_loss': 0.0, 'batch_nonzero_r_frac': 1.0, 'target_mean': 243.77902221679688, 'td_target_norm_mean': 0.9950796365737915, 'Beta': 0.0, 'Q_ext_mean': -0.11719948798418045, 'Q_int_mean': 0.0, 'last_eps': 0.05, 'entropy': 0.0}
{'extrinsic': 0.004719167947769165, 'intrinsic': 0.0, 'rnd': 0.0, 'avg_r_int': 0.0, 'alpha': 0.01, 'alpha_loss': 0.0, 'batch_nonzero_r_frac': 1.0, 'target_mean': 273.1455078125, 'td_target_norm_mean': 0.8933842182159424, 'Beta': 0.0, 'Q_ext_mean': 0.10994846373796463, 'Q_int_mean': 0.0, 'last_eps': 0.05, 'entropy': 0.0}
[DQN] Step 380000/1000000 (Episodes: 376) smooth r 1830.3438288470477
{'extrinsic': 0.002627730369567871, 'intrinsic': 0.0, 'rnd': 0.0, 'avg_r_int': 0.0, 'alpha': 0.01, 'alpha_loss': 0.0, 'batch_nonzero_r_frac': 1.0, 'target_mean': 256.4842529296875, 'td_target_norm_mean': 0.9893376231193542, 'Beta': 0.0, 'Q_ext_mean': -0.08535844832658768, 'Q_int_mean': 0.0, 'last_eps': 0.05, 'entropy': 0.0}
{'extrinsic': 0.0039833905175328255, 'intrinsic': 0.0, 'rnd': 0.0, 'avg_r_int': 0.0, 'alpha': 0.01, 'alpha_loss': 0.0, 'batch_nonzero_r_frac': 1.0, 'target_mean': 269.7590637207031, 'td_target_norm_mean': 0.8856707811355591, 'Beta': 0.0, 'Q_ext_mean': -0.025883164256811142, 'Q_int_mean': 0.0, 'last_eps': 0.05, 'entropy': 0.0}
{'extrinsic': 0.00297688040882349, 'intrinsic': 0.0, 'rnd': 0.0, 'avg_r_int': 0.0, 'alpha': 0.01, 'alpha_loss': 0.0, 'batch_nonzero_r_frac': 1.0, 'target_mean': 276.3778991699219, 'td_target_norm_mean': 0.8971920609474182, 'Beta': 0.0, 'Q_ext_mean': -0.021010998636484146, 'Q_int_mean': 0.0, 'last_eps': 0.05, 'entropy': 0.0}
[DQN] Step 390000/1000000 (Episodes: 388) smooth r 1905.8231508047702
{'extrinsic': 0.0026450161822140217, 'intrinsic': 0.0, 'rnd': 0.0, 'avg_r_int': 0.0, 'alpha': 0.01, 'alpha_loss': 0.0, 'batch_nonzero_r_frac': 1.0, 'target_mean': 266.89599609375, 'td_target_norm_mean': 0.9522716403007507, 'Beta': 0.0, 'Q_ext_mean': -0.1729458123445511, 'Q_int_mean': 0.0, 'last_eps': 0.05, 'entropy': 0.0}
{'extrinsic': 0.0026272404938936234, 'intrinsic': 0.0, 'rnd': 0.0, 'avg_r_int': 0.0, 'alpha': 0.01, 'alpha_loss': 0.0, 'batch_nonzero_r_frac': 1.0, 'target_mean': 273.5096435546875, 'td_target_norm_mean': 0.9195231795310974, 'Beta': 0.0, 'Q_ext_mean': -0.17915116250514984, 'Q_int_mean': 0.0, 'last_eps': 0.05, 'entropy': 0.0}
[DQN] Step 400000/1000000 (Episodes: 396) smooth r 1885.9798511752542
{'extrinsic': 0.0031545409001410007, 'intrinsic': 0.0, 'rnd': 0.0, 'avg_r_int': 0.0, 'alpha': 0.01, 'alpha_loss': 0.0, 'batch_nonzero_r_frac': 1.0, 'target_mean': 251.46957397460938, 'td_target_norm_mean': 1.0234198570251465, 'Beta': 0.0, 'Q_ext_mean': -0.3180604577064514, 'Q_int_mean': 0.0, 'last_eps': 0.05, 'entropy': 0.0}
{'extrinsic': 0.0022316891700029373, 'intrinsic': 0.0, 'rnd': 0.0, 'avg_r_int': 0.0, 'alpha': 0.01, 'alpha_loss': 0.0, 'batch_nonzero_r_frac': 1.0, 'target_mean': 293.2276306152344, 'td_target_norm_mean': 0.8762890100479126, 'Beta': 0.0, 'Q_ext_mean': 0.07469173520803452, 'Q_int_mean': 0.0, 'last_eps': 0.05, 'entropy': 0.0}
{'extrinsic': 0.003018244169652462, 'intrinsic': 0.0, 'rnd': 0.0, 'avg_r_int': 0.0, 'alpha': 0.01, 'alpha_loss': 0.0, 'batch_nonzero_r_frac': 1.0, 'target_mean': 305.80072021484375, 'td_target_norm_mean': 0.7469146251678467, 'Beta': 0.0, 'Q_ext_mean': 0.08973641693592072, 'Q_int_mean': 0.0, 'last_eps': 0.05, 'entropy': 0.0}
[DQN] Step 410000/1000000 (Episodes: 408) smooth r 2224.7729494094465
{'extrinsic': 0.0027707000263035297, 'intrinsic': 0.0, 'rnd': 0.0, 'avg_r_int': 0.0, 'alpha': 0.01, 'alpha_loss': 0.0, 'batch_nonzero_r_frac': 1.0, 'target_mean': 302.635498046875, 'td_target_norm_mean': 0.8083555102348328, 'Beta': 0.0, 'Q_ext_mean': 0.007794848643243313, 'Q_int_mean': 0.0, 'last_eps': 0.05, 'entropy': 0.0}
{'extrinsic': 0.0025932881981134415, 'intrinsic': 0.0, 'rnd': 0.0, 'avg_r_int': 0.0, 'alpha': 0.01, 'alpha_loss': 0.0, 'batch_nonzero_r_frac': 1.0, 'target_mean': 333.4801940917969, 'td_target_norm_mean': 0.6989619731903076, 'Beta': 0.0, 'Q_ext_mean': 0.22027507424354553, 'Q_int_mean': 0.0, 'last_eps': 0.05, 'entropy': 0.0}
[DQN] Step 420000/1000000 (Episodes: 416) smooth r 2256.107288790728
{'extrinsic': 0.0031782956793904305, 'intrinsic': 0.0, 'rnd': 0.0, 'avg_r_int': 0.0, 'alpha': 0.01, 'alpha_loss': 0.0, 'batch_nonzero_r_frac': 1.0, 'target_mean': 311.2539978027344, 'td_target_norm_mean': 0.80364590883255, 'Beta': 0.0, 'Q_ext_mean': -0.05579191446304321, 'Q_int_mean': 0.0, 'last_eps': 0.05, 'entropy': 0.0}
{'extrinsic': 0.004380917176604271, 'intrinsic': 0.0, 'rnd': 0.0, 'avg_r_int': 0.0, 'alpha': 0.01, 'alpha_loss': 0.0, 'batch_nonzero_r_frac': 1.0, 'target_mean': 289.56561279296875, 'td_target_norm_mean': 0.9112948179244995, 'Beta': 0.0, 'Q_ext_mean': -0.19477836787700653, 'Q_int_mean': 0.0, 'last_eps': 0.05, 'entropy': 0.0}
{'extrinsic': 0.004480686970055103, 'intrinsic': 0.0, 'rnd': 0.0, 'avg_r_int': 0.0, 'alpha': 0.01, 'alpha_loss': 0.0, 'batch_nonzero_r_frac': 1.0, 'target_mean': 293.8508605957031, 'td_target_norm_mean': 0.8393633365631104, 'Beta': 0.0, 'Q_ext_mean': -0.03538870811462402, 'Q_int_mean': 0.0, 'last_eps': 0.05, 'entropy': 0.0}
[DQN] Step 430000/1000000 (Episodes: 428) smooth r 1932.3533533819152
{'extrinsic': 0.0024100681766867638, 'intrinsic': 0.0, 'rnd': 0.0, 'avg_r_int': 0.0, 'alpha': 0.01, 'alpha_loss': 0.0, 'batch_nonzero_r_frac': 1.0, 'target_mean': 284.31573486328125, 'td_target_norm_mean': 0.8863414525985718, 'Beta': 0.0, 'Q_ext_mean': -0.0602772980928421, 'Q_int_mean': 0.0, 'last_eps': 0.05, 'entropy': 0.0}
{'extrinsic': 0.0016371894162148237, 'intrinsic': 0.0, 'rnd': 0.0, 'avg_r_int': 0.0, 'alpha': 0.01, 'alpha_loss': 0.0, 'batch_nonzero_r_frac': 1.0, 'target_mean': 329.68267822265625, 'td_target_norm_mean': 0.727314829826355, 'Beta': 0.0, 'Q_ext_mean': 0.27323034405708313, 'Q_int_mean': 0.0, 'last_eps': 0.05, 'entropy': 0.0}
[DQN] Step 440000/1000000 (Episodes: 436) smooth r 2249.8608646203434
{'extrinsic': 0.0025546662509441376, 'intrinsic': 0.0, 'rnd': 0.0, 'avg_r_int': 0.0, 'alpha': 0.01, 'alpha_loss': 0.0, 'batch_nonzero_r_frac': 1.0, 'target_mean': 328.64385986328125, 'td_target_norm_mean': 0.6950415968894958, 'Beta': 0.0, 'Q_ext_mean': 0.1795521229505539, 'Q_int_mean': 0.0, 'last_eps': 0.05, 'entropy': 0.0}
{'extrinsic': 0.003989733289927244, 'intrinsic': 0.0, 'rnd': 0.0, 'avg_r_int': 0.0, 'alpha': 0.01, 'alpha_loss': 0.0, 'batch_nonzero_r_frac': 1.0, 'target_mean': 335.8756408691406, 'td_target_norm_mean': 0.6969221234321594, 'Beta': 0.0, 'Q_ext_mean': 0.17947103083133698, 'Q_int_mean': 0.0, 'last_eps': 0.05, 'entropy': 0.0}
{'extrinsic': 0.00635113101452589, 'intrinsic': 0.0, 'rnd': 0.0, 'avg_r_int': 0.0, 'alpha': 0.01, 'alpha_loss': 0.0, 'batch_nonzero_r_frac': 1.0, 'target_mean': 337.62908935546875, 'td_target_norm_mean': 0.7217916250228882, 'Beta': 0.0, 'Q_ext_mean': 0.08462852984666824, 'Q_int_mean': 0.0, 'last_eps': 0.05, 'entropy': 0.0}
[DQN] Step 450000/1000000 (Episodes: 448) smooth r 2266.9083246953883






