Run With ablation 6 

elif args.ablation == 6:
    cfg["munchausen_constant"] = 0.9
    cfg["soft"] = True
    cfg["Beta"] = 0.0
    cfg["distributional"] = False
    cfg["delayed"] = True
    cfg["dueling"] = False


Args: Namespace(algo='dqn', env_name='mujoco', env_id='mujoco', device='cpu', ablation=4, fully_obs=False, run=1000, num_envs=64, num_steps=2048, total_steps=1000000, total_steps_override=0, max_wall_time=86400.0, device_name='laptop', skip_best_params=False, dqn_buffer_size=20000.0, dqn_batch_size=64, update_every=4, rnd_burn_in=1000, buffer_size=20000.0, gamma=0.99, tau=3e-06, batch_size=128, learning_starts=10000, policy_lr=0.0003, q_lr=0.001, policy_frequency=4, target_network_frequency=1, alpha=0.001, autotune=True, n_quantiles=32, n_target_quantiles=32, hide_seek_bins_per_dim=3)
Torch does not support int32 gather, switching to 64
{'extrinsic': 825.0800170898438, 'intrinsic': 13868.43359375, 'rnd': 0.2237354815006256, 'avg_r_int': 0.2237354815006256, 'alpha': 0.04978209361433983, 'alpha_loss': 0.010938725434243679, 'batch_nonzero_r_frac': 1.0, 'target_mean': 1.3338161706924438, 'td_target_norm_mean': 5.99188756942749, 'Beta': 0.9862327044933592, 'Q_ext_mean': 5.785862445831299, 'Q_int_mean': -23.503841400146484, 'last_eps': 0.491936, 'entropy': tensor(1.0986)}
{'extrinsic': 0.1026032418012619, 'intrinsic': 3.2609994411468506, 'rnd': 0.17311689257621765, 'avg_r_int': 0.17311689257621765, 'alpha': 0.05336691066622734, 'alpha_loss': -0.009336468763649464, 'batch_nonzero_r_frac': 1.0, 'target_mean': -1536.041748046875, 'td_target_norm_mean': 3.0875918865203857, 'Beta': 0.9726549474122855, 'Q_ext_mean': -0.49302351474761963, 'Q_int_mean': -4.454749584197998, 'last_eps': 0.484, 'entropy': tensor(0.7039)}
[DQN] Step 10048/1000000 (Episodes: 0) smooth r 0.0
{'extrinsic': 0.059210341423749924, 'intrinsic': 4.871856689453125, 'rnd': 0.11094852536916733, 'avg_r_int': 0.11094852536916733, 'alpha': 0.05385299026966095, 'alpha_loss': -0.0013683545403182507, 'batch_nonzero_r_frac': 1.0, 'target_mean': -113055.609375, 'td_target_norm_mean': 3.147733211517334, 'Beta': 0.9592641193252643, 'Q_ext_mean': -0.544026255607605, 'Q_int_mean': -12.925846099853516, 'last_eps': 0.475936, 'entropy': tensor(0.8535)}
{'extrinsic': 1.1552706956863403, 'intrinsic': 18.893321990966797, 'rnd': 0.12128090858459473, 'avg_r_int': 0.12128090858459473, 'alpha': 0.059915099292993546, 'alpha_loss': -0.02067584916949272, 'batch_nonzero_r_frac': 1.0, 'target_mean': -1189085.75, 'td_target_norm_mean': 26.694171905517578, 'Beta': 0.9460576467255959, 'Q_ext_mean': -4.561251163482666, 'Q_int_mean': -35.08434295654297, 'last_eps': 0.46799999999999997, 'entropy': tensor(0.5338)}
[DQN] Step 20032/1000000 (Episodes: 0) smooth r 0.0
{'extrinsic': 4.4394001960754395, 'intrinsic': 48.76521682739258, 'rnd': 0.0911688357591629, 'avg_r_int': 0.0911688357591629, 'alpha': 0.0687478706240654, 'alpha_loss': -0.025629810988903046, 'batch_nonzero_r_frac': 1.0, 'target_mean': -3043799.5, 'td_target_norm_mean': 101.9470443725586, 'Beta': 0.9330329915368074, 'Q_ext_mean': -16.87366485595703, 'Q_int_mean': -84.83607482910156, 'last_eps': 0.459936, 'entropy': tensor(0.5060)}
{'extrinsic': 35.173667907714844, 'intrinsic': 120.31600952148438, 'rnd': 0.057081256061792374, 'avg_r_int': 0.057081256061792374, 'alpha': 0.07865458726882935, 'alpha_loss': -0.049689628183841705, 'batch_nonzero_r_frac': 1.0, 'target_mean': -5247979.0, 'td_target_norm_mean': 281.3328552246094, 'Beta': 0.9201876506248751, 'Q_ext_mean': -47.5151481628418, 'Q_int_mean': -184.6767120361328, 'last_eps': 0.452, 'entropy': tensor(0.2471)}
{'extrinsic': 82.02725219726562, 'intrinsic': 465.86163330078125, 'rnd': 0.03129144012928009, 'avg_r_int': 0.03129144012928009, 'alpha': 0.08907071501016617, 'alpha_loss': -0.05621035397052765, 'batch_nonzero_r_frac': 1.0, 'target_mean': -7534242.5, 'td_target_norm_mean': 659.7392578125, 'Beta': 0.9075191553171609, 'Q_ext_mean': -109.27413940429688, 'Q_int_mean': -377.9566345214844, 'last_eps': 0.443936, 'entropy': tensor(0.2477)}
[DQN] Step 30016/1000000 (Episodes: 0) smooth r 0.0
{'extrinsic': 255.89308166503906, 'intrinsic': 1342.6641845703125, 'rnd': 0.022798724472522736, 'avg_r_int': 0.022798724472522736, 'alpha': 0.10051233321428299, 'alpha_loss': -0.08096621185541153, 'batch_nonzero_r_frac': 1.0, 'target_mean': -9873329.0, 'td_target_norm_mean': 1420.388427734375, 'Beta': 0.8950250709279725, 'Q_ext_mean': -236.83541870117188, 'Q_int_mean': -750.8630981445312, 'last_eps': 0.436, 'entropy': tensor(0.0733)}
{'extrinsic': 727.5087280273438, 'intrinsic': 3880.8896484375, 'rnd': 0.013981606811285019, 'avg_r_int': 0.013981606811285019, 'alpha': 0.11305829137563705, 'alpha_loss': -0.08992971479892731, 'batch_nonzero_r_frac': 1.0, 'target_mean': -12173689.0, 'td_target_norm_mean': 2874.8642578125, 'Beta': 0.8827029962906549, 'Q_ext_mean': -479.4761962890625, 'Q_int_mean': -1403.0677490234375, 'last_eps': 0.427936, 'entropy': tensor(0.0834)}
[DQN] Step 40000/1000000 (Episodes: 0) smooth r 0.0
{'extrinsic': 1981.1351318359375, 'intrinsic': 8810.517578125, 'rnd': 0.009925556369125843, 'avg_r_int': 0.009925556369125843, 'alpha': 0.12677590548992157, 'alpha_loss': -0.10423649102449417, 'batch_nonzero_r_frac': 1.0, 'target_mean': -14502219.0, 'td_target_norm_mean': 5579.875, 'Beta': 0.8705505632961241, 'Q_ext_mean': -928.8129272460938, 'Q_int_mean': -2475.40576171875, 'last_eps': 0.42, 'entropy': tensor(0.0566)}
{'extrinsic': 6291.333984375, 'intrinsic': 64565.32421875, 'rnd': 0.006516977213323116, 'avg_r_int': 0.006516977213323116, 'alpha': 0.14197993278503418, 'alpha_loss': -0.1195889338850975, 'batch_nonzero_r_frac': 1.0, 'target_mean': -16777508.0, 'td_target_norm_mean': 10351.25, 'Beta': 0.8585654364377537, 'Q_ext_mean': -1726.1854248046875, 'Q_int_mean': -4014.96533203125, 'last_eps': 0.41193599999999997, 'entropy': tensor(0.0365)}
{'extrinsic': 21412.40234375, 'intrinsic': 30840.00390625, 'rnd': 0.005056402646005154, 'avg_r_int': 0.005056402646005154, 'alpha': 0.15883009135723114, 'alpha_loss': -0.13676345348358154, 'batch_nonzero_r_frac': 1.0, 'target_mean': -18942326.0, 'td_target_norm_mean': 17761.75390625, 'Beta': 0.8467453123625271, 'Q_ext_mean': -2955.37548828125, 'Q_int_mean': -5380.76318359375, 'last_eps': 0.404, 'entropy': tensor(0.0177)}
[DQN] Step 50048/1000000 (Episodes: 0) smooth r 0.0
{'extrinsic': 50658.10546875, 'intrinsic': 34316.50390625, 'rnd': 0.005299414973706007, 'avg_r_int': 0.005299414973706007, 'alpha': 0.17755205929279327, 'alpha_loss': -0.1509672999382019, 'batch_nonzero_r_frac': 1.0, 'target_mean': -21046038.0, 'td_target_norm_mean': 28927.904296875, 'Beta': 0.8350879194283694, 'Q_ext_mean': -4810.52294921875, 'Q_int_mean': -5665.15869140625, 'last_eps': 0.395936, 'entropy': tensor(0.0285)}
{'extrinsic': 36246.51171875, 'intrinsic': 37139.98046875, 'rnd': 0.005505155771970749, 'avg_r_int': 0.005505155771970749, 'alpha': 0.19832444190979004, 'alpha_loss': -0.16858306527137756, 'batch_nonzero_r_frac': 1.0, 'target_mean': -22398880.0, 'td_target_norm_mean': 30796.26953125, 'Beta': 0.8235910172675731, 'Q_ext_mean': -5130.1494140625, 'Q_int_mean': -5954.5703125, 'last_eps': 0.388, 'entropy': tensor(0.0288)}
[DQN] Step 60032/1000000 (Episodes: 0) smooth r 0.0
{'extrinsic': 43641.5546875, 'intrinsic': 47122.0390625, 'rnd': 0.0046095820143818855, 'avg_r_int': 0.0046095820143818855, 'alpha': 0.22137904167175293, 'alpha_loss': -0.18746982514858246, 'batch_nonzero_r_frac': 1.0, 'target_mean': -23654600.0, 'td_target_norm_mean': 32530.50390625, 'Beta': 0.8122523963562356, 'Q_ext_mean': -5434.1083984375, 'Q_int_mean': -6212.73681640625, 'last_eps': 0.379936, 'entropy': tensor(0.0320)}
{'extrinsic': 45232.90625, 'intrinsic': 51043.98828125, 'rnd': 0.00709674134850502, 'avg_r_int': 0.00709674134850502, 'alpha': 0.2470497339963913, 'alpha_loss': -0.2048429399728775, 'batch_nonzero_r_frac': 1.0, 'target_mean': -24851612.0, 'td_target_norm_mean': 34183.66015625, 'Beta': 0.8010698775896221, 'Q_ext_mean': -5698.810546875, 'Q_int_mean': -6455.63330078125, 'last_eps': 0.372, 'entropy': tensor(0.0496)}
Traceback (most recent call last):
  File "C:\Users\tcfla\Desktop\CrabRL\CrabAblation\runner.py", line 980, in <module>
    main()
  File "C:\Users\tcfla\Desktop\CrabRL\CrabAblation\runner.py", line 963, in main
              ^^^^^^^^^^^^^^^^^^^
  File "C:\Users\tcfla\Desktop\CrabRL\CrabAblation\runner.py", line 877, in rollout_offline_rl
    loss_val = agent.update(batch_size=batch_size, step=effective_step)
               ^^^^^^^^^^^^^^^^^^^^^^^^^^^^^^^^^^^^^^^^^^^^^^^^^^^^^^^^
  File "C:\Users\tcfla\Desktop\CrabRL\CrabAblation\learning_algorithms\DQN_Rainbow.py", line 526, in update
    self.ext_target(b_next_obs, normalized=False)
  File "C:\Users\tcfla\Desktop\CrabRL\CrabAblation\.venv\Lib\site-packages\torch\nn\modules\module.py", line 1751, in _wrapped_call_impl
    return self._call_impl(*args, **kwargs)
           ^^^^^^^^^^^^^^^^^^^^^^^^^^^^^^^^
  File "C:\Users\tcfla\Desktop\CrabRL\CrabAblation\.venv\Lib\site-packages\torch\nn\modules\module.py", line 1756, in _call_impl
    forward_call = (self._slow_forward if torch._C._get_tracing_state() else self.forward)
                                          ^^^^^^^^^^^^^^^^^^^^^^^^^^^^^
KeyboardInterrupt
(.venv) PS C:\Users\tcfla\Desktop\CrabRL\CrabAblation> python runner.py --algo dqn --env_name mujoco --ablation 4 --run 1000 --device_name laptop
C:\Users\tcfla\Desktop\CrabRL\CrabAblation\.venv\Lib\site-packages\pygame\pkgdata.py:25: UserWarning: pkg_resources is deprecated as an API. See https://setuptools.pypa.io/en/latest/pkg_resources.html. The pkg_resources package is slated for removal as early as 2025-11-30. Refrain from using this package or pin to Setuptools<81.
  from pkg_resources import resource_stream, resource_exists
--- Auto-configured MSVC: 14.50.35717 ---
✅ MSVC Environment (including OpenMP) fully initialized.
Traceback (most recent call last):
  File "C:\Users\tcfla\Desktop\CrabRL\CrabAblation\runner.py", line 24, in <module>
    from learning_algorithms.SAC_Rainbow import DistSAC, EVSAC
  File "C:\Users\tcfla\Desktop\CrabRL\CrabAblation\learning_algorithms\SAC_Rainbow.py", line 95, in <module>
    @torch.compile
     ^^^^^^^^^^^^^
  File "C:\Users\tcfla\Desktop\CrabRL\CrabAblation\.venv\Lib\site-packages\torch\__init__.py", line 2572, in compile
    return torch._dynamo.optimize(
           ^^^^^^^^^^^^^^^^^^^^^^^
  File "C:\Users\tcfla\Desktop\CrabRL\CrabAblation\.venv\Lib\site-packages\torch\_dynamo\eval_frame.py", line 944, in optimize    return _optimize(rebuild_ctx, *args, **kwargs)
           ^^^^^^^^^^^^^^^^^^^^^^^^^^^^^^^^^^^^^^^
  File "C:\Users\tcfla\Desktop\CrabRL\CrabAblation\.venv\Lib\site-packages\torch\_dynamo\eval_frame.py", line 1019, in _optimize
    backend.get_compiler_config()
  File "C:\Users\tcfla\Desktop\CrabRL\CrabAblation\.venv\Lib\site-packages\torch\__init__.py", line 2350, in get_compiler_config
    from torch._inductor.compile_fx import get_patched_config_dict>
    from torch._inductor.debug import save_args_for_compile_fx_inner
  File "C:\Users\tcfla\Desktop\CrabRL\CrabAblation\.venv\Lib\site-packages\torch\_inductor\debug.py", line 34, in <module>
    from . import config, ir  # noqa: F811, this is needed
    ^^^^^^^^^^^^^^^^^^^^^^^^
  File "C:\Users\tcfla\Desktop\CrabRL\CrabAblation\.venv\Lib\site-packages\torch\_inductor\ir.py", line 76, in <module>
    from .runtime.benchmarking import benchmarker
  File "C:\Users\tcfla\Desktop\CrabRL\CrabAblation\.venv\Lib\site-packages\torch\_inductor\runtime\benchmarking.py", line 16, in <module>
    use_experimental_benchmarker and torch.cuda.is_available()
                                     ^^^^^^^^^^^^^^^^^^^^^^^^^
  File "C:\Users\tcfla\Desktop\CrabRL\CrabAblation\.venv\Lib\site-packages\torch\cuda\__init__.py", line 174, in is_available
    return torch._C._cuda_getDeviceCount() > 0
           ^^^^^^^^^^^^^^^^^^^^^^^^^^^^^^^
KeyboardInterrupt
(.venv) PS C:\Users\tcfla\Desktop\CrabRL\CrabAblation> python runner.py --algo dqn --env_name mujoco --ablation 6 --run 1000 --device_name laptop
C:\Users\tcfla\Desktop\CrabRL\CrabAblation\.venv\Lib\site-packages\pygame\pkgdata.py:25: UserWarning: pkg_resources is deprecated as an API. See https://setuptools.pypa.io/en/latest/pkg_resources.html. The pkg_resources package is slated for removal as early as 2025-11-30. Refrain from using this package or pin to Setuptools<81.
  from pkg_resources import resource_stream, resource_exists
--- Auto-configured MSVC: 14.50.35717 ---
✅ MSVC Environment (including OpenMP) fully initialized.
Args: Namespace(algo='dqn', env_name='mujoco', env_id='mujoco', device='cpu', ablation=6, fully_obs=False, run=1000, num_envs=4, num_steps=2048, total_steps=1000000, total_steps_override=0, max_wall_time=86400.0, device_name='laptop', skip_best_params=False, dqn_buffer_size=20000.0, dqn_batch_size=64, update_every=4, rnd_burn_in=1000, buffer_size=20000.0, gamma=0.99, tau=3e-06, batch_size=128, learning_starts=10000, policy_lr=0.0003, q_lr=0.001, policy_frequency=4, target_network_frequency=1, alpha=0.001, autotune=True, n_quantiles=32, n_target_quantiles=32, hide_seek_bins_per_dim=3)
Torch does not support int32 gather, switching to 64
{'extrinsic': 0.07665952295064926, 'intrinsic': 0.0, 'rnd': 0.0, 'avg_r_int': 0.0, 'alpha': 0.04979204013943672, 'alpha_loss': -0.0029261671006679535, 'batch_nonzero_r_frac': 1.0, 'target_mean': -0.28513842821121216, 'td_target_norm_mean': 7.386593818664551, 'Beta': 0.0, 'Q_ext_mean': 7.437139511108398, 'Q_int_mean': 0.0, 'last_eps': 0.49188, 'entropy': tensor(0.8201)}
{'extrinsic': 0.003942869137972593, 'intrinsic': 0.0, 'rnd': 0.0, 'avg_r_int': 0.0, 'alpha': 0.052308615297079086, 'alpha_loss': -0.0003409176133573055, 'batch_nonzero_r_frac': 1.0, 'target_mean': 31.007301330566406, 'td_target_norm_mean': 0.9212185144424438, 'Beta': 0.0, 'Q_ext_mean': 0.9239785075187683, 'Q_int_mean': 0.0, 'last_eps': 0.48388, 'entropy': tensor(0.8724)}
[DQN] Step 10000/1000000 (Episodes: 8) smooth r -405.4692911471159
{'extrinsic': 0.003444954752922058, 'intrinsic': 0.0, 'rnd': 0.0, 'avg_r_int': 0.0, 'alpha': 0.05493210256099701, 'alpha_loss': -0.004858200903981924, 'batch_nonzero_r_frac': 1.0, 'target_mean': 29.133676528930664, 'td_target_norm_mean': 0.40672042965888977, 'Beta': 0.0, 'Q_ext_mean': 0.3935888111591339, 'Q_int_mean': 0.0, 'last_eps': 0.47588, 'entropy': tensor(0.7904)}
{'extrinsic': 0.004626198671758175, 'intrinsic': 0.0, 'rnd': 0.0, 'avg_r_int': 0.0, 'alpha': 0.062103964388370514, 'alpha_loss': -0.0062094442546367645, 'batch_nonzero_r_frac': 1.0, 'target_mean': 26.21636199951172, 'td_target_norm_mean': 0.14156275987625122, 'Beta': 0.0, 'Q_ext_mean': 0.10423187911510468, 'Q_int_mean': 0.0, 'last_eps': 0.46788, 'entropy': tensor(0.7789)}
[DQN] Step 20000/1000000 (Episodes: 16) smooth r -392.8347363206641
{'extrinsic': 0.015268226154148579, 'intrinsic': 0.0, 'rnd': 0.0, 'avg_r_int': 0.0, 'alpha': 0.07105300575494766, 'alpha_loss': -0.009954147972166538, 'batch_nonzero_r_frac': 1.0, 'target_mean': 23.911746978759766, 'td_target_norm_mean': 0.1678120195865631, 'Beta': 0.0, 'Q_ext_mean': -0.09471986442804337, 'Q_int_mean': 0.0, 'last_eps': 0.45988, 'entropy': tensor(0.7388)}
{'extrinsic': 0.0326693020761013, 'intrinsic': 0.0, 'rnd': 0.0, 'avg_r_int': 0.0, 'alpha': 0.0811033621430397, 'alpha_loss': -0.026422875002026558, 'batch_nonzero_r_frac': 1.0, 'target_mean': 22.58791160583496, 'td_target_norm_mean': 0.4300391674041748, 'Beta': 0.0, 'Q_ext_mean': -0.20063400268554688, 'Q_int_mean': 0.0, 'last_eps': 0.45188, 'entropy': tensor(0.5530)}
{'extrinsic': 0.029195478186011314, 'intrinsic': 0.0, 'rnd': 0.0, 'avg_r_int': 0.0, 'alpha': 0.09281416237354279, 'alpha_loss': -0.03408797085285187, 'batch_nonzero_r_frac': 1.0, 'target_mean': 21.137834548950195, 'td_target_norm_mean': 0.5302954316139221, 'Beta': 0.0, 'Q_ext_mean': -0.39569035172462463, 'Q_int_mean': 0.0, 'last_eps': 0.44388, 'entropy': tensor(0.5116)}
[DQN] Step 30000/1000000 (Episodes: 28) smooth r -286.06603888703194
{'extrinsic': 0.054515670984983444, 'intrinsic': 0.0, 'rnd': 0.0, 'avg_r_int': 0.0, 'alpha': 0.10569238662719727, 'alpha_loss': -0.047589387744665146, 'batch_nonzero_r_frac': 1.0, 'target_mean': 21.662296295166016, 'td_target_norm_mean': 0.7202955484390259, 'Beta': 0.0, 'Q_ext_mean': -0.2321794629096985, 'Q_int_mean': 0.0, 'last_eps': 0.43588, 'entropy': tensor(0.4286)}
{'extrinsic': 0.05125531181693077, 'intrinsic': 0.0, 'rnd': 0.0, 'avg_r_int': 0.0, 'alpha': 0.12012431025505066, 'alpha_loss': -0.06397325545549393, 'batch_nonzero_r_frac': 1.0, 'target_mean': 24.079818725585938, 'td_target_norm_mean': 1.0028148889541626, 'Beta': 0.0, 'Q_ext_mean': 0.09917926788330078, 'Q_int_mean': 0.0, 'last_eps': 0.42788, 'entropy': tensor(0.3463)}
[DQN] Step 40000/1000000 (Episodes: 36) smooth r -17.500965013706903
{'extrinsic': 0.04354994371533394, 'intrinsic': 0.0, 'rnd': 0.0, 'avg_r_int': 0.0, 'alpha': 0.1348390281200409, 'alpha_loss': -0.06297638267278671, 'batch_nonzero_r_frac': 1.0, 'target_mean': 26.45093536376953, 'td_target_norm_mean': 0.8996989727020264, 'Beta': 0.0, 'Q_ext_mean': 0.07652167230844498, 'Q_int_mean': 0.0, 'last_eps': 0.41988000000000003, 'entropy': tensor(0.4118)}
{'extrinsic': 0.055928949266672134, 'intrinsic': 0.0, 'rnd': 0.0, 'avg_r_int': 0.0, 'alpha': 0.15045051276683807, 'alpha_loss': -0.06766312569379807, 'batch_nonzero_r_frac': 1.0, 'target_mean': 29.424877166748047, 'td_target_norm_mean': 0.8200891017913818, 'Beta': 0.0, 'Q_ext_mean': 0.10875996202230453, 'Q_int_mean': 0.0, 'last_eps': 0.41188, 'entropy': tensor(0.4291)}
{'extrinsic': 0.055785294622182846, 'intrinsic': 0.0, 'rnd': 0.0, 'avg_r_int': 0.0, 'alpha': 0.1677495241165161, 'alpha_loss': -0.08466385304927826, 'batch_nonzero_r_frac': 1.0, 'target_mean': 33.884368896484375, 'td_target_norm_mean': 0.7957207560539246, 'Beta': 0.0, 'Q_ext_mean': 0.11795997619628906, 'Q_int_mean': 0.0, 'last_eps': 0.40388, 'entropy': tensor(0.3741)}
[DQN] Step 50000/1000000 (Episodes: 48) smooth r 259.97298080462787
{'extrinsic': 0.094156913459301, 'intrinsic': 0.0, 'rnd': 0.0, 'avg_r_int': 0.0, 'alpha': 0.1867699921131134, 'alpha_loss': -0.0901171863079071, 'batch_nonzero_r_frac': 1.0, 'target_mean': 36.137115478515625, 'td_target_norm_mean': 0.7271211743354797, 'Beta': 0.0, 'Q_ext_mean': 0.20210784673690796, 'Q_int_mean': 0.0, 'last_eps': 0.39588, 'entropy': tensor(0.3963)}
{'extrinsic': 0.044291384518146515, 'intrinsic': 0.0, 'rnd': 0.0, 'avg_r_int': 0.0, 'alpha': 0.20791062712669373, 'alpha_loss': -0.08739932626485825, 'batch_nonzero_r_frac': 1.0, 'target_mean': 39.691200256347656, 'td_target_norm_mean': 0.8443347811698914, 'Beta': 0.0, 'Q_ext_mean': 0.14293763041496277, 'Q_int_mean': 0.0, 'last_eps': 0.38788, 'entropy': tensor(0.4585)}
[DQN] Step 60000/1000000 (Episodes: 56) smooth r 310.3026147187308
{'extrinsic': 0.06900347024202347, 'intrinsic': 0.0, 'rnd': 0.0, 'avg_r_int': 0.0, 'alpha': 0.2301342934370041, 'alpha_loss': -0.08846072107553482, 'batch_nonzero_r_frac': 1.0, 'target_mean': 42.66634750366211, 'td_target_norm_mean': 0.7093015909194946, 'Beta': 0.0, 'Q_ext_mean': 0.02231784723699093, 'Q_int_mean': 0.0, 'last_eps': 0.37988, 'entropy': tensor(0.4945)}
{'extrinsic': 0.04678313061594963, 'intrinsic': 0.0, 'rnd': 0.0, 'avg_r_int': 0.0, 'alpha': 0.2539205849170685, 'alpha_loss': -0.07702526450157166, 'batch_nonzero_r_frac': 1.0, 'target_mean': 46.94172286987305, 'td_target_norm_mean': 0.8627772927284241, 'Beta': 0.0, 'Q_ext_mean': 0.12068034708499908, 'Q_int_mean': 0.0, 'last_eps': 0.37188, 'entropy': tensor(0.5755)}
{'extrinsic': 0.03001946210861206, 'intrinsic': 0.0, 'rnd': 0.0, 'avg_r_int': 0.0, 'alpha': 0.2780580520629883, 'alpha_loss': -0.06289897859096527, 'batch_nonzero_r_frac': 1.0, 'target_mean': 48.39161682128906, 'td_target_norm_mean': 0.6347743272781372, 'Beta': 0.0, 'Q_ext_mean': -0.07814851403236389, 'Q_int_mean': 0.0, 'last_eps': 0.36388, 'entropy': tensor(0.6527)}
[DQN] Step 70000/1000000 (Episodes: 68) smooth r 417.8916365939393
{'extrinsic': 0.034314632415771484, 'intrinsic': 0.0, 'rnd': 0.0, 'avg_r_int': 0.0, 'alpha': 0.299795925617218, 'alpha_loss': -0.049070991575717926, 'batch_nonzero_r_frac': 1.0, 'target_mean': 53.900108337402344, 'td_target_norm_mean': 1.006208896636963, 'Beta': 0.0, 'Q_ext_mean': 0.07853622734546661, 'Q_int_mean': 0.0, 'last_eps': 0.35588, 'entropy': tensor(0.7152)}
{'extrinsic': 0.021806418895721436, 'intrinsic': 0.0, 'rnd': 0.0, 'avg_r_int': 0.0, 'alpha': 0.3181983530521393, 'alpha_loss': -0.0375693216919899, 'batch_nonzero_r_frac': 1.0, 'target_mean': 57.12150955200195, 'td_target_norm_mean': 0.8216565847396851, 'Beta': 0.0, 'Q_ext_mean': 0.06905178725719452, 'Q_int_mean': 0.0, 'last_eps': 0.34787999999999997, 'entropy': tensor(0.7608)}
[DQN] Step 80000/1000000 (Episodes: 76) smooth r 444.90939655186173
{'extrinsic': 0.017312990501523018, 'intrinsic': 0.0, 'rnd': 0.0, 'avg_r_int': 0.0, 'alpha': 0.33219924569129944, 'alpha_loss': 0.005702630616724491, 'batch_nonzero_r_frac': 1.0, 'target_mean': 53.820560455322266, 'td_target_norm_mean': 0.7462627291679382, 'Beta': 0.0, 'Q_ext_mean': -0.2930300831794739, 'Q_int_mean': 0.0, 'last_eps': 0.33987999999999996, 'entropy': tensor(0.8961)}
{'extrinsic': 0.022678731009364128, 'intrinsic': 0.0, 'rnd': 0.0, 'avg_r_int': 0.0, 'alpha': 0.33207616209983826, 'alpha_loss': 0.007770999800413847, 'batch_nonzero_r_frac': 1.0, 'target_mean': 59.611846923828125, 'td_target_norm_mean': 0.8477621078491211, 'Beta': 0.0, 'Q_ext_mean': -0.09422257542610168, 'Q_int_mean': 0.0, 'last_eps': 0.33188, 'entropy': tensor(0.9023)}
{'extrinsic': 0.011067039333283901, 'intrinsic': 0.0, 'rnd': 0.0, 'avg_r_int': 0.0, 'alpha': 0.31938469409942627, 'alpha_loss': 0.019566969946026802, 'batch_nonzero_r_frac': 1.0, 'target_mean': 62.27839279174805, 'td_target_norm_mean': 0.797938346862793, 'Beta': 0.0, 'Q_ext_mean': -0.09256266802549362, 'Q_int_mean': 0.0, 'last_eps': 0.32388, 'entropy': tensor(0.9402)}
[DQN] Step 90000/1000000 (Episodes: 88) smooth r 348.32559636161267
{'extrinsic': 0.01680051162838936, 'intrinsic': 0.0, 'rnd': 0.0, 'avg_r_int': 0.0, 'alpha': 0.2962631583213806, 'alpha_loss': 0.007467188406735659, 'batch_nonzero_r_frac': 1.0, 'target_mean': 71.87401580810547, 'td_target_norm_mean': 0.9017870426177979, 'Beta': 0.0, 'Q_ext_mean': 0.2271030694246292, 'Q_int_mean': 0.0, 'last_eps': 0.31588, 'entropy': tensor(0.9041)}
{'extrinsic': 0.012534372508525848, 'intrinsic': 0.0, 'rnd': 0.0, 'avg_r_int': 0.0, 'alpha': 0.27545201778411865, 'alpha_loss': 0.0108183017000556, 'batch_nonzero_r_frac': 1.0, 'target_mean': 69.58806610107422, 'td_target_norm_mean': 0.7198962569236755, 'Beta': 0.0, 'Q_ext_mean': -0.029279865324497223, 'Q_int_mean': 0.0, 'last_eps': 0.30788, 'entropy': tensor(0.9182)}
[DQN] Step 100000/1000000 (Episodes: 96) smooth r 307.21137252420885
{'extrinsic': 0.006672583054751158, 'intrinsic': 0.0, 'rnd': 0.0, 'avg_r_int': 0.0, 'alpha': 0.25540298223495483, 'alpha_loss': 0.004781404975801706, 'batch_nonzero_r_frac': 1.0, 'target_mean': 77.73885345458984, 'td_target_norm_mean': 0.7599232196807861, 'Beta': 0.0, 'Q_ext_mean': 0.054631557315588, 'Q_int_mean': 0.0, 'last_eps': 0.29988000000000004, 'entropy': tensor(0.8976)}
{'extrinsic': 0.016629109159111977, 'intrinsic': 0.0, 'rnd': 0.0, 'avg_r_int': 0.0, 'alpha': 0.2353077530860901, 'alpha_loss': 0.013996404595673084, 'batch_nonzero_r_frac': 1.0, 'target_mean': 80.93621826171875, 'td_target_norm_mean': 0.8876262307167053, 'Beta': 0.0, 'Q_ext_mean': 0.025066321715712547, 'Q_int_mean': 0.0, 'last_eps': 0.29188000000000003, 'entropy': tensor(0.9384)}
{'extrinsic': 0.04417892172932625, 'intrinsic': 0.0, 'rnd': 0.0, 'avg_r_int': 0.0, 'alpha': 0.21526479721069336, 'alpha_loss': 0.00979876983910799, 'batch_nonzero_r_frac': 1.0, 'target_mean': 82.3502426147461, 'td_target_norm_mean': 0.8026994466781616, 'Beta': 0.0, 'Q_ext_mean': -0.019084598869085312, 'Q_int_mean': 0.0, 'last_eps': 0.28388, 'entropy': tensor(0.9244)}
[DQN] Step 110000/1000000 (Episodes: 108) smooth r 239.41725496966797
{'extrinsic': 0.044817984104156494, 'intrinsic': 0.0, 'rnd': 0.0, 'avg_r_int': 0.0, 'alpha': 0.20002779364585876, 'alpha_loss': 0.005651223007589579, 'batch_nonzero_r_frac': 1.0, 'target_mean': 86.8250503540039, 'td_target_norm_mean': 0.8516557216644287, 'Beta': 0.0, 'Q_ext_mean': -0.01686592772603035, 'Q_int_mean': 0.0, 'last_eps': 0.27588, 'entropy': tensor(0.9071)}
{'extrinsic': 0.007481885142624378, 'intrinsic': 0.0, 'rnd': 0.0, 'avg_r_int': 0.0, 'alpha': 0.18666481971740723, 'alpha_loss': -0.001054546795785427, 'batch_nonzero_r_frac': 1.0, 'target_mean': 94.76487731933594, 'td_target_norm_mean': 0.8687957525253296, 'Beta': 0.0, 'Q_ext_mean': 0.12416218221187592, 'Q_int_mean': 0.0, 'last_eps': 0.26788, 'entropy': tensor(0.8732)}
[DQN] Step 120000/1000000 (Episodes: 116) smooth r 299.55461043180816
{'extrinsic': 0.006334913894534111, 'intrinsic': 0.0, 'rnd': 0.0, 'avg_r_int': 0.0, 'alpha': 0.17316800355911255, 'alpha_loss': 0.004682797938585281, 'batch_nonzero_r_frac': 1.0, 'target_mean': 99.57926177978516, 'td_target_norm_mean': 0.945879340171814, 'Beta': 0.0, 'Q_ext_mean': 0.19600823521614075, 'Q_int_mean': 0.0, 'last_eps': 0.25988, 'entropy': tensor(0.9059)}
{'extrinsic': 0.010353920981287956, 'intrinsic': 0.0, 'rnd': 0.0, 'avg_r_int': 0.0, 'alpha': 0.1655026376247406, 'alpha_loss': -0.004122191574424505, 'batch_nonzero_r_frac': 1.0, 'target_mean': 107.38633728027344, 'td_target_norm_mean': 0.9289553761482239, 'Beta': 0.0, 'Q_ext_mean': 0.16334538161754608, 'Q_int_mean': 0.0, 'last_eps': 0.25188, 'entropy': tensor(0.8540)}
{'extrinsic': 0.04869966581463814, 'intrinsic': 0.0, 'rnd': 0.0, 'avg_r_int': 0.0, 'alpha': 0.16215954720973969, 'alpha_loss': -0.0052431500516831875, 'batch_nonzero_r_frac': 1.0, 'target_mean': 118.48922729492188, 'td_target_norm_mean': 0.974126935005188, 'Beta': 0.0, 'Q_ext_mean': 0.26144570112228394, 'Q_int_mean': 0.0, 'last_eps': 0.24387999999999999, 'entropy': tensor(0.8466)}
[DQN] Step 130000/1000000 (Episodes: 128) smooth r 383.37872924299455
{'extrinsic': 0.005428630858659744, 'intrinsic': 0.0, 'rnd': 0.0, 'avg_r_int': 0.0, 'alpha': 0.16110658645629883, 'alpha_loss': -0.0020542386919260025, 'batch_nonzero_r_frac': 1.0, 'target_mean': 121.1342544555664, 'td_target_norm_mean': 0.9961471557617188, 'Beta': 0.0, 'Q_ext_mean': 0.15051643550395966, 'Q_int_mean': 0.0, 'last_eps': 0.23587999999999998, 'entropy': tensor(0.8661)}
{'extrinsic': 0.00727566983550787, 'intrinsic': 0.0, 'rnd': 0.0, 'avg_r_int': 0.0, 'alpha': 0.15795715153217316, 'alpha_loss': -0.001394418883137405, 'batch_nonzero_r_frac': 1.0, 'target_mean': 122.83164978027344, 'td_target_norm_mean': 0.9809452295303345, 'Beta': 0.0, 'Q_ext_mean': 0.06966773420572281, 'Q_int_mean': 0.0, 'last_eps': 0.22788000000000003, 'entropy': tensor(0.8701)}
[DQN] Step 140000/1000000 (Episodes: 136) smooth r 306.9500633660765
{'extrinsic': 0.00828138180077076, 'intrinsic': 0.0, 'rnd': 0.0, 'avg_r_int': 0.0, 'alpha': 0.15770189464092255, 'alpha_loss': -0.004859556443989277, 'batch_nonzero_r_frac': 1.0, 'target_mean': 132.72329711914062, 'td_target_norm_mean': 0.9650484323501587, 'Beta': 0.0, 'Q_ext_mean': 0.20549999177455902, 'Q_int_mean': 0.0, 'last_eps': 0.21988000000000002, 'entropy': tensor(0.8481)}
{'extrinsic': 0.010748839005827904, 'intrinsic': 0.0, 'rnd': 0.0, 'avg_r_int': 0.0, 'alpha': 0.15908975899219513, 'alpha_loss': -0.009409205056726933, 'batch_nonzero_r_frac': 1.0, 'target_mean': 143.3764190673828, 'td_target_norm_mean': 1.0737688541412354, 'Beta': 0.0, 'Q_ext_mean': 0.30048248171806335, 'Q_int_mean': 0.0, 'last_eps': 0.21188, 'entropy': tensor(0.8197)}
{'extrinsic': 0.009283501654863358, 'intrinsic': 0.0, 'rnd': 0.0, 'avg_r_int': 0.0, 'alpha': 0.1565604954957962, 'alpha_loss': 0.005702156573534012, 'batch_nonzero_r_frac': 1.0, 'target_mean': 128.43919372558594, 'td_target_norm_mean': 0.966809868812561, 'Beta': 0.0, 'Q_ext_mean': -0.11441438645124435, 'Q_int_mean': 0.0, 'last_eps': 0.20388, 'entropy': tensor(0.9153)}
[DQN] Step 150000/1000000 (Episodes: 148) smooth r 417.2583793858591
{'extrinsic': 0.007162576541304588, 'intrinsic': 0.0, 'rnd': 0.0, 'avg_r_int': 0.0, 'alpha': 0.15285435318946838, 'alpha_loss': -0.0008611553348600864, 'batch_nonzero_r_frac': 1.0, 'target_mean': 138.82522583007812, 'td_target_norm_mean': 0.982666015625, 'Beta': 0.0, 'Q_ext_mean': 0.020479783415794373, 'Q_int_mean': 0.0, 'last_eps': 0.19588, 'entropy': tensor(0.8733)}
{'extrinsic': 0.0060683200135827065, 'intrinsic': 0.0, 'rnd': 0.0, 'avg_r_int': 0.0, 'alpha': 0.15082763135433197, 'alpha_loss': 0.006189035251736641, 'batch_nonzero_r_frac': 1.0, 'target_mean': 143.01507568359375, 'td_target_norm_mean': 1.037491798400879, 'Beta': 0.0, 'Q_ext_mean': 0.01635432429611683, 'Q_int_mean': 0.0, 'last_eps': 0.18788, 'entropy': tensor(0.9199)}
[DQN] Step 160000/1000000 (Episodes: 156) smooth r 387.30670184883496
{'extrinsic': 0.007591152563691139, 'intrinsic': 0.0, 'rnd': 0.0, 'avg_r_int': 0.0, 'alpha': 0.14608028531074524, 'alpha_loss': -0.0018153436249122024, 'batch_nonzero_r_frac': 1.0, 'target_mean': 141.07374572753906, 'td_target_norm_mean': 1.0229452848434448, 'Beta': 0.0, 'Q_ext_mean': -0.1057346761226654, 'Q_int_mean': 0.0, 'last_eps': 0.17987999999999998, 'entropy': tensor(0.8665)}
{'extrinsic': 0.008094309829175472, 'intrinsic': 0.0, 'rnd': 0.0, 'avg_r_int': 0.0, 'alpha': 0.14028489589691162, 'alpha_loss': -0.0003354260406922549, 'batch_nonzero_r_frac': 1.0, 'target_mean': 148.18878173828125, 'td_target_norm_mean': 1.0171973705291748, 'Beta': 0.0, 'Q_ext_mean': -0.03129817545413971, 'Q_int_mean': 0.0, 'last_eps': 0.17187999999999998, 'entropy': tensor(0.8765)}
{'extrinsic': 0.007015367969870567, 'intrinsic': 0.0, 'rnd': 0.0, 'avg_r_int': 0.0, 'alpha': 0.1344878226518631, 'alpha_loss': -0.0012520222226157784, 'batch_nonzero_r_frac': 1.0, 'target_mean': 154.03094482421875, 'td_target_norm_mean': 0.9688419103622437, 'Beta': 0.0, 'Q_ext_mean': 0.09536304324865341, 'Q_int_mean': 0.0, 'last_eps': 0.16388000000000003, 'entropy': tensor(0.8696)}
[DQN] Step 170000/1000000 (Episodes: 168) smooth r 425.30284278796114
{'extrinsic': 0.004360050428658724, 'intrinsic': 0.0, 'rnd': 0.0, 'avg_r_int': 0.0, 'alpha': 0.12911757826805115, 'alpha_loss': 0.008503725752234459, 'batch_nonzero_r_frac': 1.0, 'target_mean': 138.19564819335938, 'td_target_norm_mean': 0.9815004467964172, 'Beta': 0.0, 'Q_ext_mean': -0.25377923250198364, 'Q_int_mean': 0.0, 'last_eps': 0.15588000000000002, 'entropy': tensor(0.9447)}
{'extrinsic': 0.0057921945117414, 'intrinsic': 0.0, 'rnd': 0.0, 'avg_r_int': 0.0, 'alpha': 0.12175896018743515, 'alpha_loss': -0.008805198594927788, 'batch_nonzero_r_frac': 1.0, 'target_mean': 166.6300811767578, 'td_target_norm_mean': 1.0494662523269653, 'Beta': 0.0, 'Q_ext_mean': 0.2527167499065399, 'Q_int_mean': 0.0, 'last_eps': 0.14788, 'entropy': tensor(0.8066)}
[DQN] Step 180000/1000000 (Episodes: 176) smooth r 388.2864990911166
{'extrinsic': 0.006608570925891399, 'intrinsic': 0.0, 'rnd': 0.0, 'avg_r_int': 0.0, 'alpha': 0.11960411071777344, 'alpha_loss': 0.003000112483277917, 'batch_nonzero_r_frac': 1.0, 'target_mean': 145.23912048339844, 'td_target_norm_mean': 0.975550651550293, 'Beta': 0.0, 'Q_ext_mean': -0.23113594949245453, 'Q_int_mean': 0.0, 'last_eps': 0.13988, 'entropy': tensor(0.9040)}
{'extrinsic': 0.008254594169557095, 'intrinsic': 0.0, 'rnd': 0.0, 'avg_r_int': 0.0, 'alpha': 0.11415847390890121, 'alpha_loss': -0.005693335086107254, 'batch_nonzero_r_frac': 1.0, 'target_mean': 165.54641723632812, 'td_target_norm_mean': 1.0148365497589111, 'Beta': 0.0, 'Q_ext_mean': 0.09140505641698837, 'Q_int_mean': 0.0, 'last_eps': 0.13188, 'entropy': tensor(0.8290)}
{'extrinsic': 0.00666681258007884, 'intrinsic': 0.0, 'rnd': 0.0, 'avg_r_int': 0.0, 'alpha': 0.11545436084270477, 'alpha_loss': -0.010211655870079994, 'batch_nonzero_r_frac': 1.0, 'target_mean': 168.55038452148438, 'td_target_norm_mean': 0.9889468550682068, 'Beta': 0.0, 'Q_ext_mean': 0.10533066838979721, 'Q_int_mean': 0.0, 'last_eps': 0.12387999999999999, 'entropy': tensor(0.7904)}
[DQN] Step 190000/1000000 (Episodes: 188) smooth r 541.6038057445481
{'extrinsic': 0.004019592888653278, 'intrinsic': 0.0, 'rnd': 0.0, 'avg_r_int': 0.0, 'alpha': 0.11973129957914352, 'alpha_loss': 0.0009603312937542796, 'batch_nonzero_r_frac': 1.0, 'target_mean': 182.34585571289062, 'td_target_norm_mean': 1.0238665342330933, 'Beta': 0.0, 'Q_ext_mean': 0.19016581773757935, 'Q_int_mean': 0.0, 'last_eps': 0.11587999999999998, 'entropy': tensor(0.8869)}
{'extrinsic': 0.006616928149014711, 'intrinsic': 0.0, 'rnd': 0.0, 'avg_r_int': 0.0, 'alpha': 0.12382455170154572, 'alpha_loss': -0.0012060465523973107, 'batch_nonzero_r_frac': 1.0, 'target_mean': 183.9689483642578, 'td_target_norm_mean': 1.0103979110717773, 'Beta': 0.0, 'Q_ext_mean': 0.13255417346954346, 'Q_int_mean': 0.0, 'last_eps': 0.10787999999999998, 'entropy': tensor(0.8691)}
[DQN] Step 200000/1000000 (Episodes: 196) smooth r 519.9585628064224
{'extrinsic': 0.004276701249182224, 'intrinsic': 0.0, 'rnd': 0.0, 'avg_r_int': 0.0, 'alpha': 0.1257932484149933, 'alpha_loss': -0.0017719235038384795, 'batch_nonzero_r_frac': 1.0, 'target_mean': 184.59422302246094, 'td_target_norm_mean': 0.9849488735198975, 'Beta': 0.0, 'Q_ext_mean': 0.07389716804027557, 'Q_int_mean': 0.0, 'last_eps': 0.09988000000000002, 'entropy': tensor(0.8648)}
{'extrinsic': 0.0038888254202902317, 'intrinsic': 0.0, 'rnd': 0.0, 'avg_r_int': 0.0, 'alpha': 0.12126107513904572, 'alpha_loss': 0.0069496650248765945, 'batch_nonzero_r_frac': 1.0, 'target_mean': 168.05067443847656, 'td_target_norm_mean': 1.0860588550567627, 'Beta': 0.0, 'Q_ext_mean': -0.2018180638551712, 'Q_int_mean': 0.0, 'last_eps': 0.09188000000000002, 'entropy': tensor(0.9362)}
{'extrinsic': 0.04220055043697357, 'intrinsic': 0.0, 'rnd': 0.0, 'avg_r_int': 0.0, 'alpha': 0.11318348348140717, 'alpha_loss': 0.001275081536732614, 'batch_nonzero_r_frac': 1.0, 'target_mean': 170.97000122070312, 'td_target_norm_mean': 0.9968949556350708, 'Beta': 0.0, 'Q_ext_mean': -0.14151127636432648, 'Q_int_mean': 0.0, 'last_eps': 0.08388000000000001, 'entropy': tensor(0.8902)}
[DQN] Step 210000/1000000 (Episodes: 208) smooth r 439.16402375318546
{'extrinsic': 0.0032628565095365047, 'intrinsic': 0.0, 'rnd': 0.0, 'avg_r_int': 0.0, 'alpha': 0.10688994824886322, 'alpha_loss': 0.002714860951527953, 'batch_nonzero_r_frac': 1.0, 'target_mean': 165.82662963867188, 'td_target_norm_mean': 0.9707943201065063, 'Beta': 0.0, 'Q_ext_mean': -0.1604427993297577, 'Q_int_mean': 0.0, 'last_eps': 0.07588, 'entropy': tensor(0.9043)}
{'extrinsic': 0.04268390312790871, 'intrinsic': 0.0, 'rnd': 0.0, 'avg_r_int': 0.0, 'alpha': 0.10246333479881287, 'alpha_loss': -0.0004826291115023196, 'batch_nonzero_r_frac': 1.0, 'target_mean': 180.9886932373047, 'td_target_norm_mean': 0.9705005884170532, 'Beta': 0.0, 'Q_ext_mean': 0.10393407195806503, 'Q_int_mean': 0.0, 'last_eps': 0.06788, 'entropy': tensor(0.8742)}
[DQN] Step 220000/1000000 (Episodes: 216) smooth r 542.8544579982776
{'extrinsic': 0.0049526505172252655, 'intrinsic': 0.0, 'rnd': 0.0, 'avg_r_int': 0.0, 'alpha': 0.10023915022611618, 'alpha_loss': 0.002130302833393216, 'batch_nonzero_r_frac': 1.0, 'target_mean': 182.985595703125, 'td_target_norm_mean': 0.9926204681396484, 'Beta': 0.0, 'Q_ext_mean': 0.05981375277042389, 'Q_int_mean': 0.0, 'last_eps': 0.05987999999999999, 'entropy': tensor(0.9001)}
{'extrinsic': 0.004430707544088364, 'intrinsic': 0.0, 'rnd': 0.0, 'avg_r_int': 0.0, 'alpha': 0.10230067372322083, 'alpha_loss': 0.0015223517548292875, 'batch_nonzero_r_frac': 1.0, 'target_mean': 189.68893432617188, 'td_target_norm_mean': 0.9753788113594055, 'Beta': 0.0, 'Q_ext_mean': 0.07440956681966782, 'Q_int_mean': 0.0, 'last_eps': 0.05187999999999998, 'entropy': tensor(0.8938)}
{'extrinsic': 0.0045378562062978745, 'intrinsic': 0.0, 'rnd': 0.0, 'avg_r_int': 0.0, 'alpha': 0.10530794411897659, 'alpha_loss': 0.000500099326018244, 'batch_nonzero_r_frac': 1.0, 'target_mean': 193.63800048828125, 'td_target_norm_mean': 0.9988486766815186, 'Beta': 0.0, 'Q_ext_mean': 0.0824507623910904, 'Q_int_mean': 0.0, 'last_eps': 0.05, 'entropy': tensor(0.8836)}
[DQN] Step 230000/1000000 (Episodes: 228) smooth r 580.1232245404201
{'extrinsic': 0.005493862554430962, 'intrinsic': 0.0, 'rnd': 0.0, 'avg_r_int': 0.0, 'alpha': 0.10259264707565308, 'alpha_loss': 0.004713675007224083, 'batch_nonzero_r_frac': 1.0, 'target_mean': 175.30197143554688, 'td_target_norm_mean': 1.0082813501358032, 'Beta': 0.0, 'Q_ext_mean': -0.21801069378852844, 'Q_int_mean': 0.0, 'last_eps': 0.05, 'entropy': tensor(0.9248)}
{'extrinsic': 0.002669040346518159, 'intrinsic': 0.0, 'rnd': 0.0, 'avg_r_int': 0.0, 'alpha': 0.09621095657348633, 'alpha_loss': 0.0064028589986264706, 'batch_nonzero_r_frac': 1.0, 'target_mean': 154.757568359375, 'td_target_norm_mean': 1.010341763496399, 'Beta': 0.0, 'Q_ext_mean': -0.4575437307357788, 'Q_int_mean': 0.0, 'last_eps': 0.05, 'entropy': tensor(0.9454)}
[DQN] Step 240000/1000000 (Episodes: 236) smooth r 400.11296263186597
{'extrinsic': 0.003144477028399706, 'intrinsic': 0.0, 'rnd': 0.0, 'avg_r_int': 0.0, 'alpha': 0.09006654471158981, 'alpha_loss': 0.0008052371558733284, 'batch_nonzero_r_frac': 1.0, 'target_mean': 180.7040252685547, 'td_target_norm_mean': 1.0083268880844116, 'Beta': 0.0, 'Q_ext_mean': 0.04388340935111046, 'Q_int_mean': 0.0, 'last_eps': 0.05, 'entropy': tensor(0.8878)}
{'extrinsic': 0.0038099978119134903, 'intrinsic': 0.0, 'rnd': 0.0, 'avg_r_int': 0.0, 'alpha': 0.08420402556657791, 'alpha_loss': -0.0002540831046644598, 'batch_nonzero_r_frac': 1.0, 'target_mean': 182.38613891601562, 'td_target_norm_mean': 0.9846086502075195, 'Beta': 0.0, 'Q_ext_mean': 0.1536962240934372, 'Q_int_mean': 0.0, 'last_eps': 0.05, 'entropy': tensor(0.8759)}
{'extrinsic': 0.0038460446521639824, 'intrinsic': 0.0, 'rnd': 0.0, 'avg_r_int': 0.0, 'alpha': 0.08066628128290176, 'alpha_loss': 0.0004114918119739741, 'batch_nonzero_r_frac': 1.0, 'target_mean': 160.7449951171875, 'td_target_norm_mean': 0.9908807277679443, 'Beta': 0.0, 'Q_ext_mean': -0.15567560493946075, 'Q_int_mean': 0.0, 'last_eps': 0.05, 'entropy': tensor(0.8840)}
[DQN] Step 250000/1000000 (Episodes: 248) smooth r 359.4081472984249
{'extrinsic': 0.004184116143733263, 'intrinsic': 0.0, 'rnd': 0.0, 'avg_r_int': 0.0, 'alpha': 0.07890518754720688, 'alpha_loss': 0.0016312828520312905, 'batch_nonzero_r_frac': 1.0, 'target_mean': 172.98231506347656, 'td_target_norm_mean': 1.0276790857315063, 'Beta': 0.0, 'Q_ext_mean': 0.11833447962999344, 'Q_int_mean': 0.0, 'last_eps': 0.05, 'entropy': tensor(0.8996)}
{'extrinsic': 0.003226516768336296, 'intrinsic': 0.0, 'rnd': 0.0, 'avg_r_int': 0.0, 'alpha': 0.08256909251213074, 'alpha_loss': -0.0014000858645886183, 'batch_nonzero_r_frac': 1.0, 'target_mean': 173.391357421875, 'td_target_norm_mean': 0.9762055277824402, 'Beta': 0.0, 'Q_ext_mean': 0.041016142815351486, 'Q_int_mean': 0.0, 'last_eps': 0.05, 'entropy': tensor(0.8619)}
[DQN] Step 260000/1000000 (Episodes: 256) smooth r 375.4877877710326
{'extrinsic': 0.003718373365700245, 'intrinsic': 0.0, 'rnd': 0.0, 'avg_r_int': 0.0, 'alpha': 0.082550548017025, 'alpha_loss': 0.0022055876906961203, 'batch_nonzero_r_frac': 1.0, 'target_mean': 165.04446411132812, 'td_target_norm_mean': 0.9668068885803223, 'Beta': 0.0, 'Q_ext_mean': -0.12495270371437073, 'Q_int_mean': 0.0, 'last_eps': 0.05, 'entropy': tensor(0.9056)}
{'extrinsic': 0.003623234573751688, 'intrinsic': 0.0, 'rnd': 0.0, 'avg_r_int': 0.0, 'alpha': 0.0820525735616684, 'alpha_loss': -3.981079771619989e-06, 'batch_nonzero_r_frac': 1.0, 'target_mean': 169.80694580078125, 'td_target_norm_mean': 0.9393170475959778, 'Beta': 0.0, 'Q_ext_mean': -0.0863504633307457, 'Q_int_mean': 0.0, 'last_eps': 0.05, 'entropy': tensor(0.8788)}
{'extrinsic': 0.0036965312901884317, 'intrinsic': 0.0, 'rnd': 0.0, 'avg_r_int': 0.0, 'alpha': 0.0791059210896492, 'alpha_loss': 0.0009577654418535531, 'batch_nonzero_r_frac': 1.0, 'target_mean': 168.77606201171875, 'td_target_norm_mean': 0.9574397802352905, 'Beta': 0.0, 'Q_ext_mean': -0.10461989790201187, 'Q_int_mean': 0.0, 'last_eps': 0.05, 'entropy': tensor(0.8910)}
[DQN] Step 270000/1000000 (Episodes: 268) smooth r 313.3328621080053
{'extrinsic': 0.0026413986925035715, 'intrinsic': 0.0, 'rnd': 0.0, 'avg_r_int': 0.0, 'alpha': 0.07589796930551529, 'alpha_loss': 0.0012262047966942191, 'batch_nonzero_r_frac': 1.0, 'target_mean': 170.33108520507812, 'td_target_norm_mean': 0.9923158884048462, 'Beta': 0.0, 'Q_ext_mean': -0.06255577504634857, 'Q_int_mean': 0.0, 'last_eps': 0.05, 'entropy': tensor(0.8950)}
{'extrinsic': 0.001838637050241232, 'intrinsic': 0.0, 'rnd': 0.0, 'avg_r_int': 0.0, 'alpha': 0.07241440564393997, 'alpha_loss': 0.002840404398739338, 'batch_nonzero_r_frac': 1.0, 'target_mean': 147.28628540039062, 'td_target_norm_mean': 0.9465217590332031, 'Beta': 0.0, 'Q_ext_mean': -0.32308563590049744, 'Q_int_mean': 0.0, 'last_eps': 0.05, 'entropy': tensor(0.9181)}
[DQN] Step 280000/1000000 (Episodes: 276) smooth r 222.64598037946774
{'extrinsic': 0.0034458437003195286, 'intrinsic': 0.0, 'rnd': 0.0, 'avg_r_int': 0.0, 'alpha': 0.07071109861135483, 'alpha_loss': -0.00019112916197627783, 'batch_nonzero_r_frac': 1.0, 'target_mean': 170.69691467285156, 'td_target_norm_mean': 0.9767296314239502, 'Beta': 0.0, 'Q_ext_mean': 0.05979438126087189, 'Q_int_mean': 0.0, 'last_eps': 0.05, 'entropy': tensor(0.8762)}
{'extrinsic': 0.049874197691679, 'intrinsic': 0.0, 'rnd': 0.0, 'avg_r_int': 0.0, 'alpha': 0.07150185108184814, 'alpha_loss': 0.0016038265312090516, 'batch_nonzero_r_frac': 1.0, 'target_mean': 171.73056030273438, 'td_target_norm_mean': 1.0033382177352905, 'Beta': 0.0, 'Q_ext_mean': -0.04239851236343384, 'Q_int_mean': 0.0, 'last_eps': 0.05, 'entropy': tensor(0.9013)}
{'extrinsic': 0.0034656496718525887, 'intrinsic': 0.0, 'rnd': 0.0, 'avg_r_int': 0.0, 'alpha': 0.07296525686979294, 'alpha_loss': 0.0032301887404173613, 'batch_nonzero_r_frac': 1.0, 'target_mean': 162.11801147460938, 'td_target_norm_mean': 1.013020634651184, 'Beta': 0.0, 'Q_ext_mean': -0.13328777253627777, 'Q_int_mean': 0.0, 'last_eps': 0.05, 'entropy': tensor(0.9232)}
[DQN] Step 290000/1000000 (Episodes: 288) smooth r 329.09909216763447
{'extrinsic': 0.0030485959723591805, 'intrinsic': 0.0, 'rnd': 0.0, 'avg_r_int': 0.0, 'alpha': 0.07421036064624786, 'alpha_loss': -0.0011970932828262448, 'batch_nonzero_r_frac': 1.0, 'target_mean': 170.6892547607422, 'td_target_norm_mean': 1.0113435983657837, 'Beta': 0.0, 'Q_ext_mean': -0.027543507516384125, 'Q_int_mean': 0.0, 'last_eps': 0.05, 'entropy': tensor(0.8628)}
{'extrinsic': 0.0050416612066328526, 'intrinsic': 0.0, 'rnd': 0.0, 'avg_r_int': 0.0, 'alpha': 0.07616591453552246, 'alpha_loss': -0.00251141213811934, 'batch_nonzero_r_frac': 1.0, 'target_mean': 178.14939880371094, 'td_target_norm_mean': 0.9801636338233948, 'Beta': 0.0, 'Q_ext_mean': 0.055552296340465546, 'Q_int_mean': 0.0, 'last_eps': 0.05, 'entropy': tensor(0.8459)}
[DQN] Step 300000/1000000 (Episodes: 296) smooth r 281.34049975981173
{'extrinsic': 0.00383702851831913, 'intrinsic': 0.0, 'rnd': 0.0, 'avg_r_int': 0.0, 'alpha': 0.07595636695623398, 'alpha_loss': -0.0031375607941299677, 'batch_nonzero_r_frac': 1.0, 'target_mean': 176.77313232421875, 'td_target_norm_mean': 0.9636040925979614, 'Beta': 0.0, 'Q_ext_mean': 0.06984970718622208, 'Q_int_mean': 0.0, 'last_eps': 0.05, 'entropy': tensor(0.8376)}
{'extrinsic': 0.0025453628040850163, 'intrinsic': 0.0, 'rnd': 0.0, 'avg_r_int': 0.0, 'alpha': 0.07430282980203629, 'alpha_loss': -0.00034978764597326517, 'batch_nonzero_r_frac': 1.0, 'target_mean': 151.16909790039062, 'td_target_norm_mean': 0.9442417621612549, 'Beta': 0.0, 'Q_ext_mean': -0.2688237726688385, 'Q_int_mean': 0.0, 'last_eps': 0.05, 'entropy': tensor(0.8742)}
{'extrinsic': 0.005149093922227621, 'intrinsic': 0.0, 'rnd': 0.0, 'avg_r_int': 0.0, 'alpha': 0.07299527525901794, 'alpha_loss': 0.001011025276966393, 'batch_nonzero_r_frac': 1.0, 'target_mean': 174.08616638183594, 'td_target_norm_mean': 0.947076141834259, 'Beta': 0.0, 'Q_ext_mean': 0.0708446130156517, 'Q_int_mean': 0.0, 'last_eps': 0.05, 'entropy': tensor(0.8927)}
[DQN] Step 310000/1000000 (Episodes: 308) smooth r 357.36670494070063
{'extrinsic': 0.0035086320713162422, 'intrinsic': 0.0, 'rnd': 0.0, 'avg_r_int': 0.0, 'alpha': 0.07068315148353577, 'alpha_loss': 0.004380615893751383, 'batch_nonzero_r_frac': 1.0, 'target_mean': 158.83135986328125, 'td_target_norm_mean': 0.941494345664978, 'Beta': 0.0, 'Q_ext_mean': -0.121131032705307, 'Q_int_mean': 0.0, 'last_eps': 0.05, 'entropy': tensor(0.9409)}
{'extrinsic': 0.0038435133174061775, 'intrinsic': 0.0, 'rnd': 0.0, 'avg_r_int': 0.0, 'alpha': 0.06987860798835754, 'alpha_loss': -0.001159823383204639, 'batch_nonzero_r_frac': 1.0, 'target_mean': 154.70205688476562, 'td_target_norm_mean': 0.9489364624023438, 'Beta': 0.0, 'Q_ext_mean': -0.16049344837665558, 'Q_int_mean': 0.0, 'last_eps': 0.05, 'entropy': tensor(0.8623)}
[DQN] Step 320000/1000000 (Episodes: 316) smooth r 201.70691994317153
{'extrinsic': 0.002584957517683506, 'intrinsic': 0.0, 'rnd': 0.0, 'avg_r_int': 0.0, 'alpha': 0.06839689612388611, 'alpha_loss': 0.0034287231974303722, 'batch_nonzero_r_frac': 1.0, 'target_mean': 159.10638427734375, 'td_target_norm_mean': 0.9817258715629578, 'Beta': 0.0, 'Q_ext_mean': -0.015547709539532661, 'Q_int_mean': 0.0, 'last_eps': 0.05, 'entropy': tensor(0.9290)}
{'extrinsic': 0.002456258051097393, 'intrinsic': 0.0, 'rnd': 0.0, 'avg_r_int': 0.0, 'alpha': 0.06423735618591309, 'alpha_loss': 0.003036331385374069, 'batch_nonzero_r_frac': 1.0, 'target_mean': 141.8795928955078, 'td_target_norm_mean': 0.9257635474205017, 'Beta': 0.0, 'Q_ext_mean': -0.1499265879392624, 'Q_int_mean': 0.0, 'last_eps': 0.05, 'entropy': tensor(0.9262)}
{'extrinsic': 0.004114053677767515, 'intrinsic': 0.0, 'rnd': 0.0, 'avg_r_int': 0.0, 'alpha': 0.06051947921514511, 'alpha_loss': 0.002431390807032585, 'batch_nonzero_r_frac': 1.0, 'target_mean': 129.1024627685547, 'td_target_norm_mean': 0.7961056232452393, 'Beta': 0.0, 'Q_ext_mean': -0.17153675854206085, 'Q_int_mean': 0.0, 'last_eps': 0.05, 'entropy': tensor(0.9191)}
[DQN] Step 330000/1000000 (Episodes: 328) smooth r 81.60348177176488
{'extrinsic': 0.003805383574217558, 'intrinsic': 0.0, 'rnd': 0.0, 'avg_r_int': 0.0, 'alpha': 0.057484619319438934, 'alpha_loss': -0.00388695253059268, 'batch_nonzero_r_frac': 1.0, 'target_mean': 136.5900421142578, 'td_target_norm_mean': 0.9151851534843445, 'Beta': 0.0, 'Q_ext_mean': -0.004762974102050066, 'Q_int_mean': 0.0, 'last_eps': 0.05, 'entropy': tensor(0.8113)}
{'extrinsic': 0.005581545177847147, 'intrinsic': 0.0, 'rnd': 0.0, 'avg_r_int': 0.0, 'alpha': 0.05733524635434151, 'alpha_loss': -0.0012668408453464508, 'batch_nonzero_r_frac': 1.0, 'target_mean': 136.68287658691406, 'td_target_norm_mean': 0.8531911969184875, 'Beta': 0.0, 'Q_ext_mean': 0.028290994465351105, 'Q_int_mean': 0.0, 'last_eps': 0.05, 'entropy': tensor(0.8568)}
[DQN] Step 340000/1000000 (Episodes: 336) smooth r 86.17141514960494
{'extrinsic': 0.005563884042203426, 'intrinsic': 0.0, 'rnd': 0.0, 'avg_r_int': 0.0, 'alpha': 0.05882209911942482, 'alpha_loss': -0.004079054109752178, 'batch_nonzero_r_frac': 1.0, 'target_mean': 145.42129516601562, 'td_target_norm_mean': 0.906699001789093, 'Beta': 0.0, 'Q_ext_mean': 0.10004034638404846, 'Q_int_mean': 0.0, 'last_eps': 0.05, 'entropy': tensor(0.8095)}
{'extrinsic': 0.004761529620736837, 'intrinsic': 0.0, 'rnd': 0.0, 'avg_r_int': 0.0, 'alpha': 0.061201248317956924, 'alpha_loss': -0.0014200340956449509, 'batch_nonzero_r_frac': 1.0, 'target_mean': 147.39926147460938, 'td_target_norm_mean': 0.9323117136955261, 'Beta': 0.0, 'Q_ext_mean': 0.06267543882131577, 'Q_int_mean': 0.0, 'last_eps': 0.05, 'entropy': tensor(0.8557)}
{'extrinsic': 0.003489066381007433, 'intrinsic': 0.0, 'rnd': 0.0, 'avg_r_int': 0.0, 'alpha': 0.06211785599589348, 'alpha_loss': -0.0036568231880664825, 'batch_nonzero_r_frac': 1.0, 'target_mean': 156.63787841796875, 'td_target_norm_mean': 0.962543249130249, 'Beta': 0.0, 'Q_ext_mean': 0.15647873282432556, 'Q_int_mean': 0.0, 'last_eps': 0.05, 'entropy': tensor(0.8200)}
[DQN] Step 350000/1000000 (Episodes: 348) smooth r 133.79740084873433
{'extrinsic': 0.0037328628823161125, 'intrinsic': 0.0, 'rnd': 0.0, 'avg_r_int': 0.0, 'alpha': 0.05998632311820984, 'alpha_loss': -0.001273581525310874, 'batch_nonzero_r_frac': 1.0, 'target_mean': 152.14749145507812, 'td_target_norm_mean': 0.9579557180404663, 'Beta': 0.0, 'Q_ext_mean': 0.06850364804267883, 'Q_int_mean': 0.0, 'last_eps': 0.05, 'entropy': tensor(0.8577)}
{'extrinsic': 0.0029482501558959484, 'intrinsic': 0.0, 'rnd': 0.0, 'avg_r_int': 0.0, 'alpha': 0.058809928596019745, 'alpha_loss': -0.0017585419118404388, 'batch_nonzero_r_frac': 1.0, 'target_mean': 149.9428253173828, 'td_target_norm_mean': 0.982038676738739, 'Beta': 0.0, 'Q_ext_mean': 0.07147790491580963, 'Q_int_mean': 0.0, 'last_eps': 0.05, 'entropy': tensor(0.8490)}
[DQN] Step 360000/1000000 (Episodes: 356) smooth r 124.40481728718662
{'extrinsic': 0.0037653231993317604, 'intrinsic': 0.0, 'rnd': 0.0, 'avg_r_int': 0.0, 'alpha': 0.05980691686272621, 'alpha_loss': 0.0005561041762121022, 'batch_nonzero_r_frac': 1.0, 'target_mean': 147.12637329101562, 'td_target_norm_mean': 0.962055504322052, 'Beta': 0.0, 'Q_ext_mean': 0.014345768839120865, 'Q_int_mean': 0.0, 'last_eps': 0.05, 'entropy': tensor(0.8882)}
{'extrinsic': 0.0038423053920269012, 'intrinsic': 0.0, 'rnd': 0.0, 'avg_r_int': 0.0, 'alpha': 0.059172287583351135, 'alpha_loss': 0.0004829679674003273, 'batch_nonzero_r_frac': 1.0, 'target_mean': 154.28781127929688, 'td_target_norm_mean': 1.0106985569000244, 'Beta': 0.0, 'Q_ext_mean': 0.14263223111629486, 'Q_int_mean': 0.0, 'last_eps': 0.05, 'entropy': tensor(0.8871)}
{'extrinsic': 0.004639755468815565, 'intrinsic': 0.0, 'rnd': 0.0, 'avg_r_int': 0.0, 'alpha': 0.0588805116713047, 'alpha_loss': -0.004397806711494923, 'batch_nonzero_r_frac': 1.0, 'target_mean': 159.5330047607422, 'td_target_norm_mean': 0.9929956197738647, 'Beta': 0.0, 'Q_ext_mean': 0.16623654961585999, 'Q_int_mean': 0.0, 'last_eps': 0.05, 'entropy': tensor(0.8042)}
[DQN] Step 370000/1000000 (Episodes: 368) smooth r 279.4064156187567
{'extrinsic': 0.0032675147522240877, 'intrinsic': 0.0, 'rnd': 0.0, 'avg_r_int': 0.0, 'alpha': 0.06310123205184937, 'alpha_loss': -0.004228346981108189, 'batch_nonzero_r_frac': 1.0, 'target_mean': 170.79298400878906, 'td_target_norm_mean': 1.0442322492599487, 'Beta': 0.0, 'Q_ext_mean': 0.2518748342990875, 'Q_int_mean': 0.0, 'last_eps': 0.05, 'entropy': tensor(0.8119)}
{'extrinsic': 0.006183517165482044, 'intrinsic': 0.0, 'rnd': 0.0, 'avg_r_int': 0.0, 'alpha': 0.0675327405333519, 'alpha_loss': -0.005866840947419405, 'batch_nonzero_r_frac': 1.0, 'target_mean': 173.4010009765625, 'td_target_norm_mean': 0.9635543823242188, 'Beta': 0.0, 'Q_ext_mean': 0.12147499620914459, 'Q_int_mean': 0.0, 'last_eps': 0.05, 'entropy': tensor(0.7920)}
[DQN] Step 380000/1000000 (Episodes: 376) smooth r 425.1737461991464
{'extrinsic': 0.0029554665088653564, 'intrinsic': 0.0, 'rnd': 0.0, 'avg_r_int': 0.0, 'alpha': 0.07035048305988312, 'alpha_loss': -0.0023794963490217924, 'batch_nonzero_r_frac': 1.0, 'target_mean': 169.100830078125, 'td_target_norm_mean': 0.9875507354736328, 'Beta': 0.0, 'Q_ext_mean': 0.0277563389390707, 'Q_int_mean': 0.0, 'last_eps': 0.05, 'entropy': tensor(0.8451)}
{'extrinsic': 0.005443412810564041, 'intrinsic': 0.0, 'rnd': 0.0, 'avg_r_int': 0.0, 'alpha': 0.07280002534389496, 'alpha_loss': -0.003513097297400236, 'batch_nonzero_r_frac': 1.0, 'target_mean': 190.26470947265625, 'td_target_norm_mean': 0.9916837215423584, 'Beta': 0.0, 'Q_ext_mean': 0.2826956808567047, 'Q_int_mean': 0.0, 'last_eps': 0.05, 'entropy': tensor(0.8306)}
{'extrinsic': 0.004804107826203108, 'intrinsic': 0.0, 'rnd': 0.0, 'avg_r_int': 0.0, 'alpha': 0.07333467900753021, 'alpha_loss': -0.0013167801080271602, 'batch_nonzero_r_frac': 1.0, 'target_mean': 169.2499237060547, 'td_target_norm_mean': 0.9859768152236938, 'Beta': 0.0, 'Q_ext_mean': 0.0093016866594553, 'Q_int_mean': 0.0, 'last_eps': 0.05, 'entropy': tensor(0.8609)}
[DQN] Step 390000/1000000 (Episodes: 388) smooth r 354.7930364491413
{'extrinsic': 0.0032266168855130672, 'intrinsic': 0.0, 'rnd': 0.0, 'avg_r_int': 0.0, 'alpha': 0.07213150709867477, 'alpha_loss': 0.0016182662220671773, 'batch_nonzero_r_frac': 1.0, 'target_mean': 158.98849487304688, 'td_target_norm_mean': 0.952686071395874, 'Beta': 0.0, 'Q_ext_mean': -0.06046857312321663, 'Q_int_mean': 0.0, 'last_eps': 0.05, 'entropy': tensor(0.9013)}
{'extrinsic': 0.00400860421359539, 'intrinsic': 0.0, 'rnd': 0.0, 'avg_r_int': 0.0, 'alpha': 0.07154756784439087, 'alpha_loss': 0.0005966529133729637, 'batch_nonzero_r_frac': 1.0, 'target_mean': 167.97467041015625, 'td_target_norm_mean': 1.0193933248519897, 'Beta': 0.0, 'Q_ext_mean': 0.08530321717262268, 'Q_int_mean': 0.0, 'last_eps': 0.05, 'entropy': tensor(0.8872)}
[DQN] Step 400000/1000000 (Episodes: 396) smooth r 427.5772023813609
{'extrinsic': 0.0034446532372385263, 'intrinsic': 0.0, 'rnd': 0.0, 'avg_r_int': 0.0, 'alpha': 0.06854848563671112, 'alpha_loss': 7.786060450598598e-05, 'batch_nonzero_r_frac': 1.0, 'target_mean': 168.2845458984375, 'td_target_norm_mean': 1.0388799905776978, 'Beta': 0.0, 'Q_ext_mean': 0.09204896539449692, 'Q_int_mean': 0.0, 'last_eps': 0.05, 'entropy': tensor(0.8800)}
{'extrinsic': 0.00478996941819787, 'intrinsic': 0.0, 'rnd': 0.0, 'avg_r_int': 0.0, 'alpha': 0.06923624128103256, 'alpha_loss': 0.0020927125588059425, 'batch_nonzero_r_frac': 1.0, 'target_mean': 155.30130004882812, 'td_target_norm_mean': 0.9621788263320923, 'Beta': 0.0, 'Q_ext_mean': -0.09458671510219574, 'Q_int_mean': 0.0, 'last_eps': 0.05, 'entropy': tensor(0.9091)}
{'extrinsic': 0.0036184382624924183, 'intrinsic': 0.0, 'rnd': 0.0, 'avg_r_int': 0.0, 'alpha': 0.07185778021812439, 'alpha_loss': -0.0025563384406268597, 'batch_nonzero_r_frac': 1.0, 'target_mean': 175.1959991455078, 'td_target_norm_mean': 0.9657654166221619, 'Beta': 0.0, 'Q_ext_mean': 0.09102075546979904, 'Q_int_mean': 0.0, 'last_eps': 0.05, 'entropy': tensor(0.8433)}
[DQN] Step 410000/1000000 (Episodes: 408) smooth r 538.0066342332461
{'extrinsic': 0.04549950361251831, 'intrinsic': 0.0, 'rnd': 0.0, 'avg_r_int': 0.0, 'alpha': 0.07592077553272247, 'alpha_loss': 0.001900196890346706, 'batch_nonzero_r_frac': 1.0, 'target_mean': 167.613525390625, 'td_target_norm_mean': 0.9846763014793396, 'Beta': 0.0, 'Q_ext_mean': -0.16455863416194916, 'Q_int_mean': 0.0, 'last_eps': 0.05, 'entropy': tensor(0.9039)}
{'extrinsic': 0.036738671362400055, 'intrinsic': 0.0, 'rnd': 0.0, 'avg_r_int': 0.0, 'alpha': 0.08098101615905762, 'alpha_loss': -0.0018210695125162601, 'batch_nonzero_r_frac': 1.0, 'target_mean': 183.21766662597656, 'td_target_norm_mean': 0.9724332094192505, 'Beta': 0.0, 'Q_ext_mean': -0.009532731957733631, 'Q_int_mean': 0.0, 'last_eps': 0.05, 'entropy': tensor(0.8564)}
